#
# There is insufficient memory for the Java Runtime Environment to continue.
# Native memory allocation (malloc) failed to allocate 1349136 bytes. Error detail: Chunk::new
# Possible reasons:
#   The system is out of physical RAM or swap space
#   This process is running with CompressedOops enabled, and the Java Heap may be blocking the growth of the native heap
# Possible solutions:
#   Reduce memory load on the system
#   Increase physical memory or swap space
#   Check if swap backing store is full
#   Decrease Java heap size (-Xmx/-Xms)
#   Decrease number of Java threads
#   Decrease Java thread stack sizes (-Xss)
#   Set larger code cache with -XX:ReservedCodeCacheSize=
#   JVM is running with Unscaled Compressed Oops mode in which the Java heap is
#     placed in the first 4GB address space. The Java Heap base address is the
#     maximum limit for the native heap growth. Please use -XX:HeapBaseMinAddress
#     to set the Java Heap base and to place the Java Heap above 4GB virtual address.
# This output file may be truncated or incomplete.
#
#  Out of Memory Error (arena.cpp:191), pid=17872, tid=23540
#
# JRE version: OpenJDK Runtime Environment Corretto-17.0.14.7.1 (17.0.14+7) (build 17.0.14+7-LTS)
# Java VM: OpenJDK 64-Bit Server VM Corretto-17.0.14.7.1 (17.0.14+7-LTS, mixed mode, sharing, tiered, compressed oops, compressed class ptrs, g1 gc, windows-amd64)
# No core dump will be written. Minidumps are not enabled by default on client versions of Windows
#

---------------  S U M M A R Y ------------

Command Line: -XX:MaxMetaspaceSize=512m --add-opens=java.base/java.util=ALL-UNNAMED --add-opens=java.base/java.lang=ALL-UNNAMED --add-opens=java.base/java.lang.invoke=ALL-UNNAMED --add-opens=java.prefs/java.util.prefs=ALL-UNNAMED --add-opens=java.base/java.nio.charset=ALL-UNNAMED --add-opens=java.base/java.net=ALL-UNNAMED --add-opens=java.base/java.util.concurrent.atomic=ALL-UNNAMED -Xmx2048m -Dfile.encoding=windows-1252 -Duser.country=ID -Duser.language=en -Duser.variant -javaagent:C:\Users\LENOVO\.gradle\wrapper\dists\gradle-8.3-all\6en3ugtfdg5xnpx44z4qbwgas\gradle-8.3\lib\agents\gradle-instrumentation-agent-8.3.jar org.gradle.launcher.daemon.bootstrap.GradleDaemon 8.3

Host: Intel(R) Core(TM) Ultra 7 155H, 22 cores, 15G,  Windows 11 , 64 bit Build 26100 (10.0.26100.3775)
Time: Thu Apr 17 19:59:36 2025 Malay Peninsula Standard Time elapsed time: 24.195824 seconds (0d 0h 0m 24s)

---------------  T H R E A D  ---------------

Current thread (0x000002332a1c8530):  JavaThread "C2 CompilerThread0" daemon [_thread_in_native, id=23540, stack(0x000000ccd2f00000,0x000000ccd3000000)]


Current CompileTask:
C2:  24196 9954       4       java.beans.MethodRef::set (58 bytes)

Stack: [0x000000ccd2f00000,0x000000ccd3000000]
Native frames: (J=compiled Java code, j=interpreted, Vv=VM code, C=native code)
V  [jvm.dll+0x681069]
V  [jvm.dll+0x838cca]
V  [jvm.dll+0x83a78e]
V  [jvm.dll+0x83adf3]
V  [jvm.dll+0x24826f]
V  [jvm.dll+0xac9f4]
V  [jvm.dll+0xad03c]
V  [jvm.dll+0x2af8ef]
V  [jvm.dll+0x5874f7]
V  [jvm.dll+0x2230d2]
V  [jvm.dll+0x21c27f]
V  [jvm.dll+0x219ae1]
V  [jvm.dll+0x1a599d]
V  [jvm.dll+0x22994d]
V  [jvm.dll+0x227adc]
V  [jvm.dll+0x7edb77]
V  [jvm.dll+0x7e7f6c]
V  [jvm.dll+0x67ff37]
C  [ucrtbase.dll+0x37b0]
C  [KERNEL32.DLL+0x2e8d7]
C  [ntdll.dll+0xb14fc]


---------------  P R O C E S S  ---------------

Threads class SMR info:
_java_thread_list=0x000002334b622100, length=166, elements={
0x000002330ae0a200, 0x000002332a1abb40, 0x000002332a1ac610, 0x000002332a1c0e90,
0x000002332a1c4780, 0x000002332a1c5050, 0x000002332a1c7930, 0x000002332a1c8530,
0x000002332a1d8e50, 0x000002332a5a9f70, 0x000002332a590d30, 0x000002332a6d20f0,
0x000002332a6da630, 0x000002332a76e580, 0x000002334b50f1a0, 0x000002334b8e5f20,
0x000002334ca07a30, 0x000002334c11b3e0, 0x000002334b7c90b0, 0x000002334b6c3e10,
0x000002334b6c29d0, 0x000002334b6c33f0, 0x000002334b6c2ee0, 0x000002334b6c3900,
0x000002334b9f2180, 0x000002334b9f1760, 0x000002334b9f35c0, 0x000002334b9f30b0,
0x000002334b9f2ba0, 0x000002334b9f1250, 0x000002334b9f1c70, 0x000002334b9f2690,
0x000002334b9f0d40, 0x000002334b9f5e40, 0x000002334b9f3fe0, 0x000002334b9f7280,
0x000002334b9f5420, 0x000002334b9f6860, 0x000002334b9f6d70, 0x000002334b9f7790,
0x000002334b9f5930, 0x000002334b9f7ca0, 0x000002334b9f81b0, 0x000002334b9f4a00,
0x000002334b9f86c0, 0x000002334b9f4f10, 0x000002334ab28070, 0x000002334ab2ae00,
0x000002334ab299c0, 0x000002334ab2b820, 0x000002334ab2bd30, 0x000002334ab29ed0,
0x000002334ab28580, 0x000002334ab2a3e0, 0x000002334ab2b310, 0x000002334ab2c240,
0x000002334ab28a90, 0x000002334ab2a8f0, 0x000002334ab2c750, 0x000002334ab28fa0,
0x000002334ab2cc60, 0x000002334ab2e5b0, 0x000002334ab2f4e0, 0x000002334ab2eac0,
0x000002334ab2efd0, 0x000002334ab2d170, 0x000002334ab2d680, 0x000002334ab2db90,
0x000002334ab2f9f0, 0x000002334ab2e0a0, 0x000002334dbd2540, 0x000002334dbd1100,
0x000002334dbd2a50, 0x000002334dbd3e90, 0x000002334dbd2f60, 0x000002334dbd3470,
0x000002334dbd3980, 0x000002334dbd06e0, 0x000002334dbd1610, 0x000002334dbd0bf0,
0x000002334dbd43a0, 0x000002334dbd48b0, 0x000002334dbd4dc0, 0x000002334dbd52d0,
0x000002334dbd2030, 0x000002334dbd6200, 0x000002334dbd6710, 0x000002334dbd8060,
0x000002334dbd6c20, 0x000002334dbd7640, 0x000002334dbd7b50, 0x000002334dbd7130,
0x000002334e5088a0, 0x000002334e507e80, 0x000002334e508db0, 0x000002334e5092c0,
0x000002334e50b120, 0x000002334e50a1f0, 0x000002334e50ac10, 0x000002334e5097d0,
0x000002334e508390, 0x000002334e509ce0, 0x000002334e507970, 0x000002334e50bb40,
0x000002334e50c560, 0x000002334e50c050, 0x000002334e50ca70, 0x000002334e50cf80,
0x000002334e50d9a0, 0x000002334e50d490, 0x000002334e50deb0, 0x000002334e50a700,
0x000002334e50e3c0, 0x000002334e50e8d0, 0x000002334e50ede0, 0x000002334e50b630,
0x000002334e50f2f0, 0x000002334e9b3da0, 0x000002334e9b1f40, 0x000002334e9b2960,
0x000002334e9b3890, 0x000002334e9b42b0, 0x000002334e9b3380, 0x000002334e9b2450,
0x000002334e9b2e70, 0x000002334e9b47c0, 0x000002334e9b4cd0, 0x000002334e9b51e0,
0x000002334e9b1a30, 0x000002334e9b56f0, 0x000002334e9b8480, 0x000002334e9b5c00,
0x000002334e9b93b0, 0x000002334e9b7f70, 0x000002334e9b7040, 0x000002334e9b6110,
0x000002334e9b8990, 0x000002334e9b7550, 0x000002334e9b8ea0, 0x000002334e9b7a60,
0x000002334e9b6620, 0x000002334e9b6b30, 0x000002334c5b9960, 0x000002334c5b6bd0,
0x000002334c5b7b00, 0x000002334c5b8f40, 0x000002334c5b9450, 0x000002334c5b66c0,
0x000002334c5b9e70, 0x000002334c5b70e0, 0x000002334c5b8a30, 0x000002334c5b8010,
0x000002334c5b75f0, 0x000002334c5b8520, 0x000002334e4384e0, 0x000002334e43b270,
0x000002334e437ac0, 0x000002334e437fd0, 0x000002334e43a340, 0x000002334e43a850,
0x000002334e43ad60, 0x000002334e4389f0, 0x000002334e438f00, 0x000002334b72bed0,
0x000002334d364980, 0x000002335475a470
}

Java Threads: ( => current thread )
  0x000002330ae0a200 JavaThread "main" [_thread_blocked, id=4372, stack(0x000000ccd2200000,0x000000ccd2300000)]
  0x000002332a1abb40 JavaThread "Reference Handler" daemon [_thread_blocked, id=10088, stack(0x000000ccd2900000,0x000000ccd2a00000)]
  0x000002332a1ac610 JavaThread "Finalizer" daemon [_thread_blocked, id=13364, stack(0x000000ccd2a00000,0x000000ccd2b00000)]
  0x000002332a1c0e90 JavaThread "Signal Dispatcher" daemon [_thread_blocked, id=25728, stack(0x000000ccd2b00000,0x000000ccd2c00000)]
  0x000002332a1c4780 JavaThread "Attach Listener" daemon [_thread_blocked, id=11536, stack(0x000000ccd2c00000,0x000000ccd2d00000)]
  0x000002332a1c5050 JavaThread "Service Thread" daemon [_thread_blocked, id=6332, stack(0x000000ccd2d00000,0x000000ccd2e00000)]
  0x000002332a1c7930 JavaThread "Monitor Deflation Thread" daemon [_thread_blocked, id=9484, stack(0x000000ccd2e00000,0x000000ccd2f00000)]
=>0x000002332a1c8530 JavaThread "C2 CompilerThread0" daemon [_thread_in_native, id=23540, stack(0x000000ccd2f00000,0x000000ccd3000000)]
  0x000002332a1d8e50 JavaThread "C1 CompilerThread0" daemon [_thread_blocked, id=1880, stack(0x000000ccd3000000,0x000000ccd3100000)]
  0x000002332a5a9f70 JavaThread "Sweeper thread" daemon [_thread_blocked, id=7424, stack(0x000000ccd3100000,0x000000ccd3200000)]
  0x000002332a590d30 JavaThread "Common-Cleaner" daemon [_thread_blocked, id=24908, stack(0x000000ccd3200000,0x000000ccd3300000)]
  0x000002332a6d20f0 JavaThread "C1 CompilerThread1" daemon [_thread_blocked, id=1632, stack(0x000000ccd3300000,0x000000ccd3400000)]
  0x000002332a6da630 JavaThread "C1 CompilerThread2" daemon [_thread_blocked, id=17780, stack(0x000000ccd3400000,0x000000ccd3500000)]
  0x000002332a76e580 JavaThread "Notification Thread" daemon [_thread_blocked, id=22852, stack(0x000000ccd3600000,0x000000ccd3700000)]
  0x000002334b50f1a0 JavaThread "Daemon health stats" [_thread_blocked, id=8500, stack(0x000000ccd3e00000,0x000000ccd3f00000)]
  0x000002334b8e5f20 JavaThread "Incoming local TCP Connector on port 54154" [_thread_in_native, id=14188, stack(0x000000ccd3f00000,0x000000ccd4000000)]
  0x000002334ca07a30 JavaThread "Daemon periodic checks" [_thread_blocked, id=14948, stack(0x000000ccd4000000,0x000000ccd4100000)]
  0x000002334c11b3e0 JavaThread "Daemon" [_thread_blocked, id=12800, stack(0x000000ccd4100000,0x000000ccd4200000)]
  0x000002334b7c90b0 JavaThread "Handler for socket connection from /127.0.0.1:54154 to /127.0.0.1:54155" [_thread_in_native, id=2884, stack(0x000000ccd4200000,0x000000ccd4300000)]
  0x000002334b6c3e10 JavaThread "Cancel handler" [_thread_blocked, id=12500, stack(0x000000ccd4300000,0x000000ccd4400000)]
  0x000002334b6c29d0 JavaThread "Daemon worker" [_thread_in_native, id=6876, stack(0x000000ccd4400000,0x000000ccd4500000)]
  0x000002334b6c33f0 JavaThread "Asynchronous log dispatcher for DefaultDaemonConnection: socket connection from /127.0.0.1:54154 to /127.0.0.1:54155" [_thread_blocked, id=25840, stack(0x000000ccd4500000,0x000000ccd4600000)]
  0x000002334b6c2ee0 JavaThread "Stdin handler" [_thread_blocked, id=25244, stack(0x000000ccd4600000,0x000000ccd4700000)]
  0x000002334b6c3900 JavaThread "Daemon client event forwarder" [_thread_blocked, id=10368, stack(0x000000ccd4700000,0x000000ccd4800000)]
  0x000002334b9f2180 JavaThread "Cache worker for journal cache (C:\Users\LENOVO\.gradle\caches\journal-1)" [_thread_blocked, id=22312, stack(0x000000ccd4800000,0x000000ccd4900000)]
  0x000002334b9f1760 JavaThread "File lock request listener" [_thread_in_native, id=2248, stack(0x000000ccd4900000,0x000000ccd4a00000)]
  0x000002334b9f35c0 JavaThread "Cache worker for file hash cache (C:\Users\LENOVO\.gradle\caches\8.3\fileHashes)" [_thread_blocked, id=13420, stack(0x000000ccd4a00000,0x000000ccd4b00000)]
  0x000002334b9f30b0 JavaThread "File watcher server" daemon [_thread_in_native, id=5668, stack(0x000000ccd5600000,0x000000ccd5700000)]
  0x000002334b9f2ba0 JavaThread "File watcher consumer" daemon [_thread_blocked, id=19208, stack(0x000000ccd5700000,0x000000ccd5800000)]
  0x000002334b9f1250 JavaThread "Cache worker for checksums cache (C:\Users\LENOVO\delonMAD\android\.gradle\8.3\checksums)" [_thread_blocked, id=912, stack(0x000000ccd5800000,0x000000ccd5900000)]
  0x000002334b9f1c70 JavaThread "Cache worker for file hash cache (C:\Users\LENOVO\delonMAD\android\.gradle\8.3\fileHashes)" [_thread_blocked, id=25372, stack(0x000000ccd5900000,0x000000ccd5a00000)]
  0x000002334b9f2690 JavaThread "Cache worker for cache directory md-supplier (C:\Users\LENOVO\.gradle\caches\8.3\md-supplier)" [_thread_blocked, id=2424, stack(0x000000ccd5a00000,0x000000ccd5b00000)]
  0x000002334b9f0d40 JavaThread "Cache worker for file content cache (C:\Users\LENOVO\.gradle\caches\8.3\fileContent)" [_thread_blocked, id=25176, stack(0x000000ccd5b00000,0x000000ccd5c00000)]
  0x000002334b9f5e40 JavaThread "Cache worker for cache directory md-rule (C:\Users\LENOVO\.gradle\caches\8.3\md-rule)" [_thread_blocked, id=7096, stack(0x000000ccd5f00000,0x000000ccd6000000)]
  0x000002334b9f3fe0 JavaThread "Cache worker for execution history cache (C:\Users\LENOVO\.gradle\caches\8.3\executionHistory)" [_thread_blocked, id=15124, stack(0x000000ccd6000000,0x000000ccd6100000)]
  0x000002334b9f7280 JavaThread "jar transforms" [_thread_blocked, id=3688, stack(0x000000ccd6100000,0x000000ccd6200000)]
  0x000002334b9f5420 JavaThread "jar transforms Thread 2" [_thread_blocked, id=17656, stack(0x000000ccd6200000,0x000000ccd6300000)]
  0x000002334b9f6860 JavaThread "jar transforms Thread 3" [_thread_blocked, id=13512, stack(0x000000ccd3500000,0x000000ccd3600000)]
  0x000002334b9f6d70 JavaThread "jar transforms Thread 4" [_thread_blocked, id=5796, stack(0x000000ccd3800000,0x000000ccd3900000)]
  0x000002334b9f7790 JavaThread "Cache worker for kotlin-dsl (C:\Users\LENOVO\.gradle\caches\8.3\kotlin-dsl)" [_thread_blocked, id=12560, stack(0x000000ccd6300000,0x000000ccd6400000)]
  0x000002334b9f5930 JavaThread "jar transforms Thread 5" [_thread_blocked, id=15816, stack(0x000000ccd3900000,0x000000ccd3a00000)]
  0x000002334b9f7ca0 JavaThread "jar transforms Thread 6" [_thread_blocked, id=24416, stack(0x000000ccd6400000,0x000000ccd6500000)]
  0x000002334b9f81b0 JavaThread "Unconstrained build operations" [_thread_blocked, id=12880, stack(0x000000ccd6500000,0x000000ccd6600000)]
  0x000002334b9f4a00 JavaThread "Unconstrained build operations Thread 2" [_thread_blocked, id=16128, stack(0x000000ccd6600000,0x000000ccd6700000)]
  0x000002334b9f86c0 JavaThread "jar transforms Thread 7" [_thread_blocked, id=1980, stack(0x000000ccd6700000,0x000000ccd6800000)]
  0x000002334b9f4f10 JavaThread "jar transforms Thread 8" [_thread_blocked, id=3648, stack(0x000000ccd6800000,0x000000ccd6900000)]
  0x000002334ab28070 JavaThread "jar transforms Thread 9" [_thread_blocked, id=9308, stack(0x000000ccd6900000,0x000000ccd6a00000)]
  0x000002334ab2ae00 JavaThread "jar transforms Thread 10" [_thread_blocked, id=26284, stack(0x000000ccd6a00000,0x000000ccd6b00000)]
  0x000002334ab299c0 JavaThread "jar transforms Thread 11" [_thread_blocked, id=22176, stack(0x000000ccd6c00000,0x000000ccd6d00000)]
  0x000002334ab2b820 JavaThread "jar transforms Thread 12" [_thread_blocked, id=22580, stack(0x000000ccd6d00000,0x000000ccd6e00000)]
  0x000002334ab2bd30 JavaThread "Cache worker for dependencies-accessors (C:\Users\LENOVO\delonMAD\android\.gradle\8.3\dependencies-accessors)" [_thread_blocked, id=10892, stack(0x000000ccd6e00000,0x000000ccd6f00000)]
  0x000002334ab29ed0 JavaThread "Cache worker for Build Output Cleanup Cache (C:\Users\LENOVO\delonMAD\node_modules\@react-native\gradle-plugin\.gradle\buildOutputCleanup)" [_thread_blocked, id=17492, stack(0x000000ccd7000000,0x000000ccd7100000)]
  0x000002334ab28580 JavaThread "jar transforms Thread 13" [_thread_blocked, id=22256, stack(0x000000ccd7100000,0x000000ccd7200000)]
  0x000002334ab2a3e0 JavaThread "jar transforms Thread 14" [_thread_blocked, id=10996, stack(0x000000ccd7200000,0x000000ccd7300000)]
  0x000002334ab2b310 JavaThread "Unconstrained build operations Thread 3" [_thread_blocked, id=13104, stack(0x000000ccd7300000,0x000000ccd7400000)]
  0x000002334ab2c240 JavaThread "Unconstrained build operations Thread 4" [_thread_blocked, id=23060, stack(0x000000ccd7400000,0x000000ccd7500000)]
  0x000002334ab28a90 JavaThread "Unconstrained build operations Thread 5" [_thread_blocked, id=12132, stack(0x000000ccd7500000,0x000000ccd7600000)]
  0x000002334ab2a8f0 JavaThread "Unconstrained build operations Thread 6" [_thread_blocked, id=21648, stack(0x000000ccd7600000,0x000000ccd7700000)]
  0x000002334ab2c750 JavaThread "Unconstrained build operations Thread 7" [_thread_blocked, id=15624, stack(0x000000ccd7700000,0x000000ccd7800000)]
  0x000002334ab28fa0 JavaThread "Unconstrained build operations Thread 8" [_thread_blocked, id=25128, stack(0x000000ccd7800000,0x000000ccd7900000)]
  0x000002334ab2cc60 JavaThread "Unconstrained build operations Thread 9" [_thread_blocked, id=1040, stack(0x000000ccd7900000,0x000000ccd7a00000)]
  0x000002334ab2e5b0 JavaThread "Unconstrained build operations Thread 10" [_thread_blocked, id=14116, stack(0x000000ccd7a00000,0x000000ccd7b00000)]
  0x000002334ab2f4e0 JavaThread "Unconstrained build operations Thread 11" [_thread_blocked, id=6200, stack(0x000000ccd7b00000,0x000000ccd7c00000)]
  0x000002334ab2eac0 JavaThread "Unconstrained build operations Thread 12" [_thread_blocked, id=22684, stack(0x000000ccd7c00000,0x000000ccd7d00000)]
  0x000002334ab2efd0 JavaThread "Unconstrained build operations Thread 13" [_thread_blocked, id=13212, stack(0x000000ccd7d00000,0x000000ccd7e00000)]
  0x000002334ab2d170 JavaThread "Unconstrained build operations Thread 14" [_thread_blocked, id=16304, stack(0x000000ccd7e00000,0x000000ccd7f00000)]
  0x000002334ab2d680 JavaThread "Unconstrained build operations Thread 15" [_thread_blocked, id=20476, stack(0x000000ccd7f00000,0x000000ccd8000000)]
  0x000002334ab2db90 JavaThread "Unconstrained build operations Thread 16" [_thread_blocked, id=21836, stack(0x000000ccd8000000,0x000000ccd8100000)]
  0x000002334ab2f9f0 JavaThread "Unconstrained build operations Thread 17" [_thread_blocked, id=24624, stack(0x000000ccd8100000,0x000000ccd8200000)]
  0x000002334ab2e0a0 JavaThread "Unconstrained build operations Thread 18" [_thread_blocked, id=12692, stack(0x000000ccd8200000,0x000000ccd8300000)]
  0x000002334dbd2540 JavaThread "Unconstrained build operations Thread 19" [_thread_blocked, id=22760, stack(0x000000ccd8300000,0x000000ccd8400000)]
  0x000002334dbd1100 JavaThread "Unconstrained build operations Thread 20" [_thread_blocked, id=21124, stack(0x000000ccd8400000,0x000000ccd8500000)]
  0x000002334dbd2a50 JavaThread "Unconstrained build operations Thread 21" [_thread_blocked, id=19516, stack(0x000000ccd8500000,0x000000ccd8600000)]
  0x000002334dbd3e90 JavaThread "Unconstrained build operations Thread 22" [_thread_blocked, id=21824, stack(0x000000ccd8600000,0x000000ccd8700000)]
  0x000002334dbd2f60 JavaThread "Unconstrained build operations Thread 23" [_thread_blocked, id=24124, stack(0x000000ccd8700000,0x000000ccd8800000)]
  0x000002334dbd3470 JavaThread "jar transforms Thread 15" [_thread_blocked, id=24844, stack(0x000000ccd8800000,0x000000ccd8900000)]
  0x000002334dbd3980 JavaThread "jar transforms Thread 16" [_thread_blocked, id=6384, stack(0x000000ccd8900000,0x000000ccd8a00000)]
  0x000002334dbd06e0 JavaThread "jar transforms Thread 17" [_thread_blocked, id=23192, stack(0x000000ccd8a00000,0x000000ccd8b00000)]
  0x000002334dbd1610 JavaThread "jar transforms Thread 18" [_thread_blocked, id=9964, stack(0x000000ccd8b00000,0x000000ccd8c00000)]
  0x000002334dbd0bf0 JavaThread "jar transforms Thread 19" [_thread_blocked, id=23924, stack(0x000000ccd8c00000,0x000000ccd8d00000)]
  0x000002334dbd43a0 JavaThread "jar transforms Thread 20" [_thread_blocked, id=26748, stack(0x000000ccd8d00000,0x000000ccd8e00000)]
  0x000002334dbd48b0 JavaThread "jar transforms Thread 21" [_thread_blocked, id=19400, stack(0x000000ccd8e00000,0x000000ccd8f00000)]
  0x000002334dbd4dc0 JavaThread "jar transforms Thread 22" [_thread_blocked, id=5672, stack(0x000000ccd8f00000,0x000000ccd9000000)]
  0x000002334dbd52d0 JavaThread "Memory manager" [_thread_blocked, id=9332, stack(0x000000ccd6b00000,0x000000ccd6c00000)]
  0x000002334dbd2030 JavaThread "Cache worker for Build Output Cleanup Cache (C:\Users\LENOVO\delonMAD\android\.gradle\buildOutputCleanup)" [_thread_blocked, id=9940, stack(0x000000ccd9000000,0x000000ccd9100000)]
  0x000002334dbd6200 JavaThread "ForkJoinPool.commonPool-worker-1" daemon [_thread_blocked, id=856, stack(0x000000ccd9200000,0x000000ccd9300000)]
  0x000002334dbd6710 JavaThread "ForkJoinPool.commonPool-worker-2" daemon [_thread_blocked, id=25652, stack(0x000000ccd9300000,0x000000ccd9400000)]
  0x000002334dbd8060 JavaThread "ForkJoinPool.commonPool-worker-3" daemon [_thread_blocked, id=17976, stack(0x000000ccd9400000,0x000000ccd9500000)]
  0x000002334dbd6c20 JavaThread "ForkJoinPool.commonPool-worker-4" daemon [_thread_blocked, id=2564, stack(0x000000ccd9500000,0x000000ccd9600000)]
  0x000002334dbd7640 JavaThread "ForkJoinPool.commonPool-worker-5" daemon [_thread_blocked, id=2700, stack(0x000000ccd9600000,0x000000ccd9700000)]
  0x000002334dbd7b50 JavaThread "ForkJoinPool.commonPool-worker-6" daemon [_thread_blocked, id=15176, stack(0x000000ccd9700000,0x000000ccd9800000)]
  0x000002334dbd7130 JavaThread "ForkJoinPool.commonPool-worker-7" daemon [_thread_blocked, id=3452, stack(0x000000ccd9800000,0x000000ccd9900000)]
  0x000002334e5088a0 JavaThread "ForkJoinPool.commonPool-worker-8" daemon [_thread_blocked, id=25316, stack(0x000000ccd9900000,0x000000ccd9a00000)]
  0x000002334e507e80 JavaThread "ForkJoinPool.commonPool-worker-9" daemon [_thread_blocked, id=9864, stack(0x000000ccd9a00000,0x000000ccd9b00000)]
  0x000002334e508db0 JavaThread "ForkJoinPool.commonPool-worker-10" daemon [_thread_blocked, id=15756, stack(0x000000ccd9b00000,0x000000ccd9c00000)]
  0x000002334e5092c0 JavaThread "ForkJoinPool.commonPool-worker-11" daemon [_thread_blocked, id=15404, stack(0x000000ccd9c00000,0x000000ccd9d00000)]
  0x000002334e50b120 JavaThread "included builds" [_thread_blocked, id=7152, stack(0x000000ccd9d00000,0x000000ccd9e00000)]
  0x000002334e50a1f0 JavaThread "Execution worker" [_thread_blocked, id=2448, stack(0x000000ccd9e00000,0x000000ccd9f00000)]
  0x000002334e50ac10 JavaThread "Execution worker Thread 2" [_thread_blocked, id=27176, stack(0x000000ccd9f00000,0x000000ccda000000)]
  0x000002334e5097d0 JavaThread "Execution worker Thread 3" [_thread_blocked, id=27256, stack(0x000000ccda000000,0x000000ccda100000)]
  0x000002334e508390 JavaThread "Execution worker Thread 4" [_thread_blocked, id=26776, stack(0x000000ccda100000,0x000000ccda200000)]
  0x000002334e509ce0 JavaThread "Execution worker Thread 5" [_thread_blocked, id=15428, stack(0x000000ccda200000,0x000000ccda300000)]
  0x000002334e507970 JavaThread "Execution worker Thread 6" [_thread_blocked, id=10764, stack(0x000000ccda300000,0x000000ccda400000)]
  0x000002334e50bb40 JavaThread "Execution worker Thread 7" [_thread_blocked, id=12896, stack(0x000000ccda400000,0x000000ccda500000)]
  0x000002334e50c560 JavaThread "Execution worker Thread 8" [_thread_blocked, id=17544, stack(0x000000ccda500000,0x000000ccda600000)]
  0x000002334e50c050 JavaThread "Execution worker Thread 9" [_thread_blocked, id=17376, stack(0x000000ccda600000,0x000000ccda700000)]
  0x000002334e50ca70 JavaThread "Execution worker Thread 10" [_thread_blocked, id=18852, stack(0x000000ccda700000,0x000000ccda800000)]
  0x000002334e50cf80 JavaThread "Execution worker Thread 11" [_thread_blocked, id=960, stack(0x000000ccda800000,0x000000ccda900000)]
  0x000002334e50d9a0 JavaThread "Execution worker Thread 12" [_thread_blocked, id=18592, stack(0x000000ccda900000,0x000000ccdaa00000)]
  0x000002334e50d490 JavaThread "Execution worker Thread 13" [_thread_blocked, id=25848, stack(0x000000ccdaa00000,0x000000ccdab00000)]
  0x000002334e50deb0 JavaThread "Execution worker Thread 14" [_thread_blocked, id=844, stack(0x000000ccdab00000,0x000000ccdac00000)]
  0x000002334e50a700 JavaThread "Execution worker Thread 15" [_thread_blocked, id=6868, stack(0x000000ccdac00000,0x000000ccdad00000)]
  0x000002334e50e3c0 JavaThread "Execution worker Thread 16" [_thread_blocked, id=24192, stack(0x000000ccdad00000,0x000000ccdae00000)]
  0x000002334e50e8d0 JavaThread "Execution worker Thread 17" [_thread_blocked, id=17236, stack(0x000000ccdae00000,0x000000ccdaf00000)]
  0x000002334e50ede0 JavaThread "Execution worker Thread 18" [_thread_blocked, id=23044, stack(0x000000ccdaf00000,0x000000ccdb000000)]
  0x000002334e50b630 JavaThread "Execution worker Thread 19" [_thread_blocked, id=27108, stack(0x000000ccdb000000,0x000000ccdb100000)]
  0x000002334e50f2f0 JavaThread "Execution worker Thread 20" [_thread_blocked, id=17624, stack(0x000000ccdb100000,0x000000ccdb200000)]
  0x000002334e9b3da0 JavaThread "Execution worker Thread 21" [_thread_blocked, id=3780, stack(0x000000ccdb200000,0x000000ccdb300000)]
  0x000002334e9b1f40 JavaThread "Cache worker for execution history cache (C:\Users\LENOVO\delonMAD\node_modules\@react-native\gradle-plugin\.gradle\8.3\executionHistory)" [_thread_blocked, id=27404, stack(0x000000ccdb300000,0x000000ccdb400000)]
  0x000002334e9b2960 JavaThread "Unconstrained build operations Thread 24" [_thread_blocked, id=25148, stack(0x000000ccdb400000,0x000000ccdb500000)]
  0x000002334e9b3890 JavaThread "Unconstrained build operations Thread 25" [_thread_blocked, id=24860, stack(0x000000ccdb500000,0x000000ccdb600000)]
  0x000002334e9b42b0 JavaThread "Unconstrained build operations Thread 26" [_thread_blocked, id=19612, stack(0x000000ccdb600000,0x000000ccdb700000)]
  0x000002334e9b3380 JavaThread "Unconstrained build operations Thread 27" [_thread_blocked, id=24632, stack(0x000000ccdb700000,0x000000ccdb800000)]
  0x000002334e9b2450 JavaThread "Unconstrained build operations Thread 28" [_thread_blocked, id=22332, stack(0x000000ccdb800000,0x000000ccdb900000)]
  0x000002334e9b2e70 JavaThread "Unconstrained build operations Thread 29" [_thread_blocked, id=15012, stack(0x000000ccdb900000,0x000000ccdba00000)]
  0x000002334e9b47c0 JavaThread "Unconstrained build operations Thread 30" [_thread_blocked, id=23788, stack(0x000000ccdba00000,0x000000ccdbb00000)]
  0x000002334e9b4cd0 JavaThread "Unconstrained build operations Thread 31" [_thread_blocked, id=2160, stack(0x000000ccdbb00000,0x000000ccdbc00000)]
  0x000002334e9b51e0 JavaThread "Unconstrained build operations Thread 32" [_thread_blocked, id=27004, stack(0x000000ccdbc00000,0x000000ccdbd00000)]
  0x000002334e9b1a30 JavaThread "Unconstrained build operations Thread 33" [_thread_blocked, id=20908, stack(0x000000ccdbd00000,0x000000ccdbe00000)]
  0x000002334e9b56f0 JavaThread "Unconstrained build operations Thread 34" [_thread_blocked, id=21444, stack(0x000000ccdbe00000,0x000000ccdbf00000)]
  0x000002334e9b8480 JavaThread "Unconstrained build operations Thread 35" [_thread_blocked, id=13240, stack(0x000000ccdbf00000,0x000000ccdc000000)]
  0x000002334e9b5c00 JavaThread "Unconstrained build operations Thread 36" [_thread_blocked, id=21784, stack(0x000000ccdc000000,0x000000ccdc100000)]
  0x000002334e9b93b0 JavaThread "Unconstrained build operations Thread 37" [_thread_blocked, id=24968, stack(0x000000ccdc100000,0x000000ccdc200000)]
  0x000002334e9b7f70 JavaThread "Unconstrained build operations Thread 38" [_thread_blocked, id=18780, stack(0x000000ccdc200000,0x000000ccdc300000)]
  0x000002334e9b7040 JavaThread "Unconstrained build operations Thread 39" [_thread_blocked, id=14804, stack(0x000000ccdc300000,0x000000ccdc400000)]
  0x000002334e9b6110 JavaThread "Unconstrained build operations Thread 40" [_thread_blocked, id=27368, stack(0x000000ccdc400000,0x000000ccdc500000)]
  0x000002334e9b8990 JavaThread "Unconstrained build operations Thread 41" [_thread_blocked, id=10664, stack(0x000000ccdc500000,0x000000ccdc600000)]
  0x000002334e9b7550 JavaThread "Unconstrained build operations Thread 42" [_thread_blocked, id=26108, stack(0x000000ccdc600000,0x000000ccdc700000)]
  0x000002334e9b8ea0 JavaThread "Unconstrained build operations Thread 43" [_thread_blocked, id=19640, stack(0x000000ccdc700000,0x000000ccdc800000)]
  0x000002334e9b7a60 JavaThread "Unconstrained build operations Thread 44" [_thread_blocked, id=22392, stack(0x000000ccdc800000,0x000000ccdc900000)]
  0x000002334e9b6620 JavaThread "Unconstrained build operations Thread 45" [_thread_blocked, id=1076, stack(0x000000ccdc900000,0x000000ccdca00000)]
  0x000002334e9b6b30 JavaThread "Unconstrained build operations Thread 46" [_thread_blocked, id=12068, stack(0x000000ccdca00000,0x000000ccdcb00000)]
  0x000002334c5b9960 JavaThread "Unconstrained build operations Thread 47" [_thread_blocked, id=20084, stack(0x000000ccdcb00000,0x000000ccdcc00000)]
  0x000002334c5b6bd0 JavaThread "Unconstrained build operations Thread 48" [_thread_blocked, id=12380, stack(0x000000ccdcc00000,0x000000ccdcd00000)]
  0x000002334c5b7b00 JavaThread "Unconstrained build operations Thread 49" [_thread_blocked, id=17344, stack(0x000000ccdcd00000,0x000000ccdce00000)]
  0x000002334c5b8f40 JavaThread "Unconstrained build operations Thread 50" [_thread_blocked, id=9880, stack(0x000000ccdce00000,0x000000ccdcf00000)]
  0x000002334c5b9450 JavaThread "Unconstrained build operations Thread 51" [_thread_blocked, id=12440, stack(0x000000ccdcf00000,0x000000ccdd000000)]
  0x000002334c5b66c0 JavaThread "Unconstrained build operations Thread 52" [_thread_blocked, id=14892, stack(0x000000ccdd000000,0x000000ccdd100000)]
  0x000002334c5b9e70 JavaThread "Unconstrained build operations Thread 53" [_thread_blocked, id=7488, stack(0x000000ccdd100000,0x000000ccdd200000)]
  0x000002334c5b70e0 JavaThread "Unconstrained build operations Thread 54" [_thread_blocked, id=11788, stack(0x000000ccdd200000,0x000000ccdd300000)]
  0x000002334c5b8a30 JavaThread "Unconstrained build operations Thread 55" [_thread_blocked, id=24552, stack(0x000000ccdd300000,0x000000ccdd400000)]
  0x000002334c5b8010 JavaThread "Unconstrained build operations Thread 56" [_thread_blocked, id=24916, stack(0x000000ccdd400000,0x000000ccdd500000)]
  0x000002334c5b75f0 JavaThread "Unconstrained build operations Thread 57" [_thread_blocked, id=25980, stack(0x000000ccdd500000,0x000000ccdd600000)]
  0x000002334c5b8520 JavaThread "Unconstrained build operations Thread 58" [_thread_blocked, id=13088, stack(0x000000ccdd600000,0x000000ccdd700000)]
  0x000002334e4384e0 JavaThread "Unconstrained build operations Thread 59" [_thread_blocked, id=25184, stack(0x000000ccdd700000,0x000000ccdd800000)]
  0x000002334e43b270 JavaThread "Unconstrained build operations Thread 60" [_thread_blocked, id=8584, stack(0x000000ccdd800000,0x000000ccdd900000)]
  0x000002334e437ac0 JavaThread "Unconstrained build operations Thread 61" [_thread_blocked, id=16348, stack(0x000000ccdd900000,0x000000ccdda00000)]
  0x000002334e437fd0 JavaThread "Unconstrained build operations Thread 62" [_thread_blocked, id=6644, stack(0x000000ccdda00000,0x000000ccddb00000)]
  0x000002334e43a340 JavaThread "Unconstrained build operations Thread 63" [_thread_blocked, id=23180, stack(0x000000ccddb00000,0x000000ccddc00000)]
  0x000002334e43a850 JavaThread "Unconstrained build operations Thread 64" [_thread_blocked, id=7620, stack(0x000000ccddc00000,0x000000ccddd00000)]
  0x000002334e43ad60 JavaThread "Unconstrained build operations Thread 65" [_thread_blocked, id=19360, stack(0x000000ccddd00000,0x000000ccdde00000)]
  0x000002334e4389f0 JavaThread "Unconstrained build operations Thread 66" [_thread_blocked, id=16984, stack(0x000000ccdde00000,0x000000ccddf00000)]
  0x000002334e438f00 JavaThread "Unconstrained build operations Thread 67" [_thread_blocked, id=26616, stack(0x000000ccddf00000,0x000000ccde000000)]
  0x000002334b72bed0 JavaThread "C2 CompilerThread1" daemon [_thread_blocked, id=24940, stack(0x000000ccd9100000,0x000000ccd9200000)]
  0x000002334d364980 JavaThread "C2 CompilerThread2" daemon [_thread_blocked, id=25036, stack(0x000000ccde000000,0x000000ccde100000)]
  0x000002335475a470 JavaThread "C2 CompilerThread3" daemon [_thread_in_native, id=3988, stack(0x000000ccde100000,0x000000ccde200000)]

Other Threads:
  0x000002332a1a7b50 VMThread "VM Thread" [stack: 0x000000ccd2800000,0x000000ccd2900000] [id=9656]
  0x000002332a76ea60 WatcherThread [stack: 0x000000ccd3700000,0x000000ccd3800000] [id=10804]
  0x000002330ae6a9e0 GCTaskThread "GC Thread#0" [stack: 0x000000ccd2300000,0x000000ccd2400000] [id=20240]
  0x000002334a8d4a20 GCTaskThread "GC Thread#1" [stack: 0x000000ccd3a00000,0x000000ccd3b00000] [id=19520]
  0x000002334ad29da0 GCTaskThread "GC Thread#2" [stack: 0x000000ccd3b00000,0x000000ccd3c00000] [id=7248]
  0x000002334ad2a060 GCTaskThread "GC Thread#3" [stack: 0x000000ccd3c00000,0x000000ccd3d00000] [id=24764]
  0x000002334ad2a320 GCTaskThread "GC Thread#4" [stack: 0x000000ccd3d00000,0x000000ccd3e00000] [id=11808]
  0x000002334c9cc230 GCTaskThread "GC Thread#5" [stack: 0x000000ccd4b00000,0x000000ccd4c00000] [id=12100]
  0x000002334c9cc4f0 GCTaskThread "GC Thread#6" [stack: 0x000000ccd4c00000,0x000000ccd4d00000] [id=21256]
  0x000002334c9c6bd0 GCTaskThread "GC Thread#7" [stack: 0x000000ccd4d00000,0x000000ccd4e00000] [id=8]
  0x000002334c9c6e90 GCTaskThread "GC Thread#8" [stack: 0x000000ccd4e00000,0x000000ccd4f00000] [id=22072]
  0x000002334df608a0 GCTaskThread "GC Thread#9" [stack: 0x000000ccd4f00000,0x000000ccd5000000] [id=12144]
  0x000002334df60b60 GCTaskThread "GC Thread#10" [stack: 0x000000ccd5000000,0x000000ccd5100000] [id=18624]
  0x000002334d3e5d40 GCTaskThread "GC Thread#11" [stack: 0x000000ccd5100000,0x000000ccd5200000] [id=8056]
  0x000002334d3e6000 GCTaskThread "GC Thread#12" [stack: 0x000000ccd5200000,0x000000ccd5300000] [id=13396]
  0x000002334d3e62c0 GCTaskThread "GC Thread#13" [stack: 0x000000ccd5300000,0x000000ccd5400000] [id=26164]
  0x000002334c731030 GCTaskThread "GC Thread#14" [stack: 0x000000ccd5400000,0x000000ccd5500000] [id=16192]
  0x000002334c7312f0 GCTaskThread "GC Thread#15" [stack: 0x000000ccd5500000,0x000000ccd5600000] [id=22584]
  0x000002330ae7b840 ConcurrentGCThread "G1 Main Marker" [stack: 0x000000ccd2400000,0x000000ccd2500000] [id=20868]
  0x000002330ae7dcf0 ConcurrentGCThread "G1 Conc#0" [stack: 0x000000ccd2500000,0x000000ccd2600000] [id=14340]
  0x000002334d40c0f0 ConcurrentGCThread "G1 Conc#1" [stack: 0x000000ccd5c00000,0x000000ccd5d00000] [id=4956]
  0x000002334d40c3b0 ConcurrentGCThread "G1 Conc#2" [stack: 0x000000ccd5d00000,0x000000ccd5e00000] [id=11352]
  0x000002334d40c670 ConcurrentGCThread "G1 Conc#3" [stack: 0x000000ccd5e00000,0x000000ccd5f00000] [id=17952]
  0x000002332a0e1770 ConcurrentGCThread "G1 Refine#0" [stack: 0x000000ccd2600000,0x000000ccd2700000] [id=4380]
  0x000002332a0e2f60 ConcurrentGCThread "G1 Service" [stack: 0x000000ccd2700000,0x000000ccd2800000] [id=15116]

Threads with active compile tasks:
C2 CompilerThread0    24243 9954       4       java.beans.MethodRef::set (58 bytes)
C2 CompilerThread3    24243 9913   !   4       org.codehaus.groovy.reflection.stdclasses.CachedSAMClass::hasUsableImplementation (72 bytes)

VM state: not at safepoint (normal execution)

VM Mutex/Monitor currently owned by a thread: None

Heap address: 0x0000000080000000, size: 2048 MB, Compressed Oops mode: 32-bit

CDS archive(s) mapped at: [0x000002332b000000-0x000002332bbb0000-0x000002332bbb0000), size 12255232, SharedBaseAddress: 0x000002332b000000, ArchiveRelocationMode: 1.
Compressed class space mapped at: 0x000002332c000000-0x0000023346000000, reserved size: 436207616
Narrow klass base: 0x000002332b000000, Narrow klass shift: 0, Narrow klass range: 0x100000000

GC Precious Log:
 CPUs: 22 total, 22 available
 Memory: 15805M
 Large Page Support: Disabled
 NUMA Support: Disabled
 Compressed Oops: Enabled (32-bit)
 Heap Region Size: 1M
 Heap Min Capacity: 8M
 Heap Initial Capacity: 248M
 Heap Max Capacity: 2G
 Pre-touch: Disabled
 Parallel Workers: 16
 Concurrent Workers: 4
 Concurrent Refinement Workers: 16
 Periodic GC: Disabled

Heap:
 garbage-first heap   total 160768K, used 106655K [0x0000000080000000, 0x0000000100000000)
  region size 1024K, 26 young (26624K), 4 survivors (4096K)
 Metaspace       used 78129K, committed 78848K, reserved 557056K
  class space    used 10775K, committed 11136K, reserved 425984K

Heap Regions: E=young(eden), S=young(survivor), O=old, HS=humongous(starts), HC=humongous(continues), CS=collection set, F=free, OA=open archive, CA=closed archive, TAMS=top-at-mark-start (previous, next)
|   0|0x0000000080000000, 0x0000000080100000, 0x0000000080100000|100%|HS|  |TAMS 0x0000000080100000, 0x0000000080000000| Complete 
|   1|0x0000000080100000, 0x0000000080200000, 0x0000000080200000|100%|HC|  |TAMS 0x0000000080200000, 0x0000000080100000| Complete 
|   2|0x0000000080200000, 0x0000000080300000, 0x0000000080300000|100%|HC|  |TAMS 0x0000000080300000, 0x0000000080200000| Complete 
|   3|0x0000000080300000, 0x0000000080400000, 0x0000000080400000|100%|HC|  |TAMS 0x0000000080400000, 0x0000000080300000| Complete 
|   4|0x0000000080400000, 0x0000000080500000, 0x0000000080500000|100%| O|  |TAMS 0x0000000080500000, 0x0000000080400000| Untracked 
|   5|0x0000000080500000, 0x0000000080600000, 0x0000000080600000|100%| O|  |TAMS 0x0000000080600000, 0x0000000080500000| Untracked 
|   6|0x0000000080600000, 0x0000000080700000, 0x0000000080700000|100%| O|  |TAMS 0x0000000080700000, 0x0000000080600000| Untracked 
|   7|0x0000000080700000, 0x0000000080800000, 0x0000000080800000|100%| O|  |TAMS 0x0000000080800000, 0x0000000080700000| Untracked 
|   8|0x0000000080800000, 0x0000000080900000, 0x0000000080900000|100%| O|  |TAMS 0x0000000080900000, 0x0000000080800000| Untracked 
|   9|0x0000000080900000, 0x0000000080a00000, 0x0000000080a00000|100%| O|  |TAMS 0x0000000080a00000, 0x0000000080900000| Untracked 
|  10|0x0000000080a00000, 0x0000000080b00000, 0x0000000080b00000|100%| O|  |TAMS 0x0000000080b00000, 0x0000000080a00000| Untracked 
|  11|0x0000000080b00000, 0x0000000080c00000, 0x0000000080c00000|100%| O|  |TAMS 0x0000000080c00000, 0x0000000080b00000| Untracked 
|  12|0x0000000080c00000, 0x0000000080d00000, 0x0000000080d00000|100%| O|  |TAMS 0x0000000080d00000, 0x0000000080c00000| Untracked 
|  13|0x0000000080d00000, 0x0000000080e00000, 0x0000000080e00000|100%| O|  |TAMS 0x0000000080e00000, 0x0000000080d00000| Untracked 
|  14|0x0000000080e00000, 0x0000000080f00000, 0x0000000080f00000|100%| O|  |TAMS 0x0000000080f00000, 0x0000000080e00000| Untracked 
|  15|0x0000000080f00000, 0x0000000081000000, 0x0000000081000000|100%| O|  |TAMS 0x0000000081000000, 0x0000000080f00000| Untracked 
|  16|0x0000000081000000, 0x0000000081100000, 0x0000000081100000|100%| O|  |TAMS 0x0000000081100000, 0x0000000081000000| Untracked 
|  17|0x0000000081100000, 0x0000000081200000, 0x0000000081200000|100%| O|  |TAMS 0x0000000081200000, 0x0000000081100000| Untracked 
|  18|0x0000000081200000, 0x0000000081300000, 0x0000000081300000|100%| O|  |TAMS 0x0000000081300000, 0x0000000081200000| Untracked 
|  19|0x0000000081300000, 0x0000000081400000, 0x0000000081400000|100%| O|  |TAMS 0x0000000081400000, 0x0000000081300000| Untracked 
|  20|0x0000000081400000, 0x0000000081500000, 0x0000000081500000|100%| O|  |TAMS 0x0000000081500000, 0x0000000081400000| Untracked 
|  21|0x0000000081500000, 0x0000000081574e00, 0x0000000081600000| 45%| O|  |TAMS 0x0000000081574e00, 0x0000000081500000| Untracked 
|  22|0x0000000081600000, 0x0000000081700000, 0x0000000081700000|100%| O|  |TAMS 0x0000000081700000, 0x0000000081600000| Untracked 
|  23|0x0000000081700000, 0x0000000081800000, 0x0000000081800000|100%| O|  |TAMS 0x0000000081800000, 0x0000000081700000| Untracked 
|  24|0x0000000081800000, 0x0000000081900000, 0x0000000081900000|100%| O|  |TAMS 0x0000000081900000, 0x0000000081800000| Untracked 
|  25|0x0000000081900000, 0x0000000081a00000, 0x0000000081a00000|100%| O|  |TAMS 0x0000000081a00000, 0x0000000081900000| Untracked 
|  26|0x0000000081a00000, 0x0000000081b00000, 0x0000000081b00000|100%| O|  |TAMS 0x0000000081b00000, 0x0000000081a00000| Untracked 
|  27|0x0000000081b00000, 0x0000000081c00000, 0x0000000081c00000|100%| O|  |TAMS 0x0000000081c00000, 0x0000000081b00000| Untracked 
|  28|0x0000000081c00000, 0x0000000081d00000, 0x0000000081d00000|100%| O|  |TAMS 0x0000000081d00000, 0x0000000081c00000| Untracked 
|  29|0x0000000081d00000, 0x0000000081e00000, 0x0000000081e00000|100%| O|  |TAMS 0x0000000081e00000, 0x0000000081d00000| Untracked 
|  30|0x0000000081e00000, 0x0000000081f00000, 0x0000000081f00000|100%|HS|  |TAMS 0x0000000081f00000, 0x0000000081e00000| Complete 
|  31|0x0000000081f00000, 0x0000000082000000, 0x0000000082000000|100%|HC|  |TAMS 0x0000000082000000, 0x0000000081f00000| Complete 
|  32|0x0000000082000000, 0x0000000082100000, 0x0000000082100000|100%| O|  |TAMS 0x0000000082100000, 0x0000000082000000| Untracked 
|  33|0x0000000082100000, 0x0000000082200000, 0x0000000082200000|100%| O|  |TAMS 0x0000000082200000, 0x0000000082100000| Untracked 
|  34|0x0000000082200000, 0x0000000082300000, 0x0000000082300000|100%| O|  |TAMS 0x0000000082300000, 0x0000000082200000| Untracked 
|  35|0x0000000082300000, 0x0000000082400000, 0x0000000082400000|100%| O|  |TAMS 0x0000000082400000, 0x0000000082300000| Untracked 
|  36|0x0000000082400000, 0x0000000082500000, 0x0000000082500000|100%| O|  |TAMS 0x0000000082500000, 0x0000000082400000| Untracked 
|  37|0x0000000082500000, 0x0000000082600000, 0x0000000082600000|100%|HS|  |TAMS 0x0000000082600000, 0x0000000082500000| Complete 
|  38|0x0000000082600000, 0x0000000082700000, 0x0000000082700000|100%|HC|  |TAMS 0x0000000082700000, 0x0000000082600000| Complete 
|  39|0x0000000082700000, 0x0000000082800000, 0x0000000082800000|100%| O|  |TAMS 0x0000000082800000, 0x0000000082700000| Untracked 
|  40|0x0000000082800000, 0x0000000082900000, 0x0000000082900000|100%|HS|  |TAMS 0x0000000082900000, 0x0000000082800000| Complete 
|  41|0x0000000082900000, 0x0000000082a00000, 0x0000000082a00000|100%|HC|  |TAMS 0x0000000082a00000, 0x0000000082900000| Complete 
|  42|0x0000000082a00000, 0x0000000082b00000, 0x0000000082b00000|100%|HC|  |TAMS 0x0000000082b00000, 0x0000000082a00000| Complete 
|  43|0x0000000082b00000, 0x0000000082c00000, 0x0000000082c00000|100%|HC|  |TAMS 0x0000000082c00000, 0x0000000082b00000| Complete 
|  44|0x0000000082c00000, 0x0000000082d00000, 0x0000000082d00000|100%| O|  |TAMS 0x0000000082d00000, 0x0000000082c00000| Untracked 
|  45|0x0000000082d00000, 0x0000000082e00000, 0x0000000082e00000|100%| O|  |TAMS 0x0000000082e00000, 0x0000000082d00000| Untracked 
|  46|0x0000000082e00000, 0x0000000082f00000, 0x0000000082f00000|100%| O|  |TAMS 0x0000000082f00000, 0x0000000082e00000| Untracked 
|  47|0x0000000082f00000, 0x0000000083000000, 0x0000000083000000|100%| O|  |TAMS 0x0000000083000000, 0x0000000082f00000| Untracked 
|  48|0x0000000083000000, 0x0000000083100000, 0x0000000083100000|100%|HS|  |TAMS 0x0000000083100000, 0x0000000083000000| Complete 
|  49|0x0000000083100000, 0x0000000083200000, 0x0000000083200000|100%|HC|  |TAMS 0x0000000083200000, 0x0000000083100000| Complete 
|  50|0x0000000083200000, 0x0000000083300000, 0x0000000083300000|100%|HC|  |TAMS 0x0000000083300000, 0x0000000083200000| Complete 
|  51|0x0000000083300000, 0x0000000083400000, 0x0000000083400000|100%|HC|  |TAMS 0x0000000083400000, 0x0000000083300000| Complete 
|  52|0x0000000083400000, 0x0000000083500000, 0x0000000083500000|100%| O|  |TAMS 0x0000000083500000, 0x0000000083400000| Untracked 
|  53|0x0000000083500000, 0x0000000083600000, 0x0000000083600000|100%| O|  |TAMS 0x0000000083600000, 0x0000000083500000| Untracked 
|  54|0x0000000083600000, 0x0000000083700000, 0x0000000083700000|100%| O|  |TAMS 0x0000000083700000, 0x0000000083600000| Untracked 
|  55|0x0000000083700000, 0x0000000083800000, 0x0000000083800000|100%| O|  |TAMS 0x0000000083800000, 0x0000000083700000| Untracked 
|  56|0x0000000083800000, 0x0000000083900000, 0x0000000083900000|100%| O|  |TAMS 0x0000000083900000, 0x0000000083800000| Untracked 
|  57|0x0000000083900000, 0x0000000083a00000, 0x0000000083a00000|100%| O|  |TAMS 0x0000000083a00000, 0x0000000083900000| Untracked 
|  58|0x0000000083a00000, 0x0000000083b00000, 0x0000000083b00000|100%| O|  |TAMS 0x0000000083b00000, 0x0000000083a00000| Untracked 
|  59|0x0000000083b00000, 0x0000000083c00000, 0x0000000083c00000|100%| O|  |TAMS 0x0000000083c00000, 0x0000000083b00000| Untracked 
|  60|0x0000000083c00000, 0x0000000083d00000, 0x0000000083d00000|100%| O|  |TAMS 0x0000000083d00000, 0x0000000083c00000| Untracked 
|  61|0x0000000083d00000, 0x0000000083e00000, 0x0000000083e00000|100%| O|  |TAMS 0x0000000083e00000, 0x0000000083d00000| Untracked 
|  62|0x0000000083e00000, 0x0000000083f00000, 0x0000000083f00000|100%|HS|  |TAMS 0x0000000083f00000, 0x0000000083e00000| Complete 
|  63|0x0000000083f00000, 0x0000000084000000, 0x0000000084000000|100%| O|  |TAMS 0x0000000084000000, 0x0000000083f00000| Untracked 
|  64|0x0000000084000000, 0x0000000084100000, 0x0000000084100000|100%| O|  |TAMS 0x0000000084100000, 0x0000000084000000| Untracked 
|  65|0x0000000084100000, 0x0000000084200000, 0x0000000084200000|100%|HS|  |TAMS 0x0000000084200000, 0x0000000084100000| Complete 
|  66|0x0000000084200000, 0x0000000084300000, 0x0000000084300000|100%|HS|  |TAMS 0x0000000084300000, 0x0000000084200000| Complete 
|  67|0x0000000084300000, 0x0000000084400000, 0x0000000084400000|100%|HS|  |TAMS 0x0000000084400000, 0x0000000084300000| Complete 
|  68|0x0000000084400000, 0x0000000084500000, 0x0000000084500000|100%| O|  |TAMS 0x0000000084500000, 0x0000000084400000| Untracked 
|  69|0x0000000084500000, 0x0000000084600000, 0x0000000084600000|100%| O|  |TAMS 0x0000000084600000, 0x0000000084500000| Untracked 
|  70|0x0000000084600000, 0x0000000084700000, 0x0000000084700000|100%| O|  |TAMS 0x0000000084700000, 0x0000000084600000| Untracked 
|  71|0x0000000084700000, 0x0000000084800000, 0x0000000084800000|100%| O|  |TAMS 0x0000000084800000, 0x0000000084700000| Untracked 
|  72|0x0000000084800000, 0x0000000084900000, 0x0000000084900000|100%| O|  |TAMS 0x0000000084800000, 0x0000000084800000| Untracked 
|  73|0x0000000084900000, 0x0000000084a00000, 0x0000000084a00000|100%| O|  |TAMS 0x0000000084a00000, 0x0000000084900000| Untracked 
|  74|0x0000000084a00000, 0x0000000084b00000, 0x0000000084b00000|100%| O|  |TAMS 0x0000000084b00000, 0x0000000084a00000| Untracked 
|  75|0x0000000084b00000, 0x0000000084c00000, 0x0000000084c00000|100%| O|  |TAMS 0x0000000084b00000, 0x0000000084b00000| Untracked 
|  76|0x0000000084c00000, 0x0000000084c0a400, 0x0000000084d00000|  4%| O|  |TAMS 0x0000000084c00000, 0x0000000084c00000| Untracked 
|  77|0x0000000084d00000, 0x0000000084d00000, 0x0000000084e00000|  0%| F|  |TAMS 0x0000000084d00000, 0x0000000084d00000| Untracked 
|  78|0x0000000084e00000, 0x0000000084f00000, 0x0000000084f00000|100%| O|  |TAMS 0x0000000084f00000, 0x0000000084e00000| Untracked 
|  79|0x0000000084f00000, 0x0000000085000000, 0x0000000085000000|100%| O|  |TAMS 0x0000000085000000, 0x0000000084f00000| Untracked 
|  80|0x0000000085000000, 0x0000000085100000, 0x0000000085100000|100%| O|  |TAMS 0x0000000085100000, 0x0000000085000000| Untracked 
|  81|0x0000000085100000, 0x0000000085100000, 0x0000000085200000|  0%| F|  |TAMS 0x0000000085100000, 0x0000000085100000| Untracked 
|  82|0x0000000085200000, 0x0000000085300000, 0x0000000085300000|100%| O|  |TAMS 0x00000000852b4800, 0x0000000085200000| Untracked 
|  83|0x0000000085300000, 0x0000000085300000, 0x0000000085400000|  0%| F|  |TAMS 0x0000000085300000, 0x0000000085300000| Untracked 
|  84|0x0000000085400000, 0x0000000085400000, 0x0000000085500000|  0%| F|  |TAMS 0x0000000085400000, 0x0000000085400000| Untracked 
|  85|0x0000000085500000, 0x0000000085500000, 0x0000000085600000|  0%| F|  |TAMS 0x0000000085500000, 0x0000000085500000| Untracked 
|  86|0x0000000085600000, 0x0000000085600000, 0x0000000085700000|  0%| F|  |TAMS 0x0000000085600000, 0x0000000085600000| Untracked 
|  87|0x0000000085700000, 0x0000000085700000, 0x0000000085800000|  0%| F|  |TAMS 0x0000000085700000, 0x0000000085700000| Untracked 
|  88|0x0000000085800000, 0x0000000085800000, 0x0000000085900000|  0%| F|  |TAMS 0x0000000085800000, 0x0000000085800000| Untracked 
|  89|0x0000000085900000, 0x0000000085900000, 0x0000000085a00000|  0%| F|  |TAMS 0x0000000085900000, 0x0000000085900000| Untracked 
|  90|0x0000000085a00000, 0x0000000085a00000, 0x0000000085b00000|  0%| F|  |TAMS 0x0000000085a00000, 0x0000000085a00000| Untracked 
|  91|0x0000000085b00000, 0x0000000085b00000, 0x0000000085c00000|  0%| F|  |TAMS 0x0000000085b00000, 0x0000000085b00000| Untracked 
|  92|0x0000000085c00000, 0x0000000085c00000, 0x0000000085d00000|  0%| F|  |TAMS 0x0000000085c00000, 0x0000000085c00000| Untracked 
|  93|0x0000000085d00000, 0x0000000085d00000, 0x0000000085e00000|  0%| F|  |TAMS 0x0000000085d00000, 0x0000000085d00000| Untracked 
|  94|0x0000000085e00000, 0x0000000085e00000, 0x0000000085f00000|  0%| F|  |TAMS 0x0000000085e00000, 0x0000000085e00000| Untracked 
|  95|0x0000000085f00000, 0x0000000085f00000, 0x0000000086000000|  0%| F|  |TAMS 0x0000000085f00000, 0x0000000085f00000| Untracked 
|  96|0x0000000086000000, 0x0000000086000000, 0x0000000086100000|  0%| F|  |TAMS 0x0000000086000000, 0x0000000086000000| Untracked 
|  97|0x0000000086100000, 0x0000000086100000, 0x0000000086200000|  0%| F|  |TAMS 0x0000000086100000, 0x0000000086100000| Untracked 
|  98|0x0000000086200000, 0x0000000086200000, 0x0000000086300000|  0%| F|  |TAMS 0x0000000086200000, 0x0000000086200000| Untracked 
|  99|0x0000000086300000, 0x0000000086300000, 0x0000000086400000|  0%| F|  |TAMS 0x0000000086300000, 0x0000000086300000| Untracked 
| 100|0x0000000086400000, 0x0000000086400000, 0x0000000086500000|  0%| F|  |TAMS 0x0000000086400000, 0x0000000086400000| Untracked 
| 101|0x0000000086500000, 0x0000000086500000, 0x0000000086600000|  0%| F|  |TAMS 0x0000000086500000, 0x0000000086500000| Untracked 
| 102|0x0000000086600000, 0x0000000086600000, 0x0000000086700000|  0%| F|  |TAMS 0x0000000086600000, 0x0000000086600000| Untracked 
| 103|0x0000000086700000, 0x0000000086700000, 0x0000000086800000|  0%| F|  |TAMS 0x0000000086700000, 0x0000000086700000| Untracked 
| 104|0x0000000086800000, 0x0000000086800000, 0x0000000086900000|  0%| F|  |TAMS 0x0000000086800000, 0x0000000086800000| Untracked 
| 105|0x0000000086900000, 0x0000000086900000, 0x0000000086a00000|  0%| F|  |TAMS 0x0000000086900000, 0x0000000086900000| Untracked 
| 106|0x0000000086a00000, 0x0000000086a00000, 0x0000000086b00000|  0%| F|  |TAMS 0x0000000086a00000, 0x0000000086a00000| Untracked 
| 107|0x0000000086b00000, 0x0000000086b00000, 0x0000000086c00000|  0%| F|  |TAMS 0x0000000086b00000, 0x0000000086b00000| Untracked 
| 108|0x0000000086c00000, 0x0000000086c00000, 0x0000000086d00000|  0%| F|  |TAMS 0x0000000086c00000, 0x0000000086c00000| Untracked 
| 109|0x0000000086d00000, 0x0000000086d00000, 0x0000000086e00000|  0%| F|  |TAMS 0x0000000086d00000, 0x0000000086d00000| Untracked 
| 110|0x0000000086e00000, 0x0000000086e00000, 0x0000000086f00000|  0%| F|  |TAMS 0x0000000086e00000, 0x0000000086e00000| Untracked 
| 111|0x0000000086f00000, 0x0000000086f00000, 0x0000000087000000|  0%| F|  |TAMS 0x0000000086f00000, 0x0000000086f00000| Untracked 
| 112|0x0000000087000000, 0x0000000087000000, 0x0000000087100000|  0%| F|  |TAMS 0x0000000087000000, 0x0000000087000000| Untracked 
| 113|0x0000000087100000, 0x0000000087100000, 0x0000000087200000|  0%| F|  |TAMS 0x0000000087100000, 0x0000000087100000| Untracked 
| 114|0x0000000087200000, 0x0000000087200000, 0x0000000087300000|  0%| F|  |TAMS 0x0000000087200000, 0x0000000087200000| Untracked 
| 115|0x0000000087300000, 0x0000000087300000, 0x0000000087400000|  0%| F|  |TAMS 0x0000000087300000, 0x0000000087300000| Untracked 
| 116|0x0000000087400000, 0x00000000874a8b60, 0x0000000087500000| 65%| S|CS|TAMS 0x0000000087400000, 0x0000000087400000| Complete 
| 117|0x0000000087500000, 0x0000000087600000, 0x0000000087600000|100%| S|CS|TAMS 0x0000000087500000, 0x0000000087500000| Complete 
| 118|0x0000000087600000, 0x0000000087700000, 0x0000000087700000|100%| S|CS|TAMS 0x0000000087600000, 0x0000000087600000| Complete 
| 119|0x0000000087700000, 0x0000000087700000, 0x0000000087800000|  0%| F|  |TAMS 0x0000000087700000, 0x0000000087700000| Untracked 
| 120|0x0000000087800000, 0x0000000087800000, 0x0000000087900000|  0%| F|  |TAMS 0x0000000087800000, 0x0000000087800000| Untracked 
| 121|0x0000000087900000, 0x0000000087900000, 0x0000000087a00000|  0%| F|  |TAMS 0x0000000087900000, 0x0000000087900000| Untracked 
| 122|0x0000000087a00000, 0x0000000087a00000, 0x0000000087b00000|  0%| F|  |TAMS 0x0000000087a00000, 0x0000000087a00000| Untracked 
| 123|0x0000000087b00000, 0x0000000087c00000, 0x0000000087c00000|100%| S|CS|TAMS 0x0000000087b00000, 0x0000000087b00000| Complete 
| 124|0x0000000087c00000, 0x0000000087c00000, 0x0000000087d00000|  0%| F|  |TAMS 0x0000000087c00000, 0x0000000087c00000| Untracked 
| 125|0x0000000087d00000, 0x0000000087d00000, 0x0000000087e00000|  0%| F|  |TAMS 0x0000000087d00000, 0x0000000087d00000| Untracked 
| 126|0x0000000087e00000, 0x0000000087e00000, 0x0000000087f00000|  0%| F|  |TAMS 0x0000000087e00000, 0x0000000087e00000| Untracked 
| 127|0x0000000087f00000, 0x0000000087f00000, 0x0000000088000000|  0%| F|  |TAMS 0x0000000087f00000, 0x0000000087f00000| Untracked 
| 128|0x0000000088000000, 0x0000000088000000, 0x0000000088100000|  0%| F|  |TAMS 0x0000000088000000, 0x0000000088000000| Untracked 
| 129|0x0000000088100000, 0x0000000088100000, 0x0000000088200000|  0%| F|  |TAMS 0x0000000088100000, 0x0000000088100000| Untracked 
| 130|0x0000000088200000, 0x0000000088200000, 0x0000000088300000|  0%| F|  |TAMS 0x0000000088200000, 0x0000000088200000| Untracked 
| 131|0x0000000088300000, 0x0000000088300000, 0x0000000088400000|  0%| F|  |TAMS 0x0000000088300000, 0x0000000088300000| Untracked 
| 132|0x0000000088400000, 0x0000000088400000, 0x0000000088500000|  0%| F|  |TAMS 0x0000000088400000, 0x0000000088400000| Untracked 
| 133|0x0000000088500000, 0x0000000088500000, 0x0000000088600000|  0%| F|  |TAMS 0x0000000088500000, 0x0000000088500000| Untracked 
| 134|0x0000000088600000, 0x0000000088600000, 0x0000000088700000|  0%| F|  |TAMS 0x0000000088600000, 0x0000000088600000| Untracked 
| 135|0x0000000088700000, 0x0000000088797308, 0x0000000088800000| 59%| E|  |TAMS 0x0000000088700000, 0x0000000088700000| Complete 
| 136|0x0000000088800000, 0x0000000088900000, 0x0000000088900000|100%| E|CS|TAMS 0x0000000088800000, 0x0000000088800000| Complete 
| 137|0x0000000088900000, 0x0000000088a00000, 0x0000000088a00000|100%| E|CS|TAMS 0x0000000088900000, 0x0000000088900000| Complete 
| 138|0x0000000088a00000, 0x0000000088b00000, 0x0000000088b00000|100%| E|CS|TAMS 0x0000000088a00000, 0x0000000088a00000| Complete 
| 139|0x0000000088b00000, 0x0000000088c00000, 0x0000000088c00000|100%| E|CS|TAMS 0x0000000088b00000, 0x0000000088b00000| Complete 
| 140|0x0000000088c00000, 0x0000000088d00000, 0x0000000088d00000|100%| E|CS|TAMS 0x0000000088c00000, 0x0000000088c00000| Complete 
| 141|0x0000000088d00000, 0x0000000088e00000, 0x0000000088e00000|100%| E|CS|TAMS 0x0000000088d00000, 0x0000000088d00000| Complete 
| 142|0x0000000088e00000, 0x0000000088f00000, 0x0000000088f00000|100%| E|CS|TAMS 0x0000000088e00000, 0x0000000088e00000| Complete 
| 143|0x0000000088f00000, 0x0000000089000000, 0x0000000089000000|100%| E|CS|TAMS 0x0000000088f00000, 0x0000000088f00000| Complete 
| 144|0x0000000089000000, 0x0000000089100000, 0x0000000089100000|100%| E|CS|TAMS 0x0000000089000000, 0x0000000089000000| Complete 
| 145|0x0000000089100000, 0x0000000089200000, 0x0000000089200000|100%| E|CS|TAMS 0x0000000089100000, 0x0000000089100000| Complete 
| 146|0x0000000089200000, 0x0000000089300000, 0x0000000089300000|100%| E|CS|TAMS 0x0000000089200000, 0x0000000089200000| Complete 
| 147|0x0000000089300000, 0x0000000089400000, 0x0000000089400000|100%| E|CS|TAMS 0x0000000089300000, 0x0000000089300000| Complete 
| 148|0x0000000089400000, 0x0000000089500000, 0x0000000089500000|100%| E|CS|TAMS 0x0000000089400000, 0x0000000089400000| Complete 
| 149|0x0000000089500000, 0x0000000089600000, 0x0000000089600000|100%| E|CS|TAMS 0x0000000089500000, 0x0000000089500000| Complete 
| 150|0x0000000089600000, 0x0000000089700000, 0x0000000089700000|100%| E|CS|TAMS 0x0000000089600000, 0x0000000089600000| Complete 
| 151|0x0000000089700000, 0x0000000089800000, 0x0000000089800000|100%| E|CS|TAMS 0x0000000089700000, 0x0000000089700000| Complete 
| 152|0x0000000089800000, 0x0000000089900000, 0x0000000089900000|100%| E|CS|TAMS 0x0000000089800000, 0x0000000089800000| Complete 
| 153|0x0000000089900000, 0x0000000089a00000, 0x0000000089a00000|100%| E|CS|TAMS 0x0000000089900000, 0x0000000089900000| Complete 
| 154|0x0000000089a00000, 0x0000000089b00000, 0x0000000089b00000|100%| E|CS|TAMS 0x0000000089a00000, 0x0000000089a00000| Complete 
| 225|0x000000008e100000, 0x000000008e200000, 0x000000008e200000|100%| E|CS|TAMS 0x000000008e100000, 0x000000008e100000| Complete 
| 247|0x000000008f700000, 0x000000008f800000, 0x000000008f800000|100%| E|CS|TAMS 0x000000008f700000, 0x000000008f700000| Complete 

Card table byte_map: [0x00000233228f0000,0x0000023322cf0000] _byte_map_base: 0x00000233224f0000

Marking Bits (Prev, Next): (CMBitMap*) 0x000002330ae6af50, (CMBitMap*) 0x000002330ae6af10
 Prev Bits: [0x00000233250f0000, 0x00000233270f0000)
 Next Bits: [0x00000233230f0000, 0x00000233250f0000)

Polling page: 0x0000023308dc0000

Metaspace:

Usage:
  Non-class:     65.78 MB used.
      Class:     10.52 MB used.
       Both:     76.30 MB used.

Virtual space:
  Non-class space:      128.00 MB reserved,      66.12 MB ( 52%) committed,  2 nodes.
      Class space:      416.00 MB reserved,      10.88 MB (  3%) committed,  1 nodes.
             Both:      544.00 MB reserved,      77.00 MB ( 14%) committed. 

Chunk freelists:
   Non-Class:  13.69 MB
       Class:  5.18 MB
        Both:  18.87 MB

MaxMetaspaceSize: 512.00 MB
CompressedClassSpaceSize: 416.00 MB
Initial GC threshold: 21.00 MB
Current GC threshold: 125.31 MB
CDS: on
MetaspaceReclaimPolicy: balanced
 - commit_granule_bytes: 65536.
 - commit_granule_words: 8192.
 - virtual_space_node_default_size: 8388608.
 - enlarge_chunks_in_place: 1.
 - new_chunks_are_fully_committed: 0.
 - uncommit_free_chunks: 1.
 - use_allocation_guard: 0.
 - handle_deallocations: 1.


Internal statistics:

num_allocs_failed_limit: 6.
num_arena_births: 878.
num_arena_deaths: 0.
num_vsnodes_births: 3.
num_vsnodes_deaths: 0.
num_space_committed: 1232.
num_space_uncommitted: 0.
num_chunks_returned_to_freelist: 6.
num_chunks_taken_from_freelist: 4064.
num_chunk_merges: 6.
num_chunk_splits: 2729.
num_chunks_enlarged: 1858.
num_inconsistent_stats: 0.

CodeHeap 'non-profiled nmethods': size=119168Kb used=4860Kb max_used=5110Kb free=114307Kb
 bounds [0x000002331a4e0000, 0x000002331a9e0000, 0x0000023321940000]
CodeHeap 'profiled nmethods': size=119104Kb used=16496Kb max_used=16929Kb free=102607Kb
 bounds [0x0000023312940000, 0x00000233139f0000, 0x0000023319d90000]
CodeHeap 'non-nmethods': size=7488Kb used=3504Kb max_used=4119Kb free=3983Kb
 bounds [0x0000023319d90000, 0x000002331a1a0000, 0x000002331a4e0000]
 total_blobs=9432 nmethods=8526 adapters=814
 compilation: enabled
              stopped_count=0, restarted_count=0
 full_count=0

Compilation events (20 events):
Event: 22.059 Thread 0x000002334ac39a10 9964       3       org.codehaus.groovy.util.LockableObject::lock (25 bytes)
Event: 22.060 Thread 0x000002334ac39a10 nmethod 9964 0x0000023312fe8890 code [0x0000023312fe8a40, 0x0000023312fe8cb8]
Event: 22.061 Thread 0x000002332a1d8e50 9965       3       org.codehaus.groovy.util.LockableObject::unlock (7 bytes)
Event: 22.061 Thread 0x000002332a1d8e50 nmethod 9965 0x00000233132adc10 code [0x00000233132addc0, 0x00000233132ae098]
Event: 22.062 Thread 0x000002335475a470 nmethod 9961 0x000002331a781a10 code [0x000002331a781bc0, 0x000002331a781f28]
Event: 22.062 Thread 0x000002335475a470 9941       4       java.lang.PublicMethods$MethodList::getMostSpecific (63 bytes)
Event: 22.063 Thread 0x000002335475a470 nmethod 9941 0x000002331a781510 code [0x000002331a7816a0, 0x000002331a7818d8]
Event: 22.063 Thread 0x000002335475a470 9940       4       java.lang.Class::getReflectionFactory (28 bytes)
Event: 22.064 Thread 0x000002335475a470 nmethod 9940 0x000002331a5f7d10 code [0x000002331a5f7e80, 0x000002331a5f7ef8]
Event: 22.064 Thread 0x000002335475a470 9913   !   4       org.codehaus.groovy.reflection.stdclasses.CachedSAMClass::hasUsableImplementation (72 bytes)
Event: 22.088 Thread 0x000002332a1c8530 nmethod 9902 0x000002331a793010 code [0x000002331a7938e0, 0x000002331a79c930]
Event: 22.088 Thread 0x000002332a1c8530 9959       4       java.util.Hashtable$Enumerator::nextElement (111 bytes)
Event: 22.090 Thread 0x000002332a1c8530 nmethod 9959 0x000002331a7de110 code [0x000002331a7de280, 0x000002331a7de5d8]
Event: 22.090 Thread 0x000002332a1c8530 9960       4       java.util.Hashtable$Enumerator::next (27 bytes)
Event: 22.091 Thread 0x000002332a1c8530 nmethod 9960 0x000002331a691510 code [0x000002331a6916a0, 0x000002331a691a38]
Event: 22.091 Thread 0x000002332a1c8530 9924       4       com.sun.beans.TypeResolver::erase (157 bytes)
Event: 22.111 Thread 0x000002332a1c8530 nmethod 9924 0x000002331a7c0c90 code [0x000002331a7c0f00, 0x000002331a7c1a00]
Event: 22.112 Thread 0x000002332a1c8530 9954       4       java.beans.MethodRef::set (58 bytes)
Event: 22.149 Thread 0x000002334b72bed0 nmethod 9938 0x000002331a988f10 code [0x000002331a989300, 0x000002331a98cea0]
Event: 22.173 Thread 0x000002334c261510 nmethod 9942 0x000002331a982690 code [0x000002331a982ae0, 0x000002331a986b98]

GC Heap History (20 events):
Event: 18.167 GC heap before
{Heap before GC invocations=37 (full 0):
 garbage-first heap   total 119808K, used 68251K [0x0000000080000000, 0x0000000100000000)
  region size 1024K, 3 young (3072K), 2 survivors (2048K)
 Metaspace       used 64835K, committed 65536K, reserved 491520K
  class space    used 9159K, committed 9472K, reserved 425984K
}
Event: 18.170 GC heap after
{Heap after GC invocations=38 (full 0):
 garbage-first heap   total 119808K, used 68553K [0x0000000080000000, 0x0000000100000000)
  region size 1024K, 2 young (2048K), 2 survivors (2048K)
 Metaspace       used 64835K, committed 65536K, reserved 491520K
  class space    used 9159K, committed 9472K, reserved 425984K
}
Event: 18.663 GC heap before
{Heap before GC invocations=39 (full 0):
 garbage-first heap   total 121856K, used 89033K [0x0000000080000000, 0x0000000100000000)
  region size 1024K, 22 young (22528K), 2 survivors (2048K)
 Metaspace       used 66169K, committed 66880K, reserved 491520K
  class space    used 9330K, committed 9664K, reserved 425984K
}
Event: 18.669 GC heap after
{Heap after GC invocations=40 (full 0):
 garbage-first heap   total 121856K, used 73209K [0x0000000080000000, 0x0000000100000000)
  region size 1024K, 3 young (3072K), 3 survivors (3072K)
 Metaspace       used 66169K, committed 66880K, reserved 491520K
  class space    used 9330K, committed 9664K, reserved 425984K
}
Event: 19.016 GC heap before
{Heap before GC invocations=40 (full 0):
 garbage-first heap   total 121856K, used 91641K [0x0000000080000000, 0x0000000100000000)
  region size 1024K, 22 young (22528K), 3 survivors (3072K)
 Metaspace       used 68046K, committed 68800K, reserved 491520K
  class space    used 9527K, committed 9856K, reserved 425984K
}
Event: 19.019 GC heap after
{Heap after GC invocations=41 (full 0):
 garbage-first heap   total 160768K, used 73534K [0x0000000080000000, 0x0000000100000000)
  region size 1024K, 1 young (1024K), 1 survivors (1024K)
 Metaspace       used 68046K, committed 68800K, reserved 491520K
  class space    used 9527K, committed 9856K, reserved 425984K
}
Event: 19.336 GC heap before
{Heap before GC invocations=42 (full 0):
 garbage-first heap   total 160768K, used 86846K [0x0000000080000000, 0x0000000100000000)
  region size 1024K, 15 young (15360K), 1 survivors (1024K)
 Metaspace       used 69132K, committed 69888K, reserved 491520K
  class space    used 9634K, committed 9984K, reserved 425984K
}
Event: 19.340 GC heap after
{Heap after GC invocations=43 (full 0):
 garbage-first heap   total 160768K, used 75720K [0x0000000080000000, 0x0000000100000000)
  region size 1024K, 3 young (3072K), 3 survivors (3072K)
 Metaspace       used 69132K, committed 69888K, reserved 491520K
  class space    used 9634K, committed 9984K, reserved 425984K
}
Event: 20.124 GC heap before
{Heap before GC invocations=44 (full 0):
 garbage-first heap   total 160768K, used 99272K [0x0000000080000000, 0x0000000100000000)
  region size 1024K, 26 young (26624K), 3 survivors (3072K)
 Metaspace       used 71780K, committed 72576K, reserved 491520K
  class space    used 9935K, committed 10304K, reserved 425984K
}
Event: 20.127 GC heap after
{Heap after GC invocations=45 (full 0):
 garbage-first heap   total 160768K, used 77992K [0x0000000080000000, 0x0000000100000000)
  region size 1024K, 5 young (5120K), 5 survivors (5120K)
 Metaspace       used 71780K, committed 72576K, reserved 491520K
  class space    used 9935K, committed 10304K, reserved 425984K
}
Event: 20.173 GC heap before
{Heap before GC invocations=46 (full 0):
 garbage-first heap   total 160768K, used 82088K [0x0000000080000000, 0x0000000100000000)
  region size 1024K, 9 young (9216K), 5 survivors (5120K)
 Metaspace       used 71780K, committed 72576K, reserved 491520K
  class space    used 9935K, committed 10304K, reserved 425984K
}
Event: 20.176 GC heap after
{Heap after GC invocations=47 (full 0):
 garbage-first heap   total 160768K, used 80700K [0x0000000080000000, 0x0000000100000000)
  region size 1024K, 5 young (5120K), 5 survivors (5120K)
 Metaspace       used 71780K, committed 72576K, reserved 491520K
  class space    used 9935K, committed 10304K, reserved 425984K
}
Event: 20.229 GC heap before
{Heap before GC invocations=48 (full 0):
 garbage-first heap   total 160768K, used 88892K [0x0000000080000000, 0x0000000100000000)
  region size 1024K, 11 young (11264K), 5 survivors (5120K)
 Metaspace       used 71787K, committed 72576K, reserved 491520K
  class space    used 9936K, committed 10304K, reserved 425984K
}
Event: 20.232 GC heap after
{Heap after GC invocations=49 (full 0):
 garbage-first heap   total 160768K, used 83939K [0x0000000080000000, 0x0000000100000000)
  region size 1024K, 4 young (4096K), 4 survivors (4096K)
 Metaspace       used 71787K, committed 72576K, reserved 491520K
  class space    used 9936K, committed 10304K, reserved 425984K
}
Event: 20.775 GC heap before
{Heap before GC invocations=50 (full 0):
 garbage-first heap   total 160768K, used 112611K [0x0000000080000000, 0x0000000100000000)
  region size 1024K, 31 young (31744K), 4 survivors (4096K)
 Metaspace       used 73661K, committed 74432K, reserved 491520K
  class space    used 10192K, committed 10560K, reserved 425984K
}
Event: 20.779 GC heap after
{Heap after GC invocations=51 (full 0):
 garbage-first heap   total 160768K, used 81997K [0x0000000080000000, 0x0000000100000000)
  region size 1024K, 3 young (3072K), 3 survivors (3072K)
 Metaspace       used 73661K, committed 74432K, reserved 491520K
  class space    used 10192K, committed 10560K, reserved 425984K
}
Event: 21.279 GC heap before
{Heap before GC invocations=51 (full 0):
 garbage-first heap   total 160768K, used 113741K [0x0000000080000000, 0x0000000100000000)
  region size 1024K, 34 young (34816K), 3 survivors (3072K)
 Metaspace       used 76254K, committed 76992K, reserved 557056K
  class space    used 10524K, committed 10880K, reserved 425984K
}
Event: 21.285 GC heap after
{Heap after GC invocations=52 (full 0):
 garbage-first heap   total 160768K, used 82684K [0x0000000080000000, 0x0000000100000000)
  region size 1024K, 4 young (4096K), 4 survivors (4096K)
 Metaspace       used 76254K, committed 76992K, reserved 557056K
  class space    used 10524K, committed 10880K, reserved 425984K
}
Event: 21.801 GC heap before
{Heap before GC invocations=53 (full 0):
 garbage-first heap   total 160768K, used 116476K [0x0000000080000000, 0x0000000100000000)
  region size 1024K, 37 young (37888K), 4 survivors (4096K)
 Metaspace       used 78036K, committed 78784K, reserved 557056K
  class space    used 10766K, committed 11072K, reserved 425984K
}
Event: 21.806 GC heap after
{Heap after GC invocations=54 (full 0):
 garbage-first heap   total 160768K, used 85151K [0x0000000080000000, 0x0000000100000000)
  region size 1024K, 4 young (4096K), 4 survivors (4096K)
 Metaspace       used 78036K, committed 78784K, reserved 557056K
  class space    used 10766K, committed 11072K, reserved 425984K
}

Dll operation events (15 events):
Event: 0.006 Loaded shared library C:\Program Files\Amazon Corretto\jdk17.0.14_7\bin\java.dll
Event: 0.038 Loaded shared library C:\Program Files\Amazon Corretto\jdk17.0.14_7\bin\jsvml.dll
Event: 0.077 Loaded shared library C:\Program Files\Amazon Corretto\jdk17.0.14_7\bin\zip.dll
Event: 0.080 Loaded shared library C:\Program Files\Amazon Corretto\jdk17.0.14_7\bin\instrument.dll
Event: 0.083 Loaded shared library C:\Program Files\Amazon Corretto\jdk17.0.14_7\bin\net.dll
Event: 0.085 Loaded shared library C:\Program Files\Amazon Corretto\jdk17.0.14_7\bin\nio.dll
Event: 0.094 Loaded shared library C:\Program Files\Amazon Corretto\jdk17.0.14_7\bin\zip.dll
Event: 0.231 Loaded shared library C:\Program Files\Amazon Corretto\jdk17.0.14_7\bin\jimage.dll
Event: 0.287 Loaded shared library C:\Program Files\Amazon Corretto\jdk17.0.14_7\bin\verify.dll
Event: 0.420 Loaded shared library C:\Users\LENOVO\.gradle\native\68d5fa5c4cc2d200863cafc0d521ce42e7d3e7ee720ec0a83991735586a16f82\windows-amd64\native-platform.dll
Event: 0.438 Loaded shared library C:\Users\LENOVO\.gradle\native\e376f236ea51e6404a007f0833ffe2c6e607c4080706a723a18a27aeea778392\windows-amd64\native-platform-file-events.dll
Event: 1.090 Loaded shared library C:\Program Files\Amazon Corretto\jdk17.0.14_7\bin\management.dll
Event: 1.092 Loaded shared library C:\Program Files\Amazon Corretto\jdk17.0.14_7\bin\management_ext.dll
Event: 1.234 Loaded shared library C:\Program Files\Amazon Corretto\jdk17.0.14_7\bin\extnet.dll
Event: 1.379 Loaded shared library C:\Program Files\Amazon Corretto\jdk17.0.14_7\bin\sunmscapi.dll

Deoptimization events (20 events):
Event: 21.640 Thread 0x000002334b6c29d0 DEOPT PACKING pc=0x000002331a729d80 sp=0x000000ccd44f7a60
Event: 21.640 Thread 0x000002334b6c29d0 DEOPT UNPACKING pc=0x0000023319de69a3 sp=0x000000ccd44f7948 mode 2
Event: 21.646 Thread 0x000002334b6c29d0 DEOPT PACKING pc=0x00000233135abb85 sp=0x000000ccd44f6db0
Event: 21.646 Thread 0x000002334b6c29d0 DEOPT UNPACKING pc=0x0000023319de7143 sp=0x000000ccd44f62d8 mode 0
Event: 21.647 Thread 0x000002334b6c29d0 Uncommon trap: trap_request=0xffffffc6 fr.pc=0x000002331a75ad58 relative=0x0000000000000238
Event: 21.647 Thread 0x000002334b6c29d0 Uncommon trap: reason=bimorphic_or_optimized_type_check action=maybe_recompile pc=0x000002331a75ad58 method=java.util.stream.StreamOpFlag.fromCharacteristics(Ljava/util/Spliterator;)I @ 14 c2
Event: 21.647 Thread 0x000002334b6c29d0 DEOPT PACKING pc=0x000002331a75ad58 sp=0x000000ccd44f79c0
Event: 21.647 Thread 0x000002334b6c29d0 DEOPT UNPACKING pc=0x0000023319de69a3 sp=0x000000ccd44f7910 mode 2
Event: 21.968 Thread 0x000002334b6c29d0 Uncommon trap: trap_request=0xfffffff4 fr.pc=0x000002331a87e550 relative=0x0000000000002f50
Event: 21.968 Thread 0x000002334b6c29d0 Uncommon trap: reason=null_check action=make_not_entrant pc=0x000002331a87e550 method=java.lang.PublicMethods$MethodList.getMostSpecific()Ljava/lang/reflect/Method; @ 41 c2
Event: 21.968 Thread 0x000002334b6c29d0 DEOPT PACKING pc=0x000002331a87e550 sp=0x000000ccd44f3500
Event: 21.968 Thread 0x000002334b6c29d0 DEOPT UNPACKING pc=0x0000023319de69a3 sp=0x000000ccd44f3400 mode 2
Event: 21.968 Thread 0x000002334b6c29d0 Uncommon trap: trap_request=0xfffffff4 fr.pc=0x000002331a771b3c relative=0x000000000000019c
Event: 21.968 Thread 0x000002334b6c29d0 Uncommon trap: reason=null_check action=make_not_entrant pc=0x000002331a771b3c method=java.lang.PublicMethods$MethodList.getMostSpecific()Ljava/lang/reflect/Method; @ 41 c2
Event: 21.968 Thread 0x000002334b6c29d0 DEOPT PACKING pc=0x000002331a771b3c sp=0x000000ccd44f34e0
Event: 21.969 Thread 0x000002334b6c29d0 DEOPT UNPACKING pc=0x0000023319de69a3 sp=0x000000ccd44f33f8 mode 2
Event: 22.031 Thread 0x000002334b6c29d0 Uncommon trap: trap_request=0xffffff45 fr.pc=0x000002331a759154 relative=0x00000000000011d4
Event: 22.031 Thread 0x000002334b6c29d0 Uncommon trap: reason=unstable_if action=reinterpret pc=0x000002331a759154 method=org.codehaus.groovy.runtime.metaclass.MetaMethodIndex.isOverridden(Lgroovy/lang/MetaMethod;Lgroovy/lang/MetaMethod;)Z @ 52 c2
Event: 22.031 Thread 0x000002334b6c29d0 DEOPT PACKING pc=0x000002331a759154 sp=0x000000ccd44f4730
Event: 22.031 Thread 0x000002334b6c29d0 DEOPT UNPACKING pc=0x0000023319de69a3 sp=0x000000ccd44f4688 mode 2

Classes loaded (20 events):
Event: 20.098 Loading class java/util/Base64$Encoder
Event: 20.099 Loading class java/util/Base64$Encoder done
Event: 20.101 Loading class java/util/jar/JarVerifier$VerifierStream
Event: 20.101 Loading class java/util/jar/JarVerifier$VerifierStream done
Event: 20.101 Loading class sun/security/util/ManifestEntryVerifier$SunProviderHolder
Event: 20.101 Loading class sun/security/util/ManifestEntryVerifier$SunProviderHolder done
Event: 20.274 Loading class java/security/KeyStore$ProtectionParameter
Event: 20.274 Loading class java/security/KeyStore$ProtectionParameter done
Event: 20.843 Loading class java/security/KeyStore
Event: 20.844 Loading class java/security/KeyStore done
Event: 20.844 Loading class java/security/KeyStore$1
Event: 20.844 Loading class java/security/KeyStore$1 done
Event: 20.991 Loading class javax/xml/stream/XMLStreamException
Event: 20.992 Loading class javax/xml/stream/XMLStreamException done
Event: 21.039 Loading class sun/reflect/annotation/AnnotationInvocationHandler$1
Event: 21.039 Loading class sun/reflect/annotation/AnnotationInvocationHandler$1 done
Event: 21.636 Loading class java/util/regex/Pattern$Pos
Event: 21.637 Loading class java/util/regex/Pattern$Pos done
Event: 21.848 Loading class java/beans/IntrospectionException
Event: 21.848 Loading class java/beans/IntrospectionException done

Classes unloaded (0 events):
No events

Classes redefined (0 events):
No events

Internal exceptions (20 events):
Event: 21.927 Thread 0x000002334b6c29d0 Exception <a 'java/lang/ClassNotFoundException'{0x0000000089165bd8}: com/android/builder/signing/DefaultSigningConfigBeanInfo> (0x0000000089165bd8) 
thrown [s\src\hotspot\share\classfile\systemDictionary.cpp, line 256]
Event: 21.928 Thread 0x000002334b6c29d0 Exception <a 'java/lang/ClassNotFoundException'{0x0000000089173380}: com/android/builder/signing/DefaultSigningConfigCustomizer> (0x0000000089173380) 
thrown [s\src\hotspot\share\classfile\systemDictionary.cpp, line 256]
Event: 21.932 Thread 0x000002334b6c29d0 Exception <a 'java/lang/ClassNotFoundException'{0x0000000089198b08}: com/android/build/gradle/internal/dsl/SigningConfigCustomizer> (0x0000000089198b08) 
thrown [s\src\hotspot\share\classfile\systemDictionary.cpp, line 256]
Event: 21.933 Thread 0x000002334b6c29d0 Exception <a 'java/lang/ClassNotFoundException'{0x00000000891af948}: com/android/build/gradle/internal/dsl/SigningConfig$AgpDecoratedCustomizer> (0x00000000891af948) 
thrown [s\src\hotspot\share\classfile\systemDictionary.cpp, line 256]
Event: 21.934 Thread 0x000002334b6c29d0 Exception <a 'java/lang/ClassNotFoundException'{0x00000000891e0fa0}: com/android/build/gradle/internal/dsl/SigningConfig$AgpDecorated_DecoratedCustomizer> (0x00000000891e0fa0) 
thrown [s\src\hotspot\share\classfile\systemDictionary.cpp, line 256]
Event: 21.937 Thread 0x000002334b6c29d0 Exception <a 'java/lang/ClassNotFoundException'{0x0000000089049dd8}: build_bw5trf48abjzas475fptqooc6$_run_closure2$_closure5BeanInfo> (0x0000000089049dd8) 
thrown [s\src\hotspot\share\classfile\systemDictionary.cpp, line 256]
Event: 21.940 Thread 0x000002334b6c29d0 Exception <a 'java/lang/ClassNotFoundException'{0x0000000089054620}: build_bw5trf48abjzas475fptqooc6$_run_closure2$_closure5Customizer> (0x0000000089054620) 
thrown [s\src\hotspot\share\classfile\systemDictionary.cpp, line 256]
Event: 21.941 Thread 0x000002334b6c29d0 Exception <a 'java/lang/ClassNotFoundException'{0x00000000890785c8}: build_bw5trf48abjzas475fptqooc6$_run_closure2BeanInfo> (0x00000000890785c8) 
thrown [s\src\hotspot\share\classfile\systemDictionary.cpp, line 256]
Event: 21.942 Thread 0x000002334b6c29d0 Exception <a 'java/lang/ClassNotFoundException'{0x00000000890834e8}: build_bw5trf48abjzas475fptqooc6$_run_closure2Customizer> (0x00000000890834e8) 
thrown [s\src\hotspot\share\classfile\systemDictionary.cpp, line 256]
Event: 21.968 Thread 0x000002334b6c29d0 Implicit null exception at 0x000002331a771a2d to 0x000002331a771b1c
Event: 22.037 Thread 0x000002334b6c29d0 Exception <a 'java/lang/ClassNotFoundException'{0x0000000088aace30}: com/android/build/gradle/internal/dsl/BuildType$AgpDecorated_DecoratedBeanInfo> (0x0000000088aace30) 
thrown [s\src\hotspot\share\classfile\systemDictionary.cpp, line 256]
Event: 22.038 Thread 0x000002334b6c29d0 Exception <a 'java/lang/ClassNotFoundException'{0x0000000088aba7e0}: com/android/build/gradle/internal/dsl/BuildType$AgpDecoratedBeanInfo> (0x0000000088aba7e0) 
thrown [s\src\hotspot\share\classfile\systemDictionary.cpp, line 256]
Event: 22.038 Thread 0x000002334b6c29d0 Exception <a 'java/lang/ClassNotFoundException'{0x0000000088ac8020}: com/android/build/gradle/internal/dsl/BuildTypeBeanInfo> (0x0000000088ac8020) 
thrown [s\src\hotspot\share\classfile\systemDictionary.cpp, line 256]
Event: 22.039 Thread 0x000002334b6c29d0 Exception <a 'java/lang/ClassNotFoundException'{0x0000000088ad5638}: com/android/builder/core/AbstractBuildTypeBeanInfo> (0x0000000088ad5638) 
thrown [s\src\hotspot\share\classfile\systemDictionary.cpp, line 256]
Event: 22.040 Thread 0x000002334b6c29d0 Exception <a 'java/lang/ClassNotFoundException'{0x0000000088ae2c40}: com/android/builder/core/AbstractBuildTypeCustomizer> (0x0000000088ae2c40) 
thrown [s\src\hotspot\share\classfile\systemDictionary.cpp, line 256]
Event: 22.042 Thread 0x000002334b6c29d0 Exception <a 'java/lang/ClassNotFoundException'{0x000000008890d300}: com/android/build/gradle/internal/dsl/BuildTypeCustomizer> (0x000000008890d300) 
thrown [s\src\hotspot\share\classfile\systemDictionary.cpp, line 256]
Event: 22.045 Thread 0x000002334b6c29d0 Exception <a 'java/lang/ClassNotFoundException'{0x00000000889a0018}: com/android/build/gradle/internal/dsl/BuildType$AgpDecoratedCustomizer> (0x00000000889a0018) 
thrown [s\src\hotspot\share\classfile\systemDictionary.cpp, line 256]
Event: 22.048 Thread 0x000002334b6c29d0 Exception <a 'java/lang/ClassNotFoundException'{0x00000000889f1dc8}: com/android/build/gradle/internal/dsl/BuildType$AgpDecorated_DecoratedCustomizer> (0x00000000889f1dc8) 
thrown [s\src\hotspot\share\classfile\systemDictionary.cpp, line 256]
Event: 22.093 Thread 0x000002334b6c29d0 Exception <a 'java/lang/ClassNotFoundException'{0x00000000888de408}: build_bw5trf48abjzas475fptqooc6$_run_closure2$_closure6BeanInfo> (0x00000000888de408) 
thrown [s\src\hotspot\share\classfile\systemDictionary.cpp, line 256]
Event: 22.096 Thread 0x000002334b6c29d0 Exception <a 'java/lang/ClassNotFoundException'{0x00000000888e8c50}: build_bw5trf48abjzas475fptqooc6$_run_closure2$_closure6Customizer> (0x00000000888e8c50) 
thrown [s\src\hotspot\share\classfile\systemDictionary.cpp, line 256]

VM Operations (20 events):
Event: 20.255 Executing VM operation: G1PauseCleanup done
Event: 20.556 Executing VM operation: HandshakeAllThreads
Event: 20.559 Executing VM operation: HandshakeAllThreads done
Event: 20.574 Executing VM operation: HandshakeAllThreads
Event: 20.574 Executing VM operation: HandshakeAllThreads done
Event: 20.775 Executing VM operation: G1CollectForAllocation
Event: 20.779 Executing VM operation: G1CollectForAllocation done
Event: 20.853 Executing VM operation: HandshakeAllThreads
Event: 20.854 Executing VM operation: HandshakeAllThreads done
Event: 21.262 Executing VM operation: ICBufferFull
Event: 21.262 Executing VM operation: ICBufferFull done
Event: 21.279 Executing VM operation: G1CollectForAllocation
Event: 21.285 Executing VM operation: G1CollectForAllocation done
Event: 21.318 Executing VM operation: G1PauseRemark
Event: 21.324 Executing VM operation: G1PauseRemark done
Event: 21.333 Executing VM operation: G1PauseCleanup
Event: 21.333 Executing VM operation: G1PauseCleanup done
Event: 21.800 Executing VM operation: G1CollectForAllocation
Event: 21.806 Executing VM operation: G1CollectForAllocation done
Event: 22.813 Executing VM operation: Cleanup

Memory protections (0 events):
No events

Nmethod flushes (20 events):
Event: 20.860 Thread 0x000002332a5a9f70 flushing  nmethod 0x00000233137cbf10
Event: 20.860 Thread 0x000002332a5a9f70 flushing  nmethod 0x00000233137d5490
Event: 20.860 Thread 0x000002332a5a9f70 flushing  nmethod 0x0000023313813510
Event: 20.860 Thread 0x000002332a5a9f70 flushing  nmethod 0x0000023313841110
Event: 20.860 Thread 0x000002332a5a9f70 flushing  nmethod 0x0000023313869810
Event: 20.861 Thread 0x000002332a5a9f70 flushing  nmethod 0x0000023313914590
Event: 20.861 Thread 0x000002332a5a9f70 flushing  nmethod 0x0000023313968b90
Event: 20.861 Thread 0x000002332a5a9f70 flushing  nmethod 0x0000023313969f10
Event: 20.861 Thread 0x000002332a5a9f70 flushing  nmethod 0x000002331396c590
Event: 20.861 Thread 0x000002332a5a9f70 flushing  nmethod 0x0000023313973010
Event: 20.861 Thread 0x000002332a5a9f70 flushing  nmethod 0x0000023313973610
Event: 20.861 Thread 0x000002332a5a9f70 flushing  nmethod 0x0000023313973b90
Event: 20.861 Thread 0x000002332a5a9f70 flushing  nmethod 0x0000023313973f90
Event: 20.861 Thread 0x000002332a5a9f70 flushing  nmethod 0x0000023313976790
Event: 20.861 Thread 0x000002332a5a9f70 flushing  nmethod 0x0000023313978090
Event: 20.861 Thread 0x000002332a5a9f70 flushing  nmethod 0x0000023313978990
Event: 20.861 Thread 0x000002332a5a9f70 flushing  nmethod 0x0000023313978f10
Event: 20.861 Thread 0x000002332a5a9f70 flushing  nmethod 0x000002331397c410
Event: 20.861 Thread 0x000002332a5a9f70 flushing osr nmethod 0x000002331397cd10
Event: 20.861 Thread 0x000002332a5a9f70 flushing  nmethod 0x000002331397e590

Events (20 events):
Event: 17.719 Thread 0x000002334b6c29d0 Thread added: 0x000002334e4384e0
Event: 17.719 Thread 0x000002334b6c29d0 Thread added: 0x000002334e43b270
Event: 17.719 Thread 0x000002334b6c29d0 Thread added: 0x000002334e437ac0
Event: 17.719 Thread 0x000002334b6c29d0 Thread added: 0x000002334e437fd0
Event: 17.719 Thread 0x000002334b6c29d0 Thread added: 0x000002334e43a340
Event: 17.719 Thread 0x000002334b6c29d0 Thread added: 0x000002334e43a850
Event: 17.719 Thread 0x000002334b6c29d0 Thread added: 0x000002334e43ad60
Event: 17.719 Thread 0x000002334b6c29d0 Thread added: 0x000002334e4389f0
Event: 17.719 Thread 0x000002334b6c29d0 Thread added: 0x000002334e438f00
Event: 17.920 Thread 0x000002332a1d8e50 Thread added: 0x000002334dd3b360
Event: 18.130 Thread 0x000002334dd3b360 Thread exited: 0x000002334dd3b360
Event: 18.130 Thread 0x000002334e1ecad0 Thread exited: 0x000002334e1ecad0
Event: 20.075 Thread 0x000002332a6da630 Thread added: 0x000002334e7f5130
Event: 20.075 Thread 0x000002332a6da630 Thread added: 0x000002334dd3b360
Event: 20.440 Thread 0x000002334dd3b360 Thread exited: 0x000002334dd3b360
Event: 21.027 Thread 0x000002334e7f5130 Thread exited: 0x000002334e7f5130
Event: 21.848 Thread 0x000002332a1c8530 Thread added: 0x000002334b72bed0
Event: 21.868 Thread 0x000002332a6da630 Thread added: 0x000002334d364980
Event: 22.052 Thread 0x000002334ac39a10 Thread added: 0x000002335475a470
Event: 22.052 Thread 0x000002334ac39a10 Thread added: 0x000002334c261510


Dynamic libraries:
0x00007ff64a4d0000 - 0x00007ff64a4de000 	C:\Program Files\Amazon Corretto\jdk17.0.14_7\bin\java.exe
0x00007ff843680000 - 0x00007ff8438e0000 	C:\WINDOWS\SYSTEM32\ntdll.dll
0x00007ff841d10000 - 0x00007ff841dd7000 	C:\WINDOWS\System32\KERNEL32.DLL
0x00007ff8409a0000 - 0x00007ff840d6a000 	C:\WINDOWS\System32\KERNELBASE.dll
0x00007ff840e10000 - 0x00007ff840f5b000 	C:\WINDOWS\System32\ucrtbase.dll
0x00007ff839d40000 - 0x00007ff839d5b000 	C:\Program Files\Amazon Corretto\jdk17.0.14_7\bin\VCRUNTIME140.dll
0x00007ff838b90000 - 0x00007ff838ba7000 	C:\Program Files\Amazon Corretto\jdk17.0.14_7\bin\jli.dll
0x00007ff841e00000 - 0x00007ff841fcc000 	C:\WINDOWS\System32\USER32.dll
0x00007ff841210000 - 0x00007ff841237000 	C:\WINDOWS\System32\win32u.dll
0x00007ff843030000 - 0x00007ff84305a000 	C:\WINDOWS\System32\GDI32.dll
0x00007ff840860000 - 0x00007ff840991000 	C:\WINDOWS\System32\gdi32full.dll
0x00007ff8410d0000 - 0x00007ff841173000 	C:\WINDOWS\System32\msvcp_win.dll
0x00007ff836520000 - 0x00007ff8367b7000 	C:\WINDOWS\WinSxS\amd64_microsoft.windows.common-controls_6595b64144ccf1df_6.0.26100.3624_none_3e086962e3345f24\COMCTL32.dll
0x00007ff842250000 - 0x00007ff8422f9000 	C:\WINDOWS\System32\msvcrt.dll
0x00007ff841b10000 - 0x00007ff841b3f000 	C:\WINDOWS\System32\IMM32.DLL
0x00007ff838bc0000 - 0x00007ff838bcc000 	C:\Program Files\Amazon Corretto\jdk17.0.14_7\bin\vcruntime140_1.dll
0x00007ff801230000 - 0x00007ff8012bd000 	C:\Program Files\Amazon Corretto\jdk17.0.14_7\bin\msvcp140.dll
0x00007fffe08d0000 - 0x00007fffe153c000 	C:\Program Files\Amazon Corretto\jdk17.0.14_7\bin\server\jvm.dll
0x00007ff842060000 - 0x00007ff842112000 	C:\WINDOWS\System32\ADVAPI32.dll
0x00007ff842560000 - 0x00007ff842606000 	C:\WINDOWS\System32\sechost.dll
0x00007ff842120000 - 0x00007ff842236000 	C:\WINDOWS\System32\RPCRT4.dll
0x00007ff842300000 - 0x00007ff842374000 	C:\WINDOWS\System32\WS2_32.dll
0x00007ff82c380000 - 0x00007ff82c38b000 	C:\WINDOWS\SYSTEM32\VERSION.dll
0x00007ff83d500000 - 0x00007ff83d536000 	C:\WINDOWS\SYSTEM32\WINMM.dll
0x00007ff83f4a0000 - 0x00007ff83f4fe000 	C:\WINDOWS\SYSTEM32\POWRPROF.dll
0x00007ff83f480000 - 0x00007ff83f494000 	C:\WINDOWS\SYSTEM32\UMPDC.dll
0x00007ff83f770000 - 0x00007ff83f78a000 	C:\WINDOWS\SYSTEM32\kernel.appcore.dll
0x00007ff838a80000 - 0x00007ff838a8a000 	C:\Program Files\Amazon Corretto\jdk17.0.14_7\bin\jimage.dll
0x00007ff83e0e0000 - 0x00007ff83e321000 	C:\WINDOWS\SYSTEM32\DBGHELP.DLL
0x00007ff8416d0000 - 0x00007ff841a52000 	C:\WINDOWS\System32\combase.dll
0x00007ff841bd0000 - 0x00007ff841ca6000 	C:\WINDOWS\System32\OLEAUT32.dll
0x00007ff804f40000 - 0x00007ff804f79000 	C:\WINDOWS\SYSTEM32\dbgcore.DLL
0x00007ff840d70000 - 0x00007ff840e09000 	C:\WINDOWS\System32\bcryptPrimitives.dll
0x00007ff82d3e0000 - 0x00007ff82d3ee000 	C:\Program Files\Amazon Corretto\jdk17.0.14_7\bin\instrument.dll
0x00007ff81c4b0000 - 0x00007ff81c4d5000 	C:\Program Files\Amazon Corretto\jdk17.0.14_7\bin\java.dll
0x00007ffffb4d0000 - 0x00007ffffb5a7000 	C:\Program Files\Amazon Corretto\jdk17.0.14_7\bin\jsvml.dll
0x00007ff8427b0000 - 0x00007ff842ed9000 	C:\WINDOWS\System32\SHELL32.dll
0x00007ff840f60000 - 0x00007ff8410c8000 	C:\WINDOWS\System32\wintypes.dll
0x00007ff83e4f0000 - 0x00007ff83ed42000 	C:\WINDOWS\SYSTEM32\windows.storage.dll
0x00007ff843550000 - 0x00007ff84363d000 	C:\WINDOWS\System32\SHCORE.dll
0x00007ff841480000 - 0x00007ff8414e4000 	C:\WINDOWS\System32\shlwapi.dll
0x00007ff840770000 - 0x00007ff84079f000 	C:\WINDOWS\SYSTEM32\profapi.dll
0x00007ff82d4a0000 - 0x00007ff82d4b8000 	C:\Program Files\Amazon Corretto\jdk17.0.14_7\bin\zip.dll
0x00007ff8361a0000 - 0x00007ff8361b9000 	C:\Program Files\Amazon Corretto\jdk17.0.14_7\bin\net.dll
0x00007ff839b70000 - 0x00007ff839c8d000 	C:\WINDOWS\SYSTEM32\WINHTTP.dll
0x00007ff83fcb0000 - 0x00007ff83fd1a000 	C:\WINDOWS\system32\mswsock.dll
0x00007ff835f80000 - 0x00007ff835f96000 	C:\Program Files\Amazon Corretto\jdk17.0.14_7\bin\nio.dll
0x00007ff835da0000 - 0x00007ff835db0000 	C:\Program Files\Amazon Corretto\jdk17.0.14_7\bin\verify.dll
0x00007ff81c1d0000 - 0x00007ff81c1f7000 	C:\Users\LENOVO\.gradle\native\68d5fa5c4cc2d200863cafc0d521ce42e7d3e7ee720ec0a83991735586a16f82\windows-amd64\native-platform.dll
0x00007fffe4340000 - 0x00007fffe4484000 	C:\Users\LENOVO\.gradle\native\e376f236ea51e6404a007f0833ffe2c6e607c4080706a723a18a27aeea778392\windows-amd64\native-platform-file-events.dll
0x00007ff833590000 - 0x00007ff833599000 	C:\Program Files\Amazon Corretto\jdk17.0.14_7\bin\management.dll
0x00007ff833420000 - 0x00007ff83342b000 	C:\Program Files\Amazon Corretto\jdk17.0.14_7\bin\management_ext.dll
0x00007ff842ff0000 - 0x00007ff842ff8000 	C:\WINDOWS\System32\PSAPI.DLL
0x00007ff83ff50000 - 0x00007ff83ff6c000 	C:\WINDOWS\SYSTEM32\CRYPTSP.dll
0x00007ff83f6d0000 - 0x00007ff83f70a000 	C:\WINDOWS\system32\rsaenh.dll
0x00007ff83fd50000 - 0x00007ff83fd7b000 	C:\WINDOWS\SYSTEM32\USERENV.dll
0x00007ff840740000 - 0x00007ff840766000 	C:\WINDOWS\SYSTEM32\bcrypt.dll
0x00007ff83ff70000 - 0x00007ff83ff7c000 	C:\WINDOWS\SYSTEM32\CRYPTBASE.dll
0x00007ff83f130000 - 0x00007ff83f163000 	C:\WINDOWS\SYSTEM32\IPHLPAPI.DLL
0x00007ff841cb0000 - 0x00007ff841cba000 	C:\WINDOWS\System32\NSI.dll
0x00007ff83a3b0000 - 0x00007ff83a3cf000 	C:\WINDOWS\SYSTEM32\dhcpcsvc6.DLL
0x00007ff839f70000 - 0x00007ff839f95000 	C:\WINDOWS\SYSTEM32\dhcpcsvc.DLL
0x00007ff83f170000 - 0x00007ff83f295000 	C:\WINDOWS\SYSTEM32\DNSAPI.dll
0x00007ff82d3f0000 - 0x00007ff82d3f9000 	C:\Program Files\Amazon Corretto\jdk17.0.14_7\bin\extnet.dll
0x00007ff82c4d0000 - 0x00007ff82c4de000 	C:\Program Files\Amazon Corretto\jdk17.0.14_7\bin\sunmscapi.dll
0x00007ff841300000 - 0x00007ff841477000 	C:\WINDOWS\System32\CRYPT32.dll
0x00007ff840150000 - 0x00007ff840180000 	C:\WINDOWS\SYSTEM32\ncrypt.dll
0x00007ff840100000 - 0x00007ff84013f000 	C:\WINDOWS\SYSTEM32\NTASN1.dll
0x00007ff81da90000 - 0x00007ff81da98000 	C:\WINDOWS\system32\wshunix.dll
0x00007ff829380000 - 0x00007ff829398000 	C:\WINDOWS\system32\napinsp.dll
0x00007ff82b8a0000 - 0x00007ff82b8b2000 	C:\WINDOWS\System32\winrnr.dll
0x00007ffff1fd0000 - 0x00007ffff2000000 	C:\WINDOWS\system32\nlansp_c.dll
0x00007ff803310000 - 0x00007ff803326000 	C:\WINDOWS\system32\wshbth.dll
0x00007ff839620000 - 0x00007ff83962b000 	C:\Windows\System32\rasadhlp.dll
0x00007ff83b100000 - 0x00007ff83b185000 	C:\WINDOWS\System32\fwpuclnt.dll

dbghelp: loaded successfully - version: 4.0.5 - missing functions: none
symbol engine: initialized successfully - sym options: 0x614 - pdb path: .;C:\Program Files\Amazon Corretto\jdk17.0.14_7\bin;C:\WINDOWS\SYSTEM32;C:\WINDOWS\WinSxS\amd64_microsoft.windows.common-controls_6595b64144ccf1df_6.0.26100.3624_none_3e086962e3345f24;C:\Program Files\Amazon Corretto\jdk17.0.14_7\bin\server;C:\Users\LENOVO\.gradle\native\68d5fa5c4cc2d200863cafc0d521ce42e7d3e7ee720ec0a83991735586a16f82\windows-amd64;C:\Users\LENOVO\.gradle\native\e376f236ea51e6404a007f0833ffe2c6e607c4080706a723a18a27aeea778392\windows-amd64

VM Arguments:
jvm_args: -XX:MaxMetaspaceSize=512m --add-opens=java.base/java.util=ALL-UNNAMED --add-opens=java.base/java.lang=ALL-UNNAMED --add-opens=java.base/java.lang.invoke=ALL-UNNAMED --add-opens=java.prefs/java.util.prefs=ALL-UNNAMED --add-opens=java.base/java.nio.charset=ALL-UNNAMED --add-opens=java.base/java.net=ALL-UNNAMED --add-opens=java.base/java.util.concurrent.atomic=ALL-UNNAMED -Xmx2048m -Dfile.encoding=windows-1252 -Duser.country=ID -Duser.language=en -Duser.variant -javaagent:C:\Users\LENOVO\.gradle\wrapper\dists\gradle-8.3-all\6en3ugtfdg5xnpx44z4qbwgas\gradle-8.3\lib\agents\gradle-instrumentation-agent-8.3.jar 
java_command: org.gradle.launcher.daemon.bootstrap.GradleDaemon 8.3
java_class_path (initial): C:\Users\LENOVO\.gradle\wrapper\dists\gradle-8.3-all\6en3ugtfdg5xnpx44z4qbwgas\gradle-8.3\lib\gradle-launcher-8.3.jar
Launcher Type: SUN_STANDARD

[Global flags]
     intx CICompilerCount                          = 12                                        {product} {ergonomic}
   size_t CompressedClassSpaceSize                 = 436207616                                 {product} {ergonomic}
     uint ConcGCThreads                            = 4                                         {product} {ergonomic}
     uint G1ConcRefinementThreads                  = 16                                        {product} {ergonomic}
   size_t G1HeapRegionSize                         = 1048576                                   {product} {ergonomic}
    uintx GCDrainStackTargetSize                   = 64                                        {product} {ergonomic}
   size_t InitialHeapSize                          = 260046848                                 {product} {ergonomic}
   size_t MarkStackSize                            = 4194304                                   {product} {ergonomic}
   size_t MaxHeapSize                              = 2147483648                                {product} {command line}
   size_t MaxMetaspaceSize                         = 536870912                                 {product} {command line}
   size_t MaxNewSize                               = 1287651328                                {product} {ergonomic}
   size_t MinHeapDeltaBytes                        = 1048576                                   {product} {ergonomic}
   size_t MinHeapSize                              = 8388608                                   {product} {ergonomic}
    uintx NonNMethodCodeHeapSize                   = 7602480                                {pd product} {ergonomic}
    uintx NonProfiledCodeHeapSize                  = 122027880                              {pd product} {ergonomic}
    uintx ProfiledCodeHeapSize                     = 122027880                              {pd product} {ergonomic}
    uintx ReservedCodeCacheSize                    = 251658240                              {pd product} {ergonomic}
     bool SegmentedCodeCache                       = true                                      {product} {ergonomic}
   size_t SoftMaxHeapSize                          = 2147483648                             {manageable} {ergonomic}
     bool UseCompressedClassPointers               = true                           {product lp64_product} {ergonomic}
     bool UseCompressedOops                        = true                           {product lp64_product} {ergonomic}
     bool UseG1GC                                  = true                                      {product} {ergonomic}
     bool UseLargePagesIndividualAllocation        = false                                  {pd product} {ergonomic}

Logging:
Log output configuration:
 #0: stdout all=warning uptime,level,tags
 #1: stderr all=off uptime,level,tags

Environment Variables:
JAVA_HOME=C:\Program Files\Amazon Corretto\jdk17.0.14_7
CLASSPATH=C:\Users\LENOVO\delonMAD\android\\gradle\wrapper\gradle-wrapper.jar
PATH=C:\Users\LENOVO\delonMAD\node_modules\.bin;C:\Users\LENOVO\node_modules\.bin;C:\Users\node_modules\.bin;C:\node_modules\.bin;C:\Program Files\nodejs\node_modules\npm\node_modules\@npmcli\run-script\lib\node-gyp-bin;C:\Program Files\Amazon Corretto\jdk17.0.14_7\bin;C:\WINDOWS\system32;C:\WINDOWS;C:\WINDOWS\System32\Wbem;C:\WINDOWS\System32\WindowsPowerShell\v1.0\;C:\WINDOWS\System32\OpenSSH\;C:\Program Files\Git\cmd;C:\Program Files\nodejs\;C:\Program Files (x86)\Microsoft SQL Server\160\Tools\Binn\;C:\Program Files\Microsoft SQL Server\160\Tools\Binn\;C:\Program Files\Microsoft SQL Server\Client SDK\ODBC\170\Tools\Binn\;C:\Program Files\Microsoft SQL Server\160\DTS\Binn\;C:\Users\LENOVO\AppData\Local\Microsoft\WindowsApps;C:\Users\LENOVO\AppData\Local\Programs\Microsoft VS Code\bin;C:\Users\LENOVO\AppData\Roaming\npm;Platform-tools;
USERNAME=LENOVO
OS=Windows_NT
PROCESSOR_IDENTIFIER=Intel64 Family 6 Model 170 Stepping 4, GenuineIntel
TMP=C:\Users\LENOVO\AppData\Local\Temp
TEMP=C:\Users\LENOVO\AppData\Local\Temp



Periodic native trim disabled


---------------  S Y S T E M  ---------------

OS:
 Windows 11 , 64 bit Build 26100 (10.0.26100.3775)
OS uptime: 7 days 21:27 hours
Hyper-V role detected

CPU: total 22 (initial active 22) (11 cores per cpu, 2 threads per core) family 6 model 170 stepping 4 microcode 0x1e, cx8, cmov, fxsr, ht, mmx, 3dnowpref, sse, sse2, sse3, ssse3, sse4.1, sse4.2, popcnt, lzcnt, tsc, tscinvbit, avx, avx2, aes, erms, clmul, bmi1, bmi2, adx, sha, fma, vzeroupper, clflush, clflushopt, clwb, hv
Processor Information for processor 0
  Max Mhz: 1400, Current Mhz: 1400, Mhz Limit: 1400
Processor Information for processor 1
  Max Mhz: 1400, Current Mhz: 1400, Mhz Limit: 1400
Processor Information for processor 2
  Max Mhz: 900, Current Mhz: 900, Mhz Limit: 900
Processor Information for processor 3
  Max Mhz: 900, Current Mhz: 900, Mhz Limit: 900
Processor Information for processor 4
  Max Mhz: 900, Current Mhz: 900, Mhz Limit: 900
Processor Information for processor 5
  Max Mhz: 900, Current Mhz: 900, Mhz Limit: 900
Processor Information for processor 6
  Max Mhz: 900, Current Mhz: 900, Mhz Limit: 900
Processor Information for processor 7
  Max Mhz: 900, Current Mhz: 900, Mhz Limit: 900
Processor Information for processor 8
  Max Mhz: 900, Current Mhz: 900, Mhz Limit: 900
Processor Information for processor 9
  Max Mhz: 900, Current Mhz: 900, Mhz Limit: 900
Processor Information for processor 10
  Max Mhz: 1400, Current Mhz: 1400, Mhz Limit: 1400
Processor Information for processor 11
  Max Mhz: 1400, Current Mhz: 1400, Mhz Limit: 1400
Processor Information for processor 12
  Max Mhz: 1400, Current Mhz: 1400, Mhz Limit: 1400
Processor Information for processor 13
  Max Mhz: 1400, Current Mhz: 1400, Mhz Limit: 1400
Processor Information for processor 14
  Max Mhz: 1400, Current Mhz: 1400, Mhz Limit: 1400
Processor Information for processor 15
  Max Mhz: 1400, Current Mhz: 1400, Mhz Limit: 1400
Processor Information for processor 16
  Max Mhz: 1400, Current Mhz: 1400, Mhz Limit: 1400
Processor Information for processor 17
  Max Mhz: 1400, Current Mhz: 1400, Mhz Limit: 1400
Processor Information for processor 18
  Max Mhz: 1400, Current Mhz: 1400, Mhz Limit: 1400
Processor Information for processor 19
  Max Mhz: 1400, Current Mhz: 1400, Mhz Limit: 1400
Processor Information for processor 20
  Max Mhz: 700, Current Mhz: 700, Mhz Limit: 700
Processor Information for processor 21
  Max Mhz: 700, Current Mhz: 700, Mhz Limit: 700

Memory: 4k page, system-wide physical 15805M (3629M free)
TotalPageFile size 15805M (AvailPageFile size 11M)
current process WorkingSet (physical memory assigned to process): 425M, peak: 439M
current process commit charge ("private bytes"): 485M, peak: 500M

vm_info: OpenJDK 64-Bit Server VM (17.0.14+7-LTS) for windows-amd64 JRE (17.0.14+7-LTS), built on Jan  7 2025 20:14:24 by "Administrator" with MS VC++ 16.10 / 16.11 (VS2019)

END.
