#
# There is insufficient memory for the Java Runtime Environment to continue.
# Native memory allocation (malloc) failed to allocate 950896 bytes. Error detail: Chunk::new
# Possible reasons:
#   The system is out of physical RAM or swap space
#   This process is running with CompressedOops enabled, and the Java Heap may be blocking the growth of the native heap
# Possible solutions:
#   Reduce memory load on the system
#   Increase physical memory or swap space
#   Check if swap backing store is full
#   Decrease Java heap size (-Xmx/-Xms)
#   Decrease number of Java threads
#   Decrease Java thread stack sizes (-Xss)
#   Set larger code cache with -XX:ReservedCodeCacheSize=
#   JVM is running with Unscaled Compressed Oops mode in which the Java heap is
#     placed in the first 4GB address space. The Java Heap base address is the
#     maximum limit for the native heap growth. Please use -XX:HeapBaseMinAddress
#     to set the Java Heap base and to place the Java Heap above 4GB virtual address.
# This output file may be truncated or incomplete.
#
#  Out of Memory Error (arena.cpp:191), pid=23964, tid=11296
#
# JRE version: OpenJDK Runtime Environment Corretto-17.0.14.7.1 (17.0.14+7) (build 17.0.14+7-LTS)
# Java VM: OpenJDK 64-Bit Server VM Corretto-17.0.14.7.1 (17.0.14+7-LTS, mixed mode, sharing, tiered, compressed oops, compressed class ptrs, g1 gc, windows-amd64)
# No core dump will be written. Minidumps are not enabled by default on client versions of Windows
#

---------------  S U M M A R Y ------------

Command Line: -XX:MaxMetaspaceSize=512m --add-opens=java.base/java.util=ALL-UNNAMED --add-opens=java.base/java.lang=ALL-UNNAMED --add-opens=java.base/java.lang.invoke=ALL-UNNAMED --add-opens=java.prefs/java.util.prefs=ALL-UNNAMED --add-opens=java.base/java.nio.charset=ALL-UNNAMED --add-opens=java.base/java.net=ALL-UNNAMED --add-opens=java.base/java.util.concurrent.atomic=ALL-UNNAMED -Xmx2048m -Dfile.encoding=windows-1252 -Duser.country=ID -Duser.language=en -Duser.variant -javaagent:C:\Users\LENOVO\.gradle\wrapper\dists\gradle-8.3-all\6en3ugtfdg5xnpx44z4qbwgas\gradle-8.3\lib\agents\gradle-instrumentation-agent-8.3.jar org.gradle.launcher.daemon.bootstrap.GradleDaemon 8.3

Host: Intel(R) Core(TM) Ultra 7 155H, 22 cores, 15G,  Windows 11 , 64 bit Build 26100 (10.0.26100.3775)
Time: Thu Apr 17 19:28:34 2025 Malay Peninsula Standard Time elapsed time: 10.604846 seconds (0d 0h 0m 10s)

---------------  T H R E A D  ---------------

Current thread (0x0000027fae948c00):  JavaThread "C2 CompilerThread0" daemon [_thread_in_native, id=11296, stack(0x000000b34da00000,0x000000b34db00000)]


Current CompileTask:
C2:  10604 3049       4       java.lang.invoke.MethodType::makeImpl (109 bytes)

Stack: [0x000000b34da00000,0x000000b34db00000]
Native frames: (J=compiled Java code, j=interpreted, Vv=VM code, C=native code)
V  [jvm.dll+0x681069]
V  [jvm.dll+0x838cca]
V  [jvm.dll+0x83a78e]
V  [jvm.dll+0x83adf3]
V  [jvm.dll+0x24826f]
V  [jvm.dll+0xac9f4]
V  [jvm.dll+0xad03c]
V  [jvm.dll+0x2af8ef]
V  [jvm.dll+0x5874f7]
V  [jvm.dll+0x2230d2]
V  [jvm.dll+0x2234cf]
V  [jvm.dll+0x21c5e0]
V  [jvm.dll+0x219ae1]
V  [jvm.dll+0x1a599d]
V  [jvm.dll+0x22994d]
V  [jvm.dll+0x227adc]
V  [jvm.dll+0x7edb77]
V  [jvm.dll+0x7e7f6c]
V  [jvm.dll+0x67ff37]
C  [ucrtbase.dll+0x37b0]
C  [KERNEL32.DLL+0x2e8d7]
C  [ntdll.dll+0xb14fc]


---------------  P R O C E S S  ---------------

Threads class SMR info:
_java_thread_list=0x0000027fd095d7f0, length=34, elements={
0x0000027f8f46bef0, 0x0000027fae92ce80, 0x0000027fae92d850, 0x0000027fae942570,
0x0000027fae944e50, 0x0000027fae945720, 0x0000027fae945ff0, 0x0000027fae948c00,
0x0000027fae959520, 0x0000027fae95a5d0, 0x0000027faed09990, 0x0000027faec00290,
0x0000027faee289a0, 0x0000027fd04149f0, 0x0000027fd01acc00, 0x0000027fcf0839d0,
0x0000027fcf13e990, 0x0000027fcf1409e0, 0x0000027fcfb9fe40, 0x0000027fcfb9d560,
0x0000027fcfae4120, 0x0000027fcfae2ce0, 0x0000027fcfae4630, 0x0000027fcfae1db0,
0x0000027fcfae22c0, 0x0000027fcfae3700, 0x0000027fcfae3c10, 0x0000027fcfae27d0,
0x0000027fcfae4b40, 0x0000027fcfae5050, 0x0000027fcfae18a0, 0x0000027fd1918b10,
0x0000027fd191b390, 0x0000027fd1919020
}

Java Threads: ( => current thread )
  0x0000027f8f46bef0 JavaThread "main" [_thread_blocked, id=9656, stack(0x000000b34cd00000,0x000000b34ce00000)]
  0x0000027fae92ce80 JavaThread "Reference Handler" daemon [_thread_blocked, id=21884, stack(0x000000b34d400000,0x000000b34d500000)]
  0x0000027fae92d850 JavaThread "Finalizer" daemon [_thread_blocked, id=17360, stack(0x000000b34d500000,0x000000b34d600000)]
  0x0000027fae942570 JavaThread "Signal Dispatcher" daemon [_thread_blocked, id=12612, stack(0x000000b34d600000,0x000000b34d700000)]
  0x0000027fae944e50 JavaThread "Attach Listener" daemon [_thread_blocked, id=8028, stack(0x000000b34d700000,0x000000b34d800000)]
  0x0000027fae945720 JavaThread "Service Thread" daemon [_thread_blocked, id=14368, stack(0x000000b34d800000,0x000000b34d900000)]
  0x0000027fae945ff0 JavaThread "Monitor Deflation Thread" daemon [_thread_blocked, id=20044, stack(0x000000b34d900000,0x000000b34da00000)]
=>0x0000027fae948c00 JavaThread "C2 CompilerThread0" daemon [_thread_in_native, id=11296, stack(0x000000b34da00000,0x000000b34db00000)]
  0x0000027fae959520 JavaThread "C1 CompilerThread0" daemon [_thread_blocked, id=18200, stack(0x000000b34db00000,0x000000b34dc00000)]
  0x0000027fae95a5d0 JavaThread "Sweeper thread" daemon [_thread_blocked, id=17916, stack(0x000000b34dc00000,0x000000b34dd00000)]
  0x0000027faed09990 JavaThread "Common-Cleaner" daemon [_thread_blocked, id=17592, stack(0x000000b34dd00000,0x000000b34de00000)]
  0x0000027faec00290 JavaThread "C1 CompilerThread1" daemon [_thread_blocked, id=10832, stack(0x000000b34de00000,0x000000b34df00000)]
  0x0000027faee289a0 JavaThread "Notification Thread" daemon [_thread_blocked, id=11172, stack(0x000000b34e000000,0x000000b34e100000)]
  0x0000027fd04149f0 JavaThread "Daemon health stats" [_thread_blocked, id=8792, stack(0x000000b34e400000,0x000000b34e500000)]
  0x0000027fd01acc00 JavaThread "Incoming local TCP Connector on port 55578" [_thread_in_native, id=13416, stack(0x000000b34e300000,0x000000b34e400000)]
  0x0000027fcf0839d0 JavaThread "Daemon periodic checks" [_thread_blocked, id=16056, stack(0x000000b34ea00000,0x000000b34eb00000)]
  0x0000027fcf13e990 JavaThread "Daemon" [_thread_blocked, id=14284, stack(0x000000b34eb00000,0x000000b34ec00000)]
  0x0000027fcf1409e0 JavaThread "Handler for socket connection from /127.0.0.1:55578 to /127.0.0.1:55579" [_thread_in_native, id=20260, stack(0x000000b34ec00000,0x000000b34ed00000)]
  0x0000027fcfb9fe40 JavaThread "Cancel handler" [_thread_blocked, id=17864, stack(0x000000b34ed00000,0x000000b34ee00000)]
  0x0000027fcfb9d560 JavaThread "Daemon worker" [_thread_in_vm, id=6556, stack(0x000000b34ee00000,0x000000b34ef00000)]
  0x0000027fcfae4120 JavaThread "Asynchronous log dispatcher for DefaultDaemonConnection: socket connection from /127.0.0.1:55578 to /127.0.0.1:55579" [_thread_blocked, id=25984, stack(0x000000b34ef00000,0x000000b34f000000)]
  0x0000027fcfae2ce0 JavaThread "Stdin handler" [_thread_blocked, id=24976, stack(0x000000b34f000000,0x000000b34f100000)]
  0x0000027fcfae4630 JavaThread "Daemon client event forwarder" [_thread_blocked, id=11676, stack(0x000000b34f100000,0x000000b34f200000)]
  0x0000027fcfae1db0 JavaThread "Cache worker for journal cache (C:\Users\LENOVO\.gradle\caches\journal-1)" [_thread_blocked, id=23204, stack(0x000000b34e200000,0x000000b34e300000)]
  0x0000027fcfae22c0 JavaThread "File lock request listener" [_thread_in_native, id=22924, stack(0x000000b34f200000,0x000000b34f300000)]
  0x0000027fcfae3700 JavaThread "Cache worker for file hash cache (C:\Users\LENOVO\.gradle\caches\8.3\fileHashes)" [_thread_blocked, id=24736, stack(0x000000b34f500000,0x000000b34f600000)]
  0x0000027fcfae3c10 JavaThread "File watcher server" daemon [_thread_in_native, id=17324, stack(0x000000b34f400000,0x000000b34f500000)]
  0x0000027fcfae27d0 JavaThread "File watcher consumer" daemon [_thread_blocked, id=17688, stack(0x000000b34f300000,0x000000b34f400000)]
  0x0000027fcfae4b40 JavaThread "Cache worker for checksums cache (C:\Users\LENOVO\delonMAD\android\.gradle\8.3\checksums)" [_thread_blocked, id=5676, stack(0x000000b350100000,0x000000b350200000)]
  0x0000027fcfae5050 JavaThread "Cache worker for file hash cache (C:\Users\LENOVO\delonMAD\android\.gradle\8.3\fileHashes)" [_thread_blocked, id=26716, stack(0x000000b350200000,0x000000b350300000)]
  0x0000027fcfae18a0 JavaThread "Cache worker for cache directory md-supplier (C:\Users\LENOVO\.gradle\caches\8.3\md-supplier)" [_thread_blocked, id=15692, stack(0x000000b350300000,0x000000b350400000)]
  0x0000027fd1918b10 JavaThread "Cache worker for file content cache (C:\Users\LENOVO\.gradle\caches\8.3\fileContent)" [_thread_blocked, id=20152, stack(0x000000b350400000,0x000000b350500000)]
  0x0000027fd191b390 JavaThread "Cache worker for cache directory md-rule (C:\Users\LENOVO\.gradle\caches\8.3\md-rule)" [_thread_blocked, id=5916, stack(0x000000b34e500000,0x000000b34e600000)]
  0x0000027fd1919020 JavaThread "Cache worker for execution history cache (C:\Users\LENOVO\.gradle\caches\8.3\executionHistory)" [_thread_blocked, id=26740, stack(0x000000b350700000,0x000000b350800000)]

Other Threads:
  0x0000027fae9276e0 VMThread "VM Thread" [stack: 0x000000b34d300000,0x000000b34d400000] [id=1912]
  0x0000027f8f46cb80 WatcherThread [stack: 0x000000b34e100000,0x000000b34e200000] [id=23188]
  0x0000027f8f4ce540 GCTaskThread "GC Thread#0" [stack: 0x000000b34ce00000,0x000000b34cf00000] [id=1836]
  0x0000027fcee00b20 GCTaskThread "GC Thread#1" [stack: 0x000000b34e600000,0x000000b34e700000] [id=24292]
  0x0000027fce7a4c70 GCTaskThread "GC Thread#2" [stack: 0x000000b34e700000,0x000000b34e800000] [id=23828]
  0x0000027fcec16550 GCTaskThread "GC Thread#3" [stack: 0x000000b34e800000,0x000000b34e900000] [id=9132]
  0x0000027fcec20a30 GCTaskThread "GC Thread#4" [stack: 0x000000b34e900000,0x000000b34ea00000] [id=3036]
  0x0000027fd26c7630 GCTaskThread "GC Thread#5" [stack: 0x000000b34f600000,0x000000b34f700000] [id=25972]
  0x0000027fd26c78f0 GCTaskThread "GC Thread#6" [stack: 0x000000b34f700000,0x000000b34f800000] [id=20744]
  0x0000027fd26c7bb0 GCTaskThread "GC Thread#7" [stack: 0x000000b34f800000,0x000000b34f900000] [id=27128]
  0x0000027fd26c8680 GCTaskThread "GC Thread#8" [stack: 0x000000b34f900000,0x000000b34fa00000] [id=23096]
  0x0000027fd26c8940 GCTaskThread "GC Thread#9" [stack: 0x000000b34fa00000,0x000000b34fb00000] [id=12068]
  0x0000027fd23ab440 GCTaskThread "GC Thread#10" [stack: 0x000000b34fb00000,0x000000b34fc00000] [id=10836]
  0x0000027fd0c03600 GCTaskThread "GC Thread#11" [stack: 0x000000b34fc00000,0x000000b34fd00000] [id=26708]
  0x0000027fd0c03e40 GCTaskThread "GC Thread#12" [stack: 0x000000b34fd00000,0x000000b34fe00000] [id=16032]
  0x0000027fd0c038c0 GCTaskThread "GC Thread#13" [stack: 0x000000b34fe00000,0x000000b34ff00000] [id=18172]
  0x0000027fd0c04c00 GCTaskThread "GC Thread#14" [stack: 0x000000b34ff00000,0x000000b350000000] [id=17472]
  0x0000027fd0c04680 GCTaskThread "GC Thread#15" [stack: 0x000000b350000000,0x000000b350100000] [id=15716]
  0x0000027f8f4df3a0 ConcurrentGCThread "G1 Main Marker" [stack: 0x000000b34cf00000,0x000000b34d000000] [id=10792]
  0x0000027f8f4dfcd0 ConcurrentGCThread "G1 Conc#0" [stack: 0x000000b34d000000,0x000000b34d100000] [id=24168]
  0x0000027fd0c04940 ConcurrentGCThread "G1 Conc#1" [stack: 0x000000b350500000,0x000000b350600000] [id=21584]
  0x0000027fd0c03b80 ConcurrentGCThread "G1 Conc#2" [stack: 0x000000b350600000,0x000000b350700000] [id=17684]
  0x0000027fd0c03080 ConcurrentGCThread "G1 Conc#3" [stack: 0x000000b34df00000,0x000000b34e000000] [id=25292]
  0x0000027f8f51ec70 ConcurrentGCThread "G1 Refine#0" [stack: 0x000000b34d100000,0x000000b34d200000] [id=22260]
  0x0000027fae862220 ConcurrentGCThread "G1 Service" [stack: 0x000000b34d200000,0x000000b34d300000] [id=14604]

Threads with active compile tasks:
C2 CompilerThread0    10653 3049       4       java.lang.invoke.MethodType::makeImpl (109 bytes)

VM state: not at safepoint (normal execution)

VM Mutex/Monitor currently owned by a thread: None

Heap address: 0x0000000080000000, size: 2048 MB, Compressed Oops mode: 32-bit

CDS archive(s) mapped at: [0x0000027faf000000-0x0000027fafbb0000-0x0000027fafbb0000), size 12255232, SharedBaseAddress: 0x0000027faf000000, ArchiveRelocationMode: 1.
Compressed class space mapped at: 0x0000027fb0000000-0x0000027fca000000, reserved size: 436207616
Narrow klass base: 0x0000027faf000000, Narrow klass shift: 0, Narrow klass range: 0x100000000

GC Precious Log:
 CPUs: 22 total, 22 available
 Memory: 15805M
 Large Page Support: Disabled
 NUMA Support: Disabled
 Compressed Oops: Enabled (32-bit)
 Heap Region Size: 1M
 Heap Min Capacity: 8M
 Heap Initial Capacity: 248M
 Heap Max Capacity: 2G
 Pre-touch: Disabled
 Parallel Workers: 16
 Concurrent Workers: 4
 Concurrent Refinement Workers: 16
 Periodic GC: Disabled

Heap:
 garbage-first heap   total 86016K, used 37413K [0x0000000080000000, 0x0000000100000000)
  region size 1024K, 17 young (17408K), 1 survivors (1024K)
 Metaspace       used 22891K, committed 23232K, reserved 491520K
  class space    used 3385K, committed 3520K, reserved 425984K

Heap Regions: E=young(eden), S=young(survivor), O=old, HS=humongous(starts), HC=humongous(continues), CS=collection set, F=free, OA=open archive, CA=closed archive, TAMS=top-at-mark-start (previous, next)
|   0|0x0000000080000000, 0x0000000080100000, 0x0000000080100000|100%|HS|  |TAMS 0x0000000080100000, 0x0000000080000000| Complete 
|   1|0x0000000080100000, 0x0000000080200000, 0x0000000080200000|100%|HC|  |TAMS 0x0000000080200000, 0x0000000080100000| Complete 
|   2|0x0000000080200000, 0x0000000080300000, 0x0000000080300000|100%|HC|  |TAMS 0x0000000080300000, 0x0000000080200000| Complete 
|   3|0x0000000080300000, 0x0000000080400000, 0x0000000080400000|100%|HC|  |TAMS 0x0000000080400000, 0x0000000080300000| Complete 
|   4|0x0000000080400000, 0x0000000080500000, 0x0000000080500000|100%| O|  |TAMS 0x0000000080500000, 0x0000000080400000| Untracked 
|   5|0x0000000080500000, 0x0000000080600000, 0x0000000080600000|100%| O|  |TAMS 0x0000000080600000, 0x0000000080500000| Untracked 
|   6|0x0000000080600000, 0x0000000080700000, 0x0000000080700000|100%| O|  |TAMS 0x0000000080700000, 0x0000000080600000| Untracked 
|   7|0x0000000080700000, 0x0000000080800000, 0x0000000080800000|100%| O|  |TAMS 0x0000000080800000, 0x0000000080700000| Untracked 
|   8|0x0000000080800000, 0x0000000080900000, 0x0000000080900000|100%| O|  |TAMS 0x0000000080900000, 0x0000000080800000| Untracked 
|   9|0x0000000080900000, 0x0000000080a00000, 0x0000000080a00000|100%| O|  |TAMS 0x0000000080a00000, 0x0000000080900000| Untracked 
|  10|0x0000000080a00000, 0x0000000080b00000, 0x0000000080b00000|100%| O|  |TAMS 0x0000000080a82e00, 0x0000000080a00000| Untracked 
|  11|0x0000000080b00000, 0x0000000080c00000, 0x0000000080c00000|100%| O|  |TAMS 0x0000000080b00000, 0x0000000080b00000| Untracked 
|  12|0x0000000080c00000, 0x0000000080d00000, 0x0000000080d00000|100%| O|  |TAMS 0x0000000080c00000, 0x0000000080c00000| Untracked 
|  13|0x0000000080d00000, 0x0000000080e00000, 0x0000000080e00000|100%| O|  |TAMS 0x0000000080d00000, 0x0000000080d00000| Untracked 
|  14|0x0000000080e00000, 0x0000000080f00000, 0x0000000080f00000|100%| O|  |TAMS 0x0000000080e00000, 0x0000000080e00000| Untracked 
|  15|0x0000000080f00000, 0x0000000081000000, 0x0000000081000000|100%| O|  |TAMS 0x0000000080f00000, 0x0000000080f00000| Untracked 
|  16|0x0000000081000000, 0x0000000081100000, 0x0000000081100000|100%| O|  |TAMS 0x0000000081000000, 0x0000000081000000| Untracked 
|  17|0x0000000081100000, 0x0000000081200000, 0x0000000081200000|100%| O|  |TAMS 0x0000000081100000, 0x0000000081100000| Untracked 
|  18|0x0000000081200000, 0x0000000081300000, 0x0000000081300000|100%| O|  |TAMS 0x0000000081200000, 0x0000000081200000| Untracked 
|  19|0x0000000081300000, 0x0000000081400000, 0x0000000081400000|100%| O|  |TAMS 0x0000000081300000, 0x0000000081300000| Untracked 
|  20|0x0000000081400000, 0x0000000081500000, 0x0000000081500000|100%| O|  |TAMS 0x0000000081400000, 0x0000000081400000| Untracked 
|  21|0x0000000081500000, 0x0000000081595600, 0x0000000081600000| 58%| O|  |TAMS 0x0000000081500000, 0x0000000081500000| Untracked 
|  22|0x0000000081600000, 0x0000000081600000, 0x0000000081700000|  0%| F|  |TAMS 0x0000000081600000, 0x0000000081600000| Untracked 
|  23|0x0000000081700000, 0x0000000081700000, 0x0000000081800000|  0%| F|  |TAMS 0x0000000081700000, 0x0000000081700000| Untracked 
|  24|0x0000000081800000, 0x0000000081800000, 0x0000000081900000|  0%| F|  |TAMS 0x0000000081800000, 0x0000000081800000| Untracked 
|  25|0x0000000081900000, 0x0000000081900000, 0x0000000081a00000|  0%| F|  |TAMS 0x0000000081900000, 0x0000000081900000| Untracked 
|  26|0x0000000081a00000, 0x0000000081a00000, 0x0000000081b00000|  0%| F|  |TAMS 0x0000000081a00000, 0x0000000081a00000| Untracked 
|  27|0x0000000081b00000, 0x0000000081b00000, 0x0000000081c00000|  0%| F|  |TAMS 0x0000000081b00000, 0x0000000081b00000| Untracked 
|  28|0x0000000081c00000, 0x0000000081c00000, 0x0000000081d00000|  0%| F|  |TAMS 0x0000000081c00000, 0x0000000081c00000| Untracked 
|  29|0x0000000081d00000, 0x0000000081d00000, 0x0000000081e00000|  0%| F|  |TAMS 0x0000000081d00000, 0x0000000081d00000| Untracked 
|  30|0x0000000081e00000, 0x0000000081e00000, 0x0000000081f00000|  0%| F|  |TAMS 0x0000000081e00000, 0x0000000081e00000| Untracked 
|  31|0x0000000081f00000, 0x0000000081f00000, 0x0000000082000000|  0%| F|  |TAMS 0x0000000081f00000, 0x0000000081f00000| Untracked 
|  32|0x0000000082000000, 0x0000000082000000, 0x0000000082100000|  0%| F|  |TAMS 0x0000000082000000, 0x0000000082000000| Untracked 
|  33|0x0000000082100000, 0x0000000082100000, 0x0000000082200000|  0%| F|  |TAMS 0x0000000082100000, 0x0000000082100000| Untracked 
|  34|0x0000000082200000, 0x0000000082200000, 0x0000000082300000|  0%| F|  |TAMS 0x0000000082200000, 0x0000000082200000| Untracked 
|  35|0x0000000082300000, 0x0000000082300000, 0x0000000082400000|  0%| F|  |TAMS 0x0000000082300000, 0x0000000082300000| Untracked 
|  36|0x0000000082400000, 0x0000000082400000, 0x0000000082500000|  0%| F|  |TAMS 0x0000000082400000, 0x0000000082400000| Untracked 
|  37|0x0000000082500000, 0x0000000082500000, 0x0000000082600000|  0%| F|  |TAMS 0x0000000082500000, 0x0000000082500000| Untracked 
|  38|0x0000000082600000, 0x0000000082600000, 0x0000000082700000|  0%| F|  |TAMS 0x0000000082600000, 0x0000000082600000| Untracked 
|  39|0x0000000082700000, 0x0000000082700000, 0x0000000082800000|  0%| F|  |TAMS 0x0000000082700000, 0x0000000082700000| Untracked 
|  40|0x0000000082800000, 0x0000000082800000, 0x0000000082900000|  0%| F|  |TAMS 0x0000000082800000, 0x0000000082800000| Untracked 
|  41|0x0000000082900000, 0x0000000082900000, 0x0000000082a00000|  0%| F|  |TAMS 0x0000000082900000, 0x0000000082900000| Untracked 
|  42|0x0000000082a00000, 0x0000000082a00000, 0x0000000082b00000|  0%| F|  |TAMS 0x0000000082a00000, 0x0000000082a00000| Untracked 
|  43|0x0000000082b00000, 0x0000000082b00000, 0x0000000082c00000|  0%| F|  |TAMS 0x0000000082b00000, 0x0000000082b00000| Untracked 
|  44|0x0000000082c00000, 0x0000000082c00000, 0x0000000082d00000|  0%| F|  |TAMS 0x0000000082c00000, 0x0000000082c00000| Untracked 
|  45|0x0000000082d00000, 0x0000000082d00000, 0x0000000082e00000|  0%| F|  |TAMS 0x0000000082d00000, 0x0000000082d00000| Untracked 
|  46|0x0000000082e00000, 0x0000000082e00000, 0x0000000082f00000|  0%| F|  |TAMS 0x0000000082e00000, 0x0000000082e00000| Untracked 
|  47|0x0000000082f00000, 0x0000000082f00000, 0x0000000083000000|  0%| F|  |TAMS 0x0000000082f00000, 0x0000000082f00000| Untracked 
|  48|0x0000000083000000, 0x0000000083000000, 0x0000000083100000|  0%| F|  |TAMS 0x0000000083000000, 0x0000000083000000| Untracked 
|  49|0x0000000083100000, 0x0000000083100000, 0x0000000083200000|  0%| F|  |TAMS 0x0000000083100000, 0x0000000083100000| Untracked 
|  50|0x0000000083200000, 0x0000000083200000, 0x0000000083300000|  0%| F|  |TAMS 0x0000000083200000, 0x0000000083200000| Untracked 
|  51|0x0000000083300000, 0x0000000083300000, 0x0000000083400000|  0%| F|  |TAMS 0x0000000083300000, 0x0000000083300000| Untracked 
|  52|0x0000000083400000, 0x0000000083400000, 0x0000000083500000|  0%| F|  |TAMS 0x0000000083400000, 0x0000000083400000| Untracked 
|  53|0x0000000083500000, 0x0000000083500000, 0x0000000083600000|  0%| F|  |TAMS 0x0000000083500000, 0x0000000083500000| Untracked 
|  54|0x0000000083600000, 0x0000000083600000, 0x0000000083700000|  0%| F|  |TAMS 0x0000000083600000, 0x0000000083600000| Untracked 
|  55|0x0000000083700000, 0x0000000083700000, 0x0000000083800000|  0%| F|  |TAMS 0x0000000083700000, 0x0000000083700000| Untracked 
|  56|0x0000000083800000, 0x0000000083800000, 0x0000000083900000|  0%| F|  |TAMS 0x0000000083800000, 0x0000000083800000| Untracked 
|  57|0x0000000083900000, 0x0000000083900000, 0x0000000083a00000|  0%| F|  |TAMS 0x0000000083900000, 0x0000000083900000| Untracked 
|  58|0x0000000083a00000, 0x0000000083a00000, 0x0000000083b00000|  0%| F|  |TAMS 0x0000000083a00000, 0x0000000083a00000| Untracked 
|  59|0x0000000083b00000, 0x0000000083b00000, 0x0000000083c00000|  0%| F|  |TAMS 0x0000000083b00000, 0x0000000083b00000| Untracked 
|  60|0x0000000083c00000, 0x0000000083c00000, 0x0000000083d00000|  0%| F|  |TAMS 0x0000000083c00000, 0x0000000083c00000| Untracked 
|  61|0x0000000083d00000, 0x0000000083d00000, 0x0000000083e00000|  0%| F|  |TAMS 0x0000000083d00000, 0x0000000083d00000| Untracked 
|  62|0x0000000083e00000, 0x0000000083e00000, 0x0000000083f00000|  0%| F|  |TAMS 0x0000000083e00000, 0x0000000083e00000| Untracked 
|  63|0x0000000083f00000, 0x0000000083f00000, 0x0000000084000000|  0%| F|  |TAMS 0x0000000083f00000, 0x0000000083f00000| Untracked 
|  64|0x0000000084000000, 0x0000000084000000, 0x0000000084100000|  0%| F|  |TAMS 0x0000000084000000, 0x0000000084000000| Untracked 
|  65|0x0000000084100000, 0x0000000084100000, 0x0000000084200000|  0%| F|  |TAMS 0x0000000084100000, 0x0000000084100000| Untracked 
|  66|0x0000000084200000, 0x0000000084200000, 0x0000000084300000|  0%| F|  |TAMS 0x0000000084200000, 0x0000000084200000| Untracked 
|  67|0x0000000084300000, 0x0000000084380000, 0x0000000084400000| 50%| E|  |TAMS 0x0000000084300000, 0x0000000084300000| Complete 
|  68|0x0000000084400000, 0x0000000084500000, 0x0000000084500000|100%| E|CS|TAMS 0x0000000084400000, 0x0000000084400000| Complete 
|  69|0x0000000084500000, 0x0000000084600000, 0x0000000084600000|100%| E|CS|TAMS 0x0000000084500000, 0x0000000084500000| Complete 
|  70|0x0000000084600000, 0x0000000084700000, 0x0000000084700000|100%| E|CS|TAMS 0x0000000084600000, 0x0000000084600000| Complete 
|  71|0x0000000084700000, 0x0000000084800000, 0x0000000084800000|100%| E|CS|TAMS 0x0000000084700000, 0x0000000084700000| Complete 
|  72|0x0000000084800000, 0x0000000084900000, 0x0000000084900000|100%| E|CS|TAMS 0x0000000084800000, 0x0000000084800000| Complete 
|  73|0x0000000084900000, 0x0000000084a00000, 0x0000000084a00000|100%| E|CS|TAMS 0x0000000084900000, 0x0000000084900000| Complete 
|  74|0x0000000084a00000, 0x0000000084b00000, 0x0000000084b00000|100%| E|CS|TAMS 0x0000000084a00000, 0x0000000084a00000| Complete 
|  75|0x0000000084b00000, 0x0000000084c00000, 0x0000000084c00000|100%| E|CS|TAMS 0x0000000084b00000, 0x0000000084b00000| Complete 
|  76|0x0000000084c00000, 0x0000000084d00000, 0x0000000084d00000|100%| E|CS|TAMS 0x0000000084c00000, 0x0000000084c00000| Complete 
|  77|0x0000000084d00000, 0x0000000084e00000, 0x0000000084e00000|100%| E|CS|TAMS 0x0000000084d00000, 0x0000000084d00000| Complete 
|  78|0x0000000084e00000, 0x0000000084f00000, 0x0000000084f00000|100%| E|CS|TAMS 0x0000000084e00000, 0x0000000084e00000| Complete 
|  79|0x0000000084f00000, 0x0000000085000000, 0x0000000085000000|100%| E|CS|TAMS 0x0000000084f00000, 0x0000000084f00000| Complete 
|  80|0x0000000085000000, 0x0000000085100000, 0x0000000085100000|100%| E|CS|TAMS 0x0000000085000000, 0x0000000085000000| Complete 
| 227|0x000000008e300000, 0x000000008e3f4010, 0x000000008e400000| 95%| S|CS|TAMS 0x000000008e300000, 0x000000008e300000| Complete 
| 246|0x000000008f600000, 0x000000008f700000, 0x000000008f700000|100%| E|CS|TAMS 0x000000008f600000, 0x000000008f600000| Complete 
| 247|0x000000008f700000, 0x000000008f800000, 0x000000008f800000|100%| E|  |TAMS 0x000000008f700000, 0x000000008f700000| Complete 

Card table byte_map: [0x0000027fa6f60000,0x0000027fa7360000] _byte_map_base: 0x0000027fa6b60000

Marking Bits (Prev, Next): (CMBitMap*) 0x0000027f8f4ceab0, (CMBitMap*) 0x0000027f8f4cea70
 Prev Bits: [0x0000027fa9760000, 0x0000027fab760000)
 Next Bits: [0x0000027fa7760000, 0x0000027fa9760000)

Polling page: 0x0000027f8eb90000

Metaspace:

Usage:
  Non-class:     19.05 MB used.
      Class:      3.31 MB used.
       Both:     22.35 MB used.

Virtual space:
  Non-class space:       64.00 MB reserved,      19.25 MB ( 30%) committed,  1 nodes.
      Class space:      416.00 MB reserved,       3.44 MB ( <1%) committed,  1 nodes.
             Both:      480.00 MB reserved,      22.69 MB (  5%) committed. 

Chunk freelists:
   Non-Class:  12.05 MB
       Class:  12.56 MB
        Both:  24.61 MB

MaxMetaspaceSize: 512.00 MB
CompressedClassSpaceSize: 416.00 MB
Initial GC threshold: 21.00 MB
Current GC threshold: 35.25 MB
CDS: on
MetaspaceReclaimPolicy: balanced
 - commit_granule_bytes: 65536.
 - commit_granule_words: 8192.
 - virtual_space_node_default_size: 8388608.
 - enlarge_chunks_in_place: 1.
 - new_chunks_are_fully_committed: 0.
 - uncommit_free_chunks: 1.
 - use_allocation_guard: 0.
 - handle_deallocations: 1.


Internal statistics:

num_allocs_failed_limit: 3.
num_arena_births: 242.
num_arena_deaths: 0.
num_vsnodes_births: 2.
num_vsnodes_deaths: 0.
num_space_committed: 363.
num_space_uncommitted: 0.
num_chunks_returned_to_freelist: 3.
num_chunks_taken_from_freelist: 1052.
num_chunk_merges: 3.
num_chunk_splits: 713.
num_chunks_enlarged: 519.
num_inconsistent_stats: 0.

CodeHeap 'non-profiled nmethods': size=119168Kb used=1553Kb max_used=1553Kb free=117614Kb
 bounds [0x0000027f9eb40000, 0x0000027f9edb0000, 0x0000027fa5fa0000]
CodeHeap 'profiled nmethods': size=119104Kb used=6688Kb max_used=6688Kb free=112415Kb
 bounds [0x0000027f96fa0000, 0x0000027f97630000, 0x0000027f9e3f0000]
CodeHeap 'non-nmethods': size=7488Kb used=1801Kb max_used=2974Kb free=5686Kb
 bounds [0x0000027f9e3f0000, 0x0000027f9e6f0000, 0x0000027f9eb40000]
 total_blobs=3614 nmethods=3066 adapters=459
 compilation: enabled
              stopped_count=0, restarted_count=0
 full_count=0

Compilation events (20 events):
Event: 8.510 Thread 0x0000027fae959520 nmethod 3058 0x0000027f97625210 code [0x0000027f976253c0, 0x0000027f97625578]
Event: 8.510 Thread 0x0000027fae959520 3059       3       java.util.concurrent.locks.AbstractQueuedSynchronizer$ConditionObject::enableWait (84 bytes)
Event: 8.511 Thread 0x0000027fae959520 nmethod 3059 0x0000027f97625690 code [0x0000027f976258a0, 0x0000027f97625fe8]
Event: 8.511 Thread 0x0000027fae959520 3060       3       java.util.concurrent.locks.AbstractQueuedSynchronizer$Node::setStatusRelaxed (12 bytes)
Event: 8.511 Thread 0x0000027fae959520 nmethod 3060 0x0000027f97626290 code [0x0000027f97626420, 0x0000027f97626538]
Event: 8.511 Thread 0x0000027fae959520 3061       3       java.util.concurrent.locks.ReentrantLock::lockInterruptibly (8 bytes)
Event: 8.511 Thread 0x0000027fae959520 nmethod 3061 0x0000027f97626610 code [0x0000027f97626800, 0x0000027f97626cb8]
Event: 8.511 Thread 0x0000027fae959520 3062       3       java.util.concurrent.locks.ReentrantLock$Sync::lockInterruptibly (27 bytes)
Event: 8.512 Thread 0x0000027faec00290 nmethod 3057 0x0000027f97626e90 code [0x0000027f97627020, 0x0000027f97627178]
Event: 8.512 Thread 0x0000027faec00290 3063       3       java.util.concurrent.locks.LockSupport::parkNanos (29 bytes)
Event: 8.512 Thread 0x0000027faec00290 nmethod 3063 0x0000027f97627210 code [0x0000027f976273e0, 0x0000027f976275c8]
Event: 8.515 Thread 0x0000027fae959520 nmethod 3062 0x0000027f97627690 code [0x0000027f97627880, 0x0000027f97627cb8]
Event: 9.291 Thread 0x0000027faec00290 3065       3       java.util.concurrent.locks.AbstractQueuedSynchronizer$Node::getAndUnsetStatus (14 bytes)
Event: 9.291 Thread 0x0000027faec00290 nmethod 3065 0x0000027f97627e10 code [0x0000027f97627fc0, 0x0000027f97628268]
Event: 9.705 Thread 0x0000027faec00290 3066       1       javax.management.ObjectName$Property::setKeyIndex (6 bytes)
Event: 9.706 Thread 0x0000027faec00290 nmethod 3066 0x0000027f9ecc3d10 code [0x0000027f9ecc3ea0, 0x0000027f9ecc3f78]
Event: 9.733 Thread 0x0000027faec00290 3067       1       java.util.Spliterators$EmptySpliterator::characteristics (4 bytes)
Event: 9.733 Thread 0x0000027faec00290 nmethod 3067 0x0000027f9ecc4010 code [0x0000027f9ecc41a0, 0x0000027f9ecc4278]
Event: 9.739 Thread 0x0000027fae959520 3068       1       sun.management.MemoryPoolImpl::getName (5 bytes)
Event: 9.739 Thread 0x0000027fae959520 nmethod 3068 0x0000027f9ecc4310 code [0x0000027f9ecc44a0, 0x0000027f9ecc4578]

GC Heap History (8 events):
Event: 1.077 GC heap before
{Heap before GC invocations=0 (full 0):
 garbage-first heap   total 253952K, used 26624K [0x0000000080000000, 0x0000000100000000)
  region size 1024K, 23 young (23552K), 0 survivors (0K)
 Metaspace       used 2899K, committed 3072K, reserved 491520K
  class space    used 364K, committed 448K, reserved 425984K
}
Event: 1.082 GC heap after
{Heap after GC invocations=1 (full 0):
 garbage-first heap   total 253952K, used 10445K [0x0000000080000000, 0x0000000100000000)
  region size 1024K, 3 young (3072K), 3 survivors (3072K)
 Metaspace       used 2899K, committed 3072K, reserved 491520K
  class space    used 364K, committed 448K, reserved 425984K
}
Event: 1.922 GC heap before
{Heap before GC invocations=1 (full 0):
 garbage-first heap   total 253952K, used 38093K [0x0000000080000000, 0x0000000100000000)
  region size 1024K, 30 young (30720K), 3 survivors (3072K)
 Metaspace       used 4056K, committed 4224K, reserved 491520K
  class space    used 491K, committed 576K, reserved 425984K
}
Event: 1.928 GC heap after
{Heap after GC invocations=2 (full 0):
 garbage-first heap   total 253952K, used 11612K [0x0000000080000000, 0x0000000100000000)
  region size 1024K, 1 young (1024K), 1 survivors (1024K)
 Metaspace       used 4056K, committed 4224K, reserved 491520K
  class space    used 491K, committed 576K, reserved 425984K
}
Event: 4.802 GC heap before
{Heap before GC invocations=2 (full 0):
 garbage-first heap   total 253952K, used 115036K [0x0000000080000000, 0x0000000100000000)
  region size 1024K, 101 young (103424K), 1 survivors (1024K)
 Metaspace       used 19064K, committed 19392K, reserved 491520K
  class space    used 2792K, committed 2944K, reserved 425984K
}
Event: 4.814 GC heap after
{Heap after GC invocations=3 (full 0):
 garbage-first heap   total 253952K, used 21919K [0x0000000080000000, 0x0000000100000000)
  region size 1024K, 11 young (11264K), 11 survivors (11264K)
 Metaspace       used 19064K, committed 19392K, reserved 491520K
  class space    used 2792K, committed 2944K, reserved 425984K
}
Event: 5.145 GC heap before
{Heap before GC invocations=3 (full 0):
 garbage-first heap   total 253952K, used 41375K [0x0000000080000000, 0x0000000100000000)
  region size 1024K, 31 young (31744K), 11 survivors (11264K)
 Metaspace       used 21214K, committed 21504K, reserved 491520K
  class space    used 3119K, committed 3264K, reserved 425984K
}
Event: 5.152 GC heap after
{Heap after GC invocations=4 (full 0):
 garbage-first heap   total 253952K, used 23077K [0x0000000080000000, 0x0000000100000000)
  region size 1024K, 1 young (1024K), 1 survivors (1024K)
 Metaspace       used 21214K, committed 21504K, reserved 491520K
  class space    used 3119K, committed 3264K, reserved 425984K
}

Dll operation events (15 events):
Event: 0.019 Loaded shared library C:\Program Files\Amazon Corretto\jdk17.0.14_7\bin\java.dll
Event: 0.040 Loaded shared library C:\Program Files\Amazon Corretto\jdk17.0.14_7\bin\jsvml.dll
Event: 0.117 Loaded shared library C:\Program Files\Amazon Corretto\jdk17.0.14_7\bin\zip.dll
Event: 0.145 Loaded shared library C:\Program Files\Amazon Corretto\jdk17.0.14_7\bin\instrument.dll
Event: 0.151 Loaded shared library C:\Program Files\Amazon Corretto\jdk17.0.14_7\bin\net.dll
Event: 0.152 Loaded shared library C:\Program Files\Amazon Corretto\jdk17.0.14_7\bin\nio.dll
Event: 0.157 Loaded shared library C:\Program Files\Amazon Corretto\jdk17.0.14_7\bin\zip.dll
Event: 0.555 Loaded shared library C:\Program Files\Amazon Corretto\jdk17.0.14_7\bin\jimage.dll
Event: 0.673 Loaded shared library C:\Program Files\Amazon Corretto\jdk17.0.14_7\bin\verify.dll
Event: 0.964 Loaded shared library C:\Users\LENOVO\.gradle\native\68d5fa5c4cc2d200863cafc0d521ce42e7d3e7ee720ec0a83991735586a16f82\windows-amd64\native-platform.dll
Event: 0.995 Loaded shared library C:\Users\LENOVO\.gradle\native\e376f236ea51e6404a007f0833ffe2c6e607c4080706a723a18a27aeea778392\windows-amd64\native-platform-file-events.dll
Event: 2.588 Loaded shared library C:\Program Files\Amazon Corretto\jdk17.0.14_7\bin\management.dll
Event: 2.591 Loaded shared library C:\Program Files\Amazon Corretto\jdk17.0.14_7\bin\management_ext.dll
Event: 2.902 Loaded shared library C:\Program Files\Amazon Corretto\jdk17.0.14_7\bin\extnet.dll
Event: 3.179 Loaded shared library C:\Program Files\Amazon Corretto\jdk17.0.14_7\bin\sunmscapi.dll

Deoptimization events (20 events):
Event: 4.300 Thread 0x0000027fcfb9d560 DEOPT PACKING pc=0x0000027f974ae14a sp=0x000000b34eefc6d0
Event: 4.300 Thread 0x0000027fcfb9d560 DEOPT UNPACKING pc=0x0000027f9e447143 sp=0x000000b34eefbbe0 mode 0
Event: 4.384 Thread 0x0000027fcfb9d560 Uncommon trap: trap_request=0xffffff45 fr.pc=0x0000027f9ec75400 relative=0x00000000000003c0
Event: 4.384 Thread 0x0000027fcfb9d560 Uncommon trap: reason=unstable_if action=reinterpret pc=0x0000027f9ec75400 method=java.util.HashMap.getNode(Ljava/lang/Object;)Ljava/util/HashMap$Node; @ 131 c2
Event: 4.384 Thread 0x0000027fcfb9d560 DEOPT PACKING pc=0x0000027f9ec75400 sp=0x000000b34eefb0b0
Event: 4.384 Thread 0x0000027fcfb9d560 DEOPT UNPACKING pc=0x0000027f9e4469a3 sp=0x000000b34eefafd0 mode 2
Event: 4.766 Thread 0x0000027fcfb9d560 Uncommon trap: trap_request=0xffffff76 fr.pc=0x0000027f9eca76f8 relative=0x0000000000000158
Event: 4.766 Thread 0x0000027fcfb9d560 Uncommon trap: reason=predicate action=maybe_recompile pc=0x0000027f9eca76f8 method=com.google.common.base.CharMatcher.indexIn(Ljava/lang/CharSequence;I)I @ 19 c2
Event: 4.766 Thread 0x0000027fcfb9d560 DEOPT PACKING pc=0x0000027f9eca76f8 sp=0x000000b34eefa750
Event: 4.766 Thread 0x0000027fcfb9d560 DEOPT UNPACKING pc=0x0000027f9e4469a3 sp=0x000000b34eefa6e0 mode 2
Event: 4.880 Thread 0x0000027fcfb9d560 Uncommon trap: trap_request=0xffffffc6 fr.pc=0x0000027f9ebd29f0 relative=0x0000000000000d50
Event: 4.880 Thread 0x0000027fcfb9d560 Uncommon trap: reason=bimorphic_or_optimized_type_check action=maybe_recompile pc=0x0000027f9ebd29f0 method=java.util.Properties$LineReader.readLine()I @ 479 c2
Event: 4.880 Thread 0x0000027fcfb9d560 DEOPT PACKING pc=0x0000027f9ebd29f0 sp=0x000000b34eefb640
Event: 4.880 Thread 0x0000027fcfb9d560 DEOPT UNPACKING pc=0x0000027f9e4469a3 sp=0x000000b34eefb5e0 mode 2
Event: 5.023 Thread 0x0000027fcfb9d560 DEOPT PACKING pc=0x0000027f974ae14a sp=0x000000b34eefa390
Event: 5.023 Thread 0x0000027fcfb9d560 DEOPT UNPACKING pc=0x0000027f9e447143 sp=0x000000b34eef98a0 mode 0
Event: 6.275 Thread 0x0000027fcfb9d560 Uncommon trap: trap_request=0xffffff45 fr.pc=0x0000027f9eba2700 relative=0x00000000000005c0
Event: 6.275 Thread 0x0000027fcfb9d560 Uncommon trap: reason=unstable_if action=reinterpret pc=0x0000027f9eba2700 method=java.util.HashMap.hash(Ljava/lang/Object;)I @ 1 c2
Event: 6.275 Thread 0x0000027fcfb9d560 DEOPT PACKING pc=0x0000027f9eba2700 sp=0x000000b34eef88e0
Event: 6.275 Thread 0x0000027fcfb9d560 DEOPT UNPACKING pc=0x0000027f9e4469a3 sp=0x000000b34eef8788 mode 2

Classes loaded (20 events):
Event: 4.764 Loading class java/util/ServiceConfigurationError
Event: 4.764 Loading class java/util/ServiceConfigurationError done
Event: 4.801 Loading class java/util/concurrent/locks/AbstractQueuedSynchronizer$SharedNode
Event: 4.801 Loading class java/util/concurrent/locks/AbstractQueuedSynchronizer$SharedNode done
Event: 4.822 Loading class java/io/InterruptedIOException
Event: 4.822 Loading class java/io/InterruptedIOException done
Event: 4.835 Loading class java/util/ArrayDeque$DeqSpliterator
Event: 4.835 Loading class java/util/ArrayDeque$DeqSpliterator done
Event: 6.264 Loading class java/lang/invoke/SerializedLambda
Event: 6.264 Loading class java/lang/invoke/SerializedLambda done
Event: 6.275 Loading class sun/reflect/misc/ReflectUtil
Event: 6.275 Loading class sun/reflect/misc/ReflectUtil done
Event: 6.284 Loading class java/lang/Class$EnclosingMethodInfo
Event: 6.285 Loading class java/lang/Class$EnclosingMethodInfo done
Event: 6.287 Loading class sun/reflect/generics/tree/IntSignature
Event: 6.287 Loading class sun/reflect/generics/tree/IntSignature done
Event: 6.287 Loading class sun/reflect/generics/tree/ArrayTypeSignature
Event: 6.287 Loading class sun/reflect/generics/tree/ArrayTypeSignature done
Event: 6.292 Loading class java/lang/SafeVarargs
Event: 6.292 Loading class java/lang/SafeVarargs done

Classes unloaded (0 events):
No events

Classes redefined (0 events):
No events

Internal exceptions (20 events):
Event: 4.053 Thread 0x0000027fcfb9d560 Exception <a 'java/lang/NoSuchMethodError'{0x000000008ae18ce8}: 'java.lang.Object java.lang.invoke.DirectMethodHandle$Holder.invokeInterface(java.lang.Object, java.lang.Object, java.lang.Object)'> (0x000000008ae18ce8) 
thrown [s\src\hotspot\share\interpreter\linkResolver.cpp, line 759]
Event: 4.053 Thread 0x0000027fcfb9d560 Exception <a 'java/lang/IncompatibleClassChangeError'{0x000000008ae1c900}: Found class java.lang.Object, but interface was expected> (0x000000008ae1c900) 
thrown [s\src\hotspot\share\interpreter\linkResolver.cpp, line 826]
Event: 4.099 Thread 0x0000027fcfb9d560 Exception <a 'java/lang/NoSuchMethodError'{0x000000008ad183e8}: 'int java.lang.invoke.DirectMethodHandle$Holder.invokeStatic(java.lang.Object, java.lang.Object, java.lang.Object, java.lang.Object)'> (0x000000008ad183e8) 
thrown [s\src\hotspot\share\interpreter\linkResolver.cpp, line 759]
Event: 4.099 Thread 0x0000027fcfb9d560 Exception <a 'java/lang/NoSuchMethodError'{0x000000008ad1c010}: 'java.lang.Object java.lang.invoke.Invokers$Holder.invokeExact_MT(java.lang.Object, java.lang.Object, java.lang.Object, java.lang.Object, java.lang.Object, java.lang.Object)'> (0x000000008ad1c010) 
thrown [s\src\hotspot\share\interpreter\linkResolver.cpp, line 759]
Event: 4.222 Thread 0x0000027fcfb9d560 Exception <a 'java/lang/NoSuchMethodError'{0x000000008a90f400}: 'java.lang.Object java.lang.invoke.DirectMethodHandle$Holder.invokeSpecial(java.lang.Object, java.lang.Object, java.lang.Object, java.lang.Object, java.lang.Object, java.lang.Object, java.lang.Object, java.lang.Object, java.lang.Object)'> (0x000000008a90f400) 
thrown [s\src\hotspot\share\interpreter\linkResolver.cpp, line 759]
Event: 4.355 Thread 0x0000027fcfb9d560 Exception <a 'java/lang/NoSuchMethodError'{0x000000008a40bf50}: 'java.lang.Object java.lang.invoke.DirectMethodHandle$Holder.invokeVirtual(java.lang.Object, java.lang.Object, java.lang.Object, java.lang.Object)'> (0x000000008a40bf50) 
thrown [s\src\hotspot\share\interpreter\linkResolver.cpp, line 759]
Event: 4.399 Thread 0x0000027fcfb9d560 Exception <a 'java/lang/NoSuchMethodError'{0x000000008a3609d8}: 'java.lang.Object java.lang.invoke.DirectMethodHandle$Holder.newInvokeSpecial(java.lang.Object, java.lang.Object, java.lang.Object, java.lang.Object, java.lang.Object, java.lang.Object, java.lang.Object)'> (0x000000008a3609d8) 
thrown [s\src\hotspot\share\interpreter\linkResolver.cpp, line 759]
Event: 4.399 Thread 0x0000027fcfb9d560 Exception <a 'java/lang/NoSuchMethodError'{0x000000008a3656a8}: 'java.lang.Object java.lang.invoke.Invokers$Holder.linkToTargetMethod(java.lang.Object, java.lang.Object, java.lang.Object, java.lang.Object, java.lang.Object, java.lang.Object, java.lang.Object)'> (0x000000008a3656a8) 
thrown [s\src\hotspot\share\interpreter\linkResolver.cpp, line 759]
Event: 4.829 Thread 0x0000027fcfb9d560 Exception <a 'java/lang/NoSuchMethodError'{0x000000008f761670}: 'void java.lang.invoke.DirectMethodHandle$Holder.invokeStatic(java.lang.Object, java.lang.Object, java.lang.Object, java.lang.Object)'> (0x000000008f761670) 
thrown [s\src\hotspot\share\interpreter\linkResolver.cpp, line 759]
Event: 4.831 Thread 0x0000027fcfb9d560 Exception <a 'java/lang/NoSuchMethodError'{0x000000008f775d50}: 'int java.lang.invoke.DirectMethodHandle$Holder.invokeVirtual(java.lang.Object, java.lang.Object)'> (0x000000008f775d50) 
thrown [s\src\hotspot\share\interpreter\linkResolver.cpp, line 759]
Event: 4.833 Thread 0x0000027fcfb9d560 Exception <a 'java/lang/NoSuchMethodError'{0x000000008f6088d0}: 'java.lang.Object java.lang.invoke.DirectMethodHandle$Holder.invokeStaticInit(java.lang.Object, java.lang.Object, java.lang.Object)'> (0x000000008f6088d0) 
thrown [s\src\hotspot\share\interpreter\linkResolver.cpp, line 759]
Event: 4.837 Thread 0x0000027fcfb9d560 Exception <a 'java/lang/NoSuchMethodError'{0x000000008f62f9c0}: 'int java.lang.invoke.DirectMethodHandle$Holder.invokeVirtual(java.lang.Object, java.lang.Object, java.lang.Object)'> (0x000000008f62f9c0) 
thrown [s\src\hotspot\share\interpreter\linkResolver.cpp, line 759]
Event: 5.057 Thread 0x0000027fcfb9d560 Exception <a 'java/lang/NoSuchMethodError'{0x000000008eac5558}: 'java.lang.Object java.lang.invoke.DirectMethodHandle$Holder.invokeSpecialIFC(java.lang.Object, java.lang.Object, java.lang.Object, java.lang.Object)'> (0x000000008eac5558) 
thrown [s\src\hotspot\share\interpreter\linkResolver.cpp, line 759]
Event: 5.066 Thread 0x0000027fcfb9d560 Exception <a 'java/lang/NoSuchMethodError'{0x000000008e943088}: 'java.lang.Object java.lang.invoke.DirectMethodHandle$Holder.newInvokeSpecial(java.lang.Object, java.lang.Object, java.lang.Object, java.lang.Object, java.lang.Object, java.lang.Object, java.lang.Object, java.lang.Object, java.lang.Object, java.lang.Object)'> (0x000000008e943088) 
thrown [s\src\hotspot\share\interpreter\linkResolver.cpp, line 759]
Event: 5.066 Thread 0x0000027fcfb9d560 Exception <a 'java/lang/NoSuchMethodError'{0x000000008e947f70}: 'java.lang.Object java.lang.invoke.Invokers$Holder.linkToTargetMethod(java.lang.Object, java.lang.Object, java.lang.Object, java.lang.Object, java.lang.Object, java.lang.Object, java.lang.Object, java.lang.Object, java.lang.Object, java.lang.Object)'> (0x000000008e947f70) 
thrown [s\src\hotspot\share\interpreter\linkResolver.cpp, line 759]
Event: 5.073 Thread 0x0000027fcfb9d560 Exception <a 'java/lang/NoSuchMethodError'{0x000000008e9b86d0}: 'java.lang.Object java.lang.invoke.DirectMethodHandle$Holder.newInvokeSpecial(java.lang.Object, java.lang.Object, java.lang.Object, java.lang.Object, java.lang.Object, java.lang.Object, java.lang.Object, java.lang.Object, java.lang.Object, java.lang.Object, java.lang.Object)'> (0x000000008e9b86d0) 
thrown [s\src\hotspot\share\interpreter\linkResolver.cpp, line 759]
Event: 5.074 Thread 0x0000027fcfb9d560 Exception <a 'java/lang/NoSuchMethodError'{0x000000008e9be208}: 'java.lang.Object java.lang.invoke.DirectMethodHandle$Holder.invokeSpecial(java.lang.Object, java.lang.Object, java.lang.Object, java.lang.Object, java.lang.Object, java.lang.Object, java.lang.Object, java.lang.Object, java.lang.Object, java.lang.Object, java.lang.Object, java.lang.Object)'> (0x000000008e9be208) 
thrown [s\src\hotspot\share\interpreter\linkResolver.cpp, line 759]
Event: 5.074 Thread 0x0000027fcfb9d560 Exception <a 'java/lang/NoSuchMethodError'{0x000000008e9c38a0}: 'java.lang.Object java.lang.invoke.Invokers$Holder.linkToTargetMethod(java.lang.Object, java.lang.Object, java.lang.Object, java.lang.Object, java.lang.Object, java.lang.Object, java.lang.Object, java.lang.Object, java.lang.Object, java.lang.Object, java.lang.Object)'> (0x000000008e9c38a0) 
thrown [s\src\hotspot\share\interpreter\linkResolver.cpp, line 759]
Event: 5.087 Thread 0x0000027fcfb9d560 Exception <a 'java/lang/NoSuchMethodError'{0x000000008e84f0f0}: 'java.lang.Object java.lang.invoke.DirectMethodHandle$Holder.invokeStaticInit(java.lang.Object, java.lang.Object, java.lang.Object, java.lang.Object)'> (0x000000008e84f0f0) 
thrown [s\src\hotspot\share\interpreter\linkResolver.cpp, line 759]
Event: 6.275 Thread 0x0000027fcfb9d560 Implicit null exception at 0x0000027f9eba218c to 0x0000027f9eba26e0

VM Operations (20 events):
Event: 4.018 Executing VM operation: ICBufferFull
Event: 4.019 Executing VM operation: ICBufferFull done
Event: 4.802 Executing VM operation: G1CollectForAllocation
Event: 4.814 Executing VM operation: G1CollectForAllocation done
Event: 4.883 Executing VM operation: HandshakeAllThreads
Event: 4.883 Executing VM operation: HandshakeAllThreads done
Event: 4.884 Executing VM operation: HandshakeAllThreads
Event: 4.884 Executing VM operation: HandshakeAllThreads done
Event: 5.145 Executing VM operation: CollectForMetadataAllocation
Event: 6.155 Executing VM operation: CollectForMetadataAllocation done
Event: 6.176 Executing VM operation: G1PauseRemark
Event: 6.194 Executing VM operation: G1PauseRemark done
Event: 6.198 Executing VM operation: G1PauseCleanup
Event: 6.218 Executing VM operation: G1PauseCleanup done
Event: 6.280 Executing VM operation: HandshakeAllThreads
Event: 6.280 Executing VM operation: HandshakeAllThreads done
Event: 6.342 Executing VM operation: HandshakeAllThreads
Event: 6.342 Executing VM operation: HandshakeAllThreads done
Event: 7.342 Executing VM operation: Cleanup
Event: 7.496 Executing VM operation: Cleanup done

Memory protections (0 events):
No events

Nmethod flushes (0 events):
No events

Events (20 events):
Event: 3.264 Thread 0x0000027fcfb9d560 Thread added: 0x0000027fcfae2ce0
Event: 3.268 Thread 0x0000027fcfb9d560 Thread added: 0x0000027fcfae4630
Event: 3.390 Thread 0x0000027fced62d40 Thread exited: 0x0000027fced62d40
Event: 3.708 Thread 0x0000027fcfb9d560 Thread added: 0x0000027fcfae1db0
Event: 3.723 Thread 0x0000027fcfb9d560 Thread added: 0x0000027fcfae22c0
Event: 3.996 Thread 0x0000027faec007b0 Thread added: 0x0000027fd0bc03e0
Event: 3.996 Thread 0x0000027faec007b0 Thread added: 0x0000027fd0bbeea0
Event: 4.035 Thread 0x0000027fcfb9d560 Thread added: 0x0000027fcfae3700
Event: 4.334 Thread 0x0000027fd0bbeea0 Thread exited: 0x0000027fd0bbeea0
Event: 4.801 Thread 0x0000027fcfb9d560 Thread added: 0x0000027fcfae3c10
Event: 4.814 Thread 0x0000027fd0bc03e0 Thread exited: 0x0000027fd0bc03e0
Event: 4.829 Thread 0x0000027fcfb9d560 Thread added: 0x0000027fcfae27d0
Event: 5.049 Thread 0x0000027fcfb9d560 Thread added: 0x0000027fcfae4b40
Event: 5.080 Thread 0x0000027fcfb9d560 Thread added: 0x0000027fcfae5050
Event: 5.109 Thread 0x0000027fcfb9d560 Thread added: 0x0000027fcfae18a0
Event: 5.133 Thread 0x0000027fcfb9d560 Thread added: 0x0000027fd1918b10
Event: 6.156 Thread 0x0000027faec007b0 Thread exited: 0x0000027faec007b0
Event: 6.156 Thread 0x0000027fce7a5890 Thread exited: 0x0000027fce7a5890
Event: 6.359 Thread 0x0000027fcfb9d560 Thread added: 0x0000027fd191b390
Event: 6.443 Thread 0x0000027fcfb9d560 Thread added: 0x0000027fd1919020


Dynamic libraries:
0x00007ff69a3f0000 - 0x00007ff69a3fe000 	C:\Program Files\Amazon Corretto\jdk17.0.14_7\bin\java.exe
0x00007ff843680000 - 0x00007ff8438e0000 	C:\WINDOWS\SYSTEM32\ntdll.dll
0x00007ff841d10000 - 0x00007ff841dd7000 	C:\WINDOWS\System32\KERNEL32.DLL
0x00007ff8409a0000 - 0x00007ff840d6a000 	C:\WINDOWS\System32\KERNELBASE.dll
0x00007ff82c8b0000 - 0x00007ff82c8c7000 	C:\Program Files\Amazon Corretto\jdk17.0.14_7\bin\jli.dll
0x00007ff840e10000 - 0x00007ff840f5b000 	C:\WINDOWS\System32\ucrtbase.dll
0x00007ff82d390000 - 0x00007ff82d3ab000 	C:\Program Files\Amazon Corretto\jdk17.0.14_7\bin\VCRUNTIME140.dll
0x00007ff841e00000 - 0x00007ff841fcc000 	C:\WINDOWS\System32\USER32.dll
0x00007ff841210000 - 0x00007ff841237000 	C:\WINDOWS\System32\win32u.dll
0x00007ff843030000 - 0x00007ff84305a000 	C:\WINDOWS\System32\GDI32.dll
0x00007ff836520000 - 0x00007ff8367b7000 	C:\WINDOWS\WinSxS\amd64_microsoft.windows.common-controls_6595b64144ccf1df_6.0.26100.3624_none_3e086962e3345f24\COMCTL32.dll
0x00007ff840860000 - 0x00007ff840991000 	C:\WINDOWS\System32\gdi32full.dll
0x00007ff842250000 - 0x00007ff8422f9000 	C:\WINDOWS\System32\msvcrt.dll
0x00007ff8410d0000 - 0x00007ff841173000 	C:\WINDOWS\System32\msvcp_win.dll
0x00007ff841b10000 - 0x00007ff841b3f000 	C:\WINDOWS\System32\IMM32.DLL
0x00007ff835da0000 - 0x00007ff835dac000 	C:\Program Files\Amazon Corretto\jdk17.0.14_7\bin\vcruntime140_1.dll
0x00007ff8265c0000 - 0x00007ff82664d000 	C:\Program Files\Amazon Corretto\jdk17.0.14_7\bin\msvcp140.dll
0x00007fff93930000 - 0x00007fff9459c000 	C:\Program Files\Amazon Corretto\jdk17.0.14_7\bin\server\jvm.dll
0x00007ff842060000 - 0x00007ff842112000 	C:\WINDOWS\System32\ADVAPI32.dll
0x00007ff842560000 - 0x00007ff842606000 	C:\WINDOWS\System32\sechost.dll
0x00007ff842120000 - 0x00007ff842236000 	C:\WINDOWS\System32\RPCRT4.dll
0x00007ff842300000 - 0x00007ff842374000 	C:\WINDOWS\System32\WS2_32.dll
0x00007ff83d500000 - 0x00007ff83d536000 	C:\WINDOWS\SYSTEM32\WINMM.dll
0x00007ff82c380000 - 0x00007ff82c38b000 	C:\WINDOWS\SYSTEM32\VERSION.dll
0x00007ff83f4a0000 - 0x00007ff83f4fe000 	C:\WINDOWS\SYSTEM32\POWRPROF.dll
0x00007ff83f480000 - 0x00007ff83f494000 	C:\WINDOWS\SYSTEM32\UMPDC.dll
0x00007ff83f770000 - 0x00007ff83f78a000 	C:\WINDOWS\SYSTEM32\kernel.appcore.dll
0x00007ff833590000 - 0x00007ff83359a000 	C:\Program Files\Amazon Corretto\jdk17.0.14_7\bin\jimage.dll
0x00007ff83e0e0000 - 0x00007ff83e321000 	C:\WINDOWS\SYSTEM32\DBGHELP.DLL
0x00007ff8416d0000 - 0x00007ff841a52000 	C:\WINDOWS\System32\combase.dll
0x00007ff841bd0000 - 0x00007ff841ca6000 	C:\WINDOWS\System32\OLEAUT32.dll
0x00007ff804f40000 - 0x00007ff804f79000 	C:\WINDOWS\SYSTEM32\dbgcore.DLL
0x00007ff840d70000 - 0x00007ff840e09000 	C:\WINDOWS\System32\bcryptPrimitives.dll
0x00007ff823a50000 - 0x00007ff823a5e000 	C:\Program Files\Amazon Corretto\jdk17.0.14_7\bin\instrument.dll
0x00007ff81c430000 - 0x00007ff81c455000 	C:\Program Files\Amazon Corretto\jdk17.0.14_7\bin\java.dll
0x00007fffe90f0000 - 0x00007fffe91c7000 	C:\Program Files\Amazon Corretto\jdk17.0.14_7\bin\jsvml.dll
0x00007ff8427b0000 - 0x00007ff842ed9000 	C:\WINDOWS\System32\SHELL32.dll
0x00007ff840f60000 - 0x00007ff8410c8000 	C:\WINDOWS\System32\wintypes.dll
0x00007ff83e4f0000 - 0x00007ff83ed42000 	C:\WINDOWS\SYSTEM32\windows.storage.dll
0x00007ff843550000 - 0x00007ff84363d000 	C:\WINDOWS\System32\SHCORE.dll
0x00007ff841480000 - 0x00007ff8414e4000 	C:\WINDOWS\System32\shlwapi.dll
0x00007ff840770000 - 0x00007ff84079f000 	C:\WINDOWS\SYSTEM32\profapi.dll
0x00007ff81c1b0000 - 0x00007ff81c1c8000 	C:\Program Files\Amazon Corretto\jdk17.0.14_7\bin\zip.dll
0x00007ff82a5c0000 - 0x00007ff82a5d9000 	C:\Program Files\Amazon Corretto\jdk17.0.14_7\bin\net.dll
0x00007ff839b70000 - 0x00007ff839c8d000 	C:\WINDOWS\SYSTEM32\WINHTTP.dll
0x00007ff83fcb0000 - 0x00007ff83fd1a000 	C:\WINDOWS\system32\mswsock.dll
0x00007ff81c1d0000 - 0x00007ff81c1e6000 	C:\Program Files\Amazon Corretto\jdk17.0.14_7\bin\nio.dll
0x00007ff833420000 - 0x00007ff833430000 	C:\Program Files\Amazon Corretto\jdk17.0.14_7\bin\verify.dll
0x00007ff81c180000 - 0x00007ff81c1a7000 	C:\Users\LENOVO\.gradle\native\68d5fa5c4cc2d200863cafc0d521ce42e7d3e7ee720ec0a83991735586a16f82\windows-amd64\native-platform.dll
0x00007fffe8ae0000 - 0x00007fffe8c24000 	C:\Users\LENOVO\.gradle\native\e376f236ea51e6404a007f0833ffe2c6e607c4080706a723a18a27aeea778392\windows-amd64\native-platform-file-events.dll
0x00007ff82c940000 - 0x00007ff82c949000 	C:\Program Files\Amazon Corretto\jdk17.0.14_7\bin\management.dll
0x00007ff82c4d0000 - 0x00007ff82c4db000 	C:\Program Files\Amazon Corretto\jdk17.0.14_7\bin\management_ext.dll
0x00007ff842ff0000 - 0x00007ff842ff8000 	C:\WINDOWS\System32\PSAPI.DLL
0x00007ff83ff50000 - 0x00007ff83ff6c000 	C:\WINDOWS\SYSTEM32\CRYPTSP.dll
0x00007ff83f6d0000 - 0x00007ff83f70a000 	C:\WINDOWS\system32\rsaenh.dll
0x00007ff83fd50000 - 0x00007ff83fd7b000 	C:\WINDOWS\SYSTEM32\USERENV.dll
0x00007ff840740000 - 0x00007ff840766000 	C:\WINDOWS\SYSTEM32\bcrypt.dll
0x00007ff83ff70000 - 0x00007ff83ff7c000 	C:\WINDOWS\SYSTEM32\CRYPTBASE.dll
0x00007ff83f130000 - 0x00007ff83f163000 	C:\WINDOWS\SYSTEM32\IPHLPAPI.DLL
0x00007ff841cb0000 - 0x00007ff841cba000 	C:\WINDOWS\System32\NSI.dll
0x00007ff83a3b0000 - 0x00007ff83a3cf000 	C:\WINDOWS\SYSTEM32\dhcpcsvc6.DLL
0x00007ff839f70000 - 0x00007ff839f95000 	C:\WINDOWS\SYSTEM32\dhcpcsvc.DLL
0x00007ff83f170000 - 0x00007ff83f295000 	C:\WINDOWS\SYSTEM32\DNSAPI.dll
0x00007ff8265b0000 - 0x00007ff8265b9000 	C:\Program Files\Amazon Corretto\jdk17.0.14_7\bin\extnet.dll
0x00007ff81cfb0000 - 0x00007ff81cfbe000 	C:\Program Files\Amazon Corretto\jdk17.0.14_7\bin\sunmscapi.dll
0x00007ff841300000 - 0x00007ff841477000 	C:\WINDOWS\System32\CRYPT32.dll
0x00007ff840150000 - 0x00007ff840180000 	C:\WINDOWS\SYSTEM32\ncrypt.dll
0x00007ff840100000 - 0x00007ff84013f000 	C:\WINDOWS\SYSTEM32\NTASN1.dll
0x00007ff81da90000 - 0x00007ff81da98000 	C:\WINDOWS\system32\wshunix.dll

dbghelp: loaded successfully - version: 4.0.5 - missing functions: none
symbol engine: initialized successfully - sym options: 0x614 - pdb path: .;C:\Program Files\Amazon Corretto\jdk17.0.14_7\bin;C:\WINDOWS\SYSTEM32;C:\WINDOWS\WinSxS\amd64_microsoft.windows.common-controls_6595b64144ccf1df_6.0.26100.3624_none_3e086962e3345f24;C:\Program Files\Amazon Corretto\jdk17.0.14_7\bin\server;C:\Users\LENOVO\.gradle\native\68d5fa5c4cc2d200863cafc0d521ce42e7d3e7ee720ec0a83991735586a16f82\windows-amd64;C:\Users\LENOVO\.gradle\native\e376f236ea51e6404a007f0833ffe2c6e607c4080706a723a18a27aeea778392\windows-amd64

VM Arguments:
jvm_args: -XX:MaxMetaspaceSize=512m --add-opens=java.base/java.util=ALL-UNNAMED --add-opens=java.base/java.lang=ALL-UNNAMED --add-opens=java.base/java.lang.invoke=ALL-UNNAMED --add-opens=java.prefs/java.util.prefs=ALL-UNNAMED --add-opens=java.base/java.nio.charset=ALL-UNNAMED --add-opens=java.base/java.net=ALL-UNNAMED --add-opens=java.base/java.util.concurrent.atomic=ALL-UNNAMED -Xmx2048m -Dfile.encoding=windows-1252 -Duser.country=ID -Duser.language=en -Duser.variant -javaagent:C:\Users\LENOVO\.gradle\wrapper\dists\gradle-8.3-all\6en3ugtfdg5xnpx44z4qbwgas\gradle-8.3\lib\agents\gradle-instrumentation-agent-8.3.jar 
java_command: org.gradle.launcher.daemon.bootstrap.GradleDaemon 8.3
java_class_path (initial): C:\Users\LENOVO\.gradle\wrapper\dists\gradle-8.3-all\6en3ugtfdg5xnpx44z4qbwgas\gradle-8.3\lib\gradle-launcher-8.3.jar
Launcher Type: SUN_STANDARD

[Global flags]
     intx CICompilerCount                          = 12                                        {product} {ergonomic}
   size_t CompressedClassSpaceSize                 = 436207616                                 {product} {ergonomic}
     uint ConcGCThreads                            = 4                                         {product} {ergonomic}
     uint G1ConcRefinementThreads                  = 16                                        {product} {ergonomic}
   size_t G1HeapRegionSize                         = 1048576                                   {product} {ergonomic}
    uintx GCDrainStackTargetSize                   = 64                                        {product} {ergonomic}
   size_t InitialHeapSize                          = 260046848                                 {product} {ergonomic}
   size_t MarkStackSize                            = 4194304                                   {product} {ergonomic}
   size_t MaxHeapSize                              = 2147483648                                {product} {command line}
   size_t MaxMetaspaceSize                         = 536870912                                 {product} {command line}
   size_t MaxNewSize                               = 1287651328                                {product} {ergonomic}
   size_t MinHeapDeltaBytes                        = 1048576                                   {product} {ergonomic}
   size_t MinHeapSize                              = 8388608                                   {product} {ergonomic}
    uintx NonNMethodCodeHeapSize                   = 7602480                                {pd product} {ergonomic}
    uintx NonProfiledCodeHeapSize                  = 122027880                              {pd product} {ergonomic}
    uintx ProfiledCodeHeapSize                     = 122027880                              {pd product} {ergonomic}
    uintx ReservedCodeCacheSize                    = 251658240                              {pd product} {ergonomic}
     bool SegmentedCodeCache                       = true                                      {product} {ergonomic}
   size_t SoftMaxHeapSize                          = 2147483648                             {manageable} {ergonomic}
     bool UseCompressedClassPointers               = true                           {product lp64_product} {ergonomic}
     bool UseCompressedOops                        = true                           {product lp64_product} {ergonomic}
     bool UseG1GC                                  = true                                      {product} {ergonomic}
     bool UseLargePagesIndividualAllocation        = false                                  {pd product} {ergonomic}

Logging:
Log output configuration:
 #0: stdout all=warning uptime,level,tags
 #1: stderr all=off uptime,level,tags

Environment Variables:
JAVA_HOME=C:\Program Files\Amazon Corretto\jdk17.0.14_7
CLASSPATH=C:\Users\LENOVO\delonMAD\android\\gradle\wrapper\gradle-wrapper.jar
PATH=C:\Users\LENOVO\delonMAD\node_modules\.bin;C:\Users\LENOVO\delonMAD\node_modules\.bin;C:\Users\LENOVO\node_modules\.bin;C:\Users\node_modules\.bin;C:\node_modules\.bin;C:\Program Files\nodejs\node_modules\npm\node_modules\@npmcli\run-script\lib\node-gyp-bin;C:\Users\LENOVO\delonMAD\node_modules\.bin;C:\Users\LENOVO\node_modules\.bin;C:\Users\node_modules\.bin;C:\node_modules\.bin;C:\Program Files\nodejs\node_modules\npm\node_modules\@npmcli\run-script\lib\node-gyp-bin;C:\Program Files\Amazon Corretto\jdk17.0.14_7\bin;C:\WINDOWS\system32;C:\WINDOWS;C:\WINDOWS\System32\Wbem;C:\WINDOWS\System32\WindowsPowerShell\v1.0\;C:\WINDOWS\System32\OpenSSH\;C:\Program Files\Git\cmd;C:\Program Files\nodejs\;C:\Program Files (x86)\Microsoft SQL Server\160\Tools\Binn\;C:\Program Files\Microsoft SQL Server\160\Tools\Binn\;C:\Program Files\Microsoft SQL Server\Client SDK\ODBC\170\Tools\Binn\;C:\Program Files\Microsoft SQL Server\160\DTS\Binn\;C:\Users\LENOVO\AppData\Local\Microsoft\WindowsApps;C:\Users\LENOVO\AppData\Local\Programs\Microsoft VS Code\bin;C:\Users\LENOVO\AppData\Roaming\npm;Platform-tools;
USERNAME=LENOVO
OS=Windows_NT
PROCESSOR_IDENTIFIER=Intel64 Family 6 Model 170 Stepping 4, GenuineIntel
TMP=C:\Users\LENOVO\AppData\Local\Temp
TEMP=C:\Users\LENOVO\AppData\Local\Temp



Periodic native trim disabled


---------------  S Y S T E M  ---------------

OS:
 Windows 11 , 64 bit Build 26100 (10.0.26100.3775)
OS uptime: 7 days 20:56 hours
Hyper-V role detected

CPU: total 22 (initial active 22) (11 cores per cpu, 2 threads per core) family 6 model 170 stepping 4 microcode 0x1e, cx8, cmov, fxsr, ht, mmx, 3dnowpref, sse, sse2, sse3, ssse3, sse4.1, sse4.2, popcnt, lzcnt, tsc, tscinvbit, avx, avx2, aes, erms, clmul, bmi1, bmi2, adx, sha, fma, vzeroupper, clflush, clflushopt, clwb, hv
Processor Information for processor 0
  Max Mhz: 1400, Current Mhz: 1400, Mhz Limit: 1400
Processor Information for processor 1
  Max Mhz: 1400, Current Mhz: 1400, Mhz Limit: 1400
Processor Information for processor 2
  Max Mhz: 900, Current Mhz: 900, Mhz Limit: 900
Processor Information for processor 3
  Max Mhz: 900, Current Mhz: 900, Mhz Limit: 900
Processor Information for processor 4
  Max Mhz: 900, Current Mhz: 900, Mhz Limit: 900
Processor Information for processor 5
  Max Mhz: 900, Current Mhz: 900, Mhz Limit: 900
Processor Information for processor 6
  Max Mhz: 900, Current Mhz: 900, Mhz Limit: 900
Processor Information for processor 7
  Max Mhz: 900, Current Mhz: 900, Mhz Limit: 900
Processor Information for processor 8
  Max Mhz: 900, Current Mhz: 900, Mhz Limit: 900
Processor Information for processor 9
  Max Mhz: 900, Current Mhz: 900, Mhz Limit: 900
Processor Information for processor 10
  Max Mhz: 1400, Current Mhz: 1400, Mhz Limit: 1400
Processor Information for processor 11
  Max Mhz: 1400, Current Mhz: 1400, Mhz Limit: 1400
Processor Information for processor 12
  Max Mhz: 1400, Current Mhz: 1400, Mhz Limit: 1400
Processor Information for processor 13
  Max Mhz: 1400, Current Mhz: 1400, Mhz Limit: 1400
Processor Information for processor 14
  Max Mhz: 1400, Current Mhz: 1400, Mhz Limit: 1400
Processor Information for processor 15
  Max Mhz: 1400, Current Mhz: 1400, Mhz Limit: 1400
Processor Information for processor 16
  Max Mhz: 1400, Current Mhz: 1400, Mhz Limit: 1400
Processor Information for processor 17
  Max Mhz: 1400, Current Mhz: 1400, Mhz Limit: 1400
Processor Information for processor 18
  Max Mhz: 1400, Current Mhz: 1400, Mhz Limit: 1400
Processor Information for processor 19
  Max Mhz: 1400, Current Mhz: 1400, Mhz Limit: 1400
Processor Information for processor 20
  Max Mhz: 700, Current Mhz: 700, Mhz Limit: 700
Processor Information for processor 21
  Max Mhz: 700, Current Mhz: 700, Mhz Limit: 700

Memory: 4k page, system-wide physical 15805M (815M free)
TotalPageFile size 15805M (AvailPageFile size 0M)
current process WorkingSet (physical memory assigned to process): 144M, peak: 256M
current process commit charge ("private bytes"): 251M, peak: 443M

vm_info: OpenJDK 64-Bit Server VM (17.0.14+7-LTS) for windows-amd64 JRE (17.0.14+7-LTS), built on Jan  7 2025 20:14:24 by "Administrator" with MS VC++ 16.10 / 16.11 (VS2019)

END.
