#
# There is insufficient memory for the Java Runtime Environment to continue.
# Native memory allocation (malloc) failed to allocate 2069936 bytes. Error detail: Chunk::new
# Possible reasons:
#   The system is out of physical RAM or swap space
#   This process is running with CompressedOops enabled, and the Java Heap may be blocking the growth of the native heap
# Possible solutions:
#   Reduce memory load on the system
#   Increase physical memory or swap space
#   Check if swap backing store is full
#   Decrease Java heap size (-Xmx/-Xms)
#   Decrease number of Java threads
#   Decrease Java thread stack sizes (-Xss)
#   Set larger code cache with -XX:ReservedCodeCacheSize=
#   JVM is running with Unscaled Compressed Oops mode in which the Java heap is
#     placed in the first 4GB address space. The Java Heap base address is the
#     maximum limit for the native heap growth. Please use -XX:HeapBaseMinAddress
#     to set the Java Heap base and to place the Java Heap above 4GB virtual address.
# This output file may be truncated or incomplete.
#
#  Out of Memory Error (arena.cpp:191), pid=1228, tid=22840
#
# JRE version: OpenJDK Runtime Environment Corretto-17.0.14.7.1 (17.0.14+7) (build 17.0.14+7-LTS)
# Java VM: OpenJDK 64-Bit Server VM Corretto-17.0.14.7.1 (17.0.14+7-LTS, mixed mode, sharing, tiered, compressed oops, compressed class ptrs, g1 gc, windows-amd64)
# No core dump will be written. Minidumps are not enabled by default on client versions of Windows
#

---------------  S U M M A R Y ------------

Command Line: -XX:MaxMetaspaceSize=512m --add-opens=java.base/java.util=ALL-UNNAMED --add-opens=java.base/java.lang=ALL-UNNAMED --add-opens=java.base/java.lang.invoke=ALL-UNNAMED --add-opens=java.prefs/java.util.prefs=ALL-UNNAMED --add-opens=java.base/java.nio.charset=ALL-UNNAMED --add-opens=java.base/java.net=ALL-UNNAMED --add-opens=java.base/java.util.concurrent.atomic=ALL-UNNAMED -Xmx2048m -Dfile.encoding=windows-1252 -Duser.country=ID -Duser.language=en -Duser.variant -javaagent:C:\Users\LENOVO\.gradle\wrapper\dists\gradle-8.3-all\6en3ugtfdg5xnpx44z4qbwgas\gradle-8.3\lib\agents\gradle-instrumentation-agent-8.3.jar org.gradle.launcher.daemon.bootstrap.GradleDaemon 8.3

Host: Intel(R) Core(TM) Ultra 7 155H, 22 cores, 15G,  Windows 11 , 64 bit Build 26100 (10.0.26100.3775)
Time: Thu Apr 17 21:12:50 2025 Malay Peninsula Standard Time elapsed time: 8.738236 seconds (0d 0h 0m 8s)

---------------  T H R E A D  ---------------

Current thread (0x000001f633b1ecd0):  JavaThread "C2 CompilerThread0" daemon [_thread_in_native, id=22840, stack(0x000000b029f00000,0x000000b02a000000)]


Current CompileTask:
C2:   8738 2244       4       jdk.internal.org.objectweb.asm.Frame::execute (2305 bytes)

Stack: [0x000000b029f00000,0x000000b02a000000]
Native frames: (J=compiled Java code, j=interpreted, Vv=VM code, C=native code)
V  [jvm.dll+0x681069]
V  [jvm.dll+0x838cca]
V  [jvm.dll+0x83a78e]
V  [jvm.dll+0x83adf3]
V  [jvm.dll+0x24826f]
V  [jvm.dll+0xac9f4]
V  [jvm.dll+0xad03c]
V  [jvm.dll+0x3678e2]
V  [jvm.dll+0x331cda]
V  [jvm.dll+0x33117a]
V  [jvm.dll+0x21a7b1]
V  [jvm.dll+0x219bf1]
V  [jvm.dll+0x1a599d]
V  [jvm.dll+0x22994d]
V  [jvm.dll+0x227adc]
V  [jvm.dll+0x7edb77]
V  [jvm.dll+0x7e7f6c]
V  [jvm.dll+0x67ff37]
C  [ucrtbase.dll+0x37b0]
C  [KERNEL32.DLL+0x2e8d7]
C  [ntdll.dll+0xb14fc]


---------------  P R O C E S S  ---------------

Threads class SMR info:
_java_thread_list=0x000001f6547a7c00, length=24, elements={
0x000001f61485b5d0, 0x000001f633b037e0, 0x000001f633b041b0, 0x000001f633b1a240,
0x000001f633b1cb20, 0x000001f633b1d800, 0x000001f633b1e0d0, 0x000001f633b1ecd0,
0x000001f633b1f5e0, 0x000001f633b20d10, 0x000001f64f080090, 0x000001f64f1b3e40,
0x000001f64f32c4c0, 0x000001f64fcc1ca0, 0x000001f6546762e0, 0x000001f64f2c1050,
0x000001f655182a80, 0x000001f64f86cf90, 0x000001f64f5750a0, 0x000001f654b79840,
0x000001f654b76ab0, 0x000001f654b78910, 0x000001f654b78e20, 0x000001f654b77ef0
}

Java Threads: ( => current thread )
  0x000001f61485b5d0 JavaThread "main" [_thread_blocked, id=16928, stack(0x000000b029200000,0x000000b029300000)]
  0x000001f633b037e0 JavaThread "Reference Handler" daemon [_thread_blocked, id=8388, stack(0x000000b029900000,0x000000b029a00000)]
  0x000001f633b041b0 JavaThread "Finalizer" daemon [_thread_blocked, id=19440, stack(0x000000b029a00000,0x000000b029b00000)]
  0x000001f633b1a240 JavaThread "Signal Dispatcher" daemon [_thread_blocked, id=19968, stack(0x000000b029b00000,0x000000b029c00000)]
  0x000001f633b1cb20 JavaThread "Attach Listener" daemon [_thread_blocked, id=18456, stack(0x000000b029c00000,0x000000b029d00000)]
  0x000001f633b1d800 JavaThread "Service Thread" daemon [_thread_blocked, id=22836, stack(0x000000b029d00000,0x000000b029e00000)]
  0x000001f633b1e0d0 JavaThread "Monitor Deflation Thread" daemon [_thread_blocked, id=15440, stack(0x000000b029e00000,0x000000b029f00000)]
=>0x000001f633b1ecd0 JavaThread "C2 CompilerThread0" daemon [_thread_in_native, id=22840, stack(0x000000b029f00000,0x000000b02a000000)]
  0x000001f633b1f5e0 JavaThread "C1 CompilerThread0" daemon [_thread_blocked, id=6164, stack(0x000000b02a000000,0x000000b02a100000)]
  0x000001f633b20d10 JavaThread "Sweeper thread" daemon [_thread_blocked, id=9176, stack(0x000000b02a100000,0x000000b02a200000)]
  0x000001f64f080090 JavaThread "Common-Cleaner" daemon [_thread_blocked, id=19868, stack(0x000000b02a200000,0x000000b02a300000)]
  0x000001f64f1b3e40 JavaThread "C1 CompilerThread1" daemon [_thread_blocked, id=22736, stack(0x000000b02a300000,0x000000b02a400000)]
  0x000001f64f32c4c0 JavaThread "Notification Thread" daemon [_thread_blocked, id=20100, stack(0x000000b02a700000,0x000000b02a800000)]
  0x000001f64fcc1ca0 JavaThread "C1 CompilerThread2" daemon [_thread_blocked, id=22304, stack(0x000000b02a500000,0x000000b02a600000)]
  0x000001f6546762e0 JavaThread "Daemon health stats" [_thread_blocked, id=2196, stack(0x000000b02a600000,0x000000b02a700000)]
  0x000001f64f2c1050 JavaThread "Incoming local TCP Connector on port 52034" [_thread_in_native, id=5164, stack(0x000000b02a900000,0x000000b02aa00000)]
  0x000001f655182a80 JavaThread "Daemon periodic checks" [_thread_blocked, id=15264, stack(0x000000b02ae00000,0x000000b02af00000)]
  0x000001f64f86cf90 JavaThread "Daemon" [_thread_blocked, id=16840, stack(0x000000b02af00000,0x000000b02b000000)]
  0x000001f64f5750a0 JavaThread "Handler for socket connection from /127.0.0.1:52034 to /127.0.0.1:52035" [_thread_in_native, id=9884, stack(0x000000b02b000000,0x000000b02b100000)]
  0x000001f654b79840 JavaThread "Cancel handler" [_thread_blocked, id=2880, stack(0x000000b02b100000,0x000000b02b200000)]
  0x000001f654b76ab0 JavaThread "Daemon worker" [_thread_in_native, id=18896, stack(0x000000b02b200000,0x000000b02b300000)]
  0x000001f654b78910 JavaThread "Asynchronous log dispatcher for DefaultDaemonConnection: socket connection from /127.0.0.1:52034 to /127.0.0.1:52035" [_thread_blocked, id=5756, stack(0x000000b02b300000,0x000000b02b400000)]
  0x000001f654b78e20 JavaThread "Stdin handler" [_thread_blocked, id=20964, stack(0x000000b02b400000,0x000000b02b500000)]
  0x000001f654b77ef0 JavaThread "Daemon client event forwarder" [_thread_blocked, id=8280, stack(0x000000b02b500000,0x000000b02b600000)]

Other Threads:
  0x000001f633aff7f0 VMThread "VM Thread" [stack: 0x000000b029800000,0x000000b029900000] [id=20524]
  0x000001f64f26c280 WatcherThread [stack: 0x000000b02a800000,0x000000b02a900000] [id=13448]
  0x000001f6148bdac0 GCTaskThread "GC Thread#0" [stack: 0x000000b029300000,0x000000b029400000] [id=8372]
  0x000001f654cf9cc0 GCTaskThread "GC Thread#1" [stack: 0x000000b02aa00000,0x000000b02ab00000] [id=18000]
  0x000001f64f651d70 GCTaskThread "GC Thread#2" [stack: 0x000000b02ab00000,0x000000b02ac00000] [id=23368]
  0x000001f64f652030 GCTaskThread "GC Thread#3" [stack: 0x000000b02ac00000,0x000000b02ad00000] [id=9360]
  0x000001f65469eb60 GCTaskThread "GC Thread#4" [stack: 0x000000b02ad00000,0x000000b02ae00000] [id=23156]
  0x000001f6148cf5f0 ConcurrentGCThread "G1 Main Marker" [stack: 0x000000b029400000,0x000000b029500000] [id=12512]
  0x000001f6148d06c0 ConcurrentGCThread "G1 Conc#0" [stack: 0x000000b029500000,0x000000b029600000] [id=11276]
  0x000001f633a372b0 ConcurrentGCThread "G1 Refine#0" [stack: 0x000000b029600000,0x000000b029700000] [id=13020]
  0x000001f633a37990 ConcurrentGCThread "G1 Service" [stack: 0x000000b029700000,0x000000b029800000] [id=7240]

Threads with active compile tasks:
C2 CompilerThread0     8776 2244       4       jdk.internal.org.objectweb.asm.Frame::execute (2305 bytes)

VM state: not at safepoint (normal execution)

VM Mutex/Monitor currently owned by a thread: None

Heap address: 0x0000000080000000, size: 2048 MB, Compressed Oops mode: 32-bit

CDS archive(s) mapped at: [0x000001f634000000-0x000001f634bb0000-0x000001f634bb0000), size 12255232, SharedBaseAddress: 0x000001f634000000, ArchiveRelocationMode: 1.
Compressed class space mapped at: 0x000001f635000000-0x000001f64f000000, reserved size: 436207616
Narrow klass base: 0x000001f634000000, Narrow klass shift: 0, Narrow klass range: 0x100000000

GC Precious Log:
 CPUs: 22 total, 22 available
 Memory: 15805M
 Large Page Support: Disabled
 NUMA Support: Disabled
 Compressed Oops: Enabled (32-bit)
 Heap Region Size: 1M
 Heap Min Capacity: 8M
 Heap Initial Capacity: 248M
 Heap Max Capacity: 2G
 Pre-touch: Disabled
 Parallel Workers: 16
 Concurrent Workers: 4
 Concurrent Refinement Workers: 16
 Periodic GC: Disabled

Heap:
 garbage-first heap   total 253952K, used 62322K [0x0000000080000000, 0x0000000100000000)
  region size 1024K, 51 young (52224K), 4 survivors (4096K)
 Metaspace       used 12684K, committed 12864K, reserved 491520K
  class space    used 1762K, committed 1856K, reserved 425984K

Heap Regions: E=young(eden), S=young(survivor), O=old, HS=humongous(starts), HC=humongous(continues), CS=collection set, F=free, OA=open archive, CA=closed archive, TAMS=top-at-mark-start (previous, next)
|   0|0x0000000080000000, 0x0000000080100000, 0x0000000080100000|100%|HS|  |TAMS 0x0000000080000000, 0x0000000080000000| Complete 
|   1|0x0000000080100000, 0x0000000080200000, 0x0000000080200000|100%|HC|  |TAMS 0x0000000080100000, 0x0000000080100000| Complete 
|   2|0x0000000080200000, 0x0000000080300000, 0x0000000080300000|100%|HC|  |TAMS 0x0000000080200000, 0x0000000080200000| Complete 
|   3|0x0000000080300000, 0x0000000080400000, 0x0000000080400000|100%|HC|  |TAMS 0x0000000080300000, 0x0000000080300000| Complete 
|   4|0x0000000080400000, 0x0000000080500000, 0x0000000080500000|100%| O|  |TAMS 0x0000000080400000, 0x0000000080400000| Untracked 
|   5|0x0000000080500000, 0x0000000080600000, 0x0000000080600000|100%| O|  |TAMS 0x0000000080500000, 0x0000000080500000| Untracked 
|   6|0x0000000080600000, 0x0000000080700000, 0x0000000080700000|100%| O|  |TAMS 0x0000000080600000, 0x0000000080600000| Untracked 
|   7|0x0000000080700000, 0x0000000080800000, 0x0000000080800000|100%| O|  |TAMS 0x0000000080700000, 0x0000000080700000| Untracked 
|   8|0x0000000080800000, 0x0000000080900000, 0x0000000080900000|100%| O|  |TAMS 0x0000000080800000, 0x0000000080800000| Untracked 
|   9|0x0000000080900000, 0x0000000080a00000, 0x0000000080a00000|100%| O|  |TAMS 0x0000000080900000, 0x0000000080900000| Untracked 
|  10|0x0000000080a00000, 0x0000000080adca00, 0x0000000080b00000| 86%| O|  |TAMS 0x0000000080a00000, 0x0000000080a00000| Untracked 
|  11|0x0000000080b00000, 0x0000000080b00000, 0x0000000080c00000|  0%| F|  |TAMS 0x0000000080b00000, 0x0000000080b00000| Untracked 
|  12|0x0000000080c00000, 0x0000000080c00000, 0x0000000080d00000|  0%| F|  |TAMS 0x0000000080c00000, 0x0000000080c00000| Untracked 
|  13|0x0000000080d00000, 0x0000000080d00000, 0x0000000080e00000|  0%| F|  |TAMS 0x0000000080d00000, 0x0000000080d00000| Untracked 
|  14|0x0000000080e00000, 0x0000000080e00000, 0x0000000080f00000|  0%| F|  |TAMS 0x0000000080e00000, 0x0000000080e00000| Untracked 
|  15|0x0000000080f00000, 0x0000000080f00000, 0x0000000081000000|  0%| F|  |TAMS 0x0000000080f00000, 0x0000000080f00000| Untracked 
|  16|0x0000000081000000, 0x0000000081000000, 0x0000000081100000|  0%| F|  |TAMS 0x0000000081000000, 0x0000000081000000| Untracked 
|  17|0x0000000081100000, 0x0000000081100000, 0x0000000081200000|  0%| F|  |TAMS 0x0000000081100000, 0x0000000081100000| Untracked 
|  18|0x0000000081200000, 0x0000000081200000, 0x0000000081300000|  0%| F|  |TAMS 0x0000000081200000, 0x0000000081200000| Untracked 
|  19|0x0000000081300000, 0x0000000081300000, 0x0000000081400000|  0%| F|  |TAMS 0x0000000081300000, 0x0000000081300000| Untracked 
|  20|0x0000000081400000, 0x0000000081400000, 0x0000000081500000|  0%| F|  |TAMS 0x0000000081400000, 0x0000000081400000| Untracked 
|  21|0x0000000081500000, 0x0000000081500000, 0x0000000081600000|  0%| F|  |TAMS 0x0000000081500000, 0x0000000081500000| Untracked 
|  22|0x0000000081600000, 0x0000000081600000, 0x0000000081700000|  0%| F|  |TAMS 0x0000000081600000, 0x0000000081600000| Untracked 
|  23|0x0000000081700000, 0x0000000081700000, 0x0000000081800000|  0%| F|  |TAMS 0x0000000081700000, 0x0000000081700000| Untracked 
|  24|0x0000000081800000, 0x0000000081800000, 0x0000000081900000|  0%| F|  |TAMS 0x0000000081800000, 0x0000000081800000| Untracked 
|  25|0x0000000081900000, 0x0000000081900000, 0x0000000081a00000|  0%| F|  |TAMS 0x0000000081900000, 0x0000000081900000| Untracked 
|  26|0x0000000081a00000, 0x0000000081a00000, 0x0000000081b00000|  0%| F|  |TAMS 0x0000000081a00000, 0x0000000081a00000| Untracked 
|  27|0x0000000081b00000, 0x0000000081b00000, 0x0000000081c00000|  0%| F|  |TAMS 0x0000000081b00000, 0x0000000081b00000| Untracked 
|  28|0x0000000081c00000, 0x0000000081c00000, 0x0000000081d00000|  0%| F|  |TAMS 0x0000000081c00000, 0x0000000081c00000| Untracked 
|  29|0x0000000081d00000, 0x0000000081d00000, 0x0000000081e00000|  0%| F|  |TAMS 0x0000000081d00000, 0x0000000081d00000| Untracked 
|  30|0x0000000081e00000, 0x0000000081e00000, 0x0000000081f00000|  0%| F|  |TAMS 0x0000000081e00000, 0x0000000081e00000| Untracked 
|  31|0x0000000081f00000, 0x0000000081f00000, 0x0000000082000000|  0%| F|  |TAMS 0x0000000081f00000, 0x0000000081f00000| Untracked 
|  32|0x0000000082000000, 0x0000000082000000, 0x0000000082100000|  0%| F|  |TAMS 0x0000000082000000, 0x0000000082000000| Untracked 
|  33|0x0000000082100000, 0x0000000082100000, 0x0000000082200000|  0%| F|  |TAMS 0x0000000082100000, 0x0000000082100000| Untracked 
|  34|0x0000000082200000, 0x0000000082200000, 0x0000000082300000|  0%| F|  |TAMS 0x0000000082200000, 0x0000000082200000| Untracked 
|  35|0x0000000082300000, 0x0000000082300000, 0x0000000082400000|  0%| F|  |TAMS 0x0000000082300000, 0x0000000082300000| Untracked 
|  36|0x0000000082400000, 0x0000000082400000, 0x0000000082500000|  0%| F|  |TAMS 0x0000000082400000, 0x0000000082400000| Untracked 
|  37|0x0000000082500000, 0x0000000082500000, 0x0000000082600000|  0%| F|  |TAMS 0x0000000082500000, 0x0000000082500000| Untracked 
|  38|0x0000000082600000, 0x0000000082600000, 0x0000000082700000|  0%| F|  |TAMS 0x0000000082600000, 0x0000000082600000| Untracked 
|  39|0x0000000082700000, 0x0000000082700000, 0x0000000082800000|  0%| F|  |TAMS 0x0000000082700000, 0x0000000082700000| Untracked 
|  40|0x0000000082800000, 0x0000000082800000, 0x0000000082900000|  0%| F|  |TAMS 0x0000000082800000, 0x0000000082800000| Untracked 
|  41|0x0000000082900000, 0x0000000082900000, 0x0000000082a00000|  0%| F|  |TAMS 0x0000000082900000, 0x0000000082900000| Untracked 
|  42|0x0000000082a00000, 0x0000000082a00000, 0x0000000082b00000|  0%| F|  |TAMS 0x0000000082a00000, 0x0000000082a00000| Untracked 
|  43|0x0000000082b00000, 0x0000000082b00000, 0x0000000082c00000|  0%| F|  |TAMS 0x0000000082b00000, 0x0000000082b00000| Untracked 
|  44|0x0000000082c00000, 0x0000000082c00000, 0x0000000082d00000|  0%| F|  |TAMS 0x0000000082c00000, 0x0000000082c00000| Untracked 
|  45|0x0000000082d00000, 0x0000000082d00000, 0x0000000082e00000|  0%| F|  |TAMS 0x0000000082d00000, 0x0000000082d00000| Untracked 
|  46|0x0000000082e00000, 0x0000000082e00000, 0x0000000082f00000|  0%| F|  |TAMS 0x0000000082e00000, 0x0000000082e00000| Untracked 
|  47|0x0000000082f00000, 0x0000000082f00000, 0x0000000083000000|  0%| F|  |TAMS 0x0000000082f00000, 0x0000000082f00000| Untracked 
|  48|0x0000000083000000, 0x0000000083000000, 0x0000000083100000|  0%| F|  |TAMS 0x0000000083000000, 0x0000000083000000| Untracked 
|  49|0x0000000083100000, 0x0000000083100000, 0x0000000083200000|  0%| F|  |TAMS 0x0000000083100000, 0x0000000083100000| Untracked 
|  50|0x0000000083200000, 0x0000000083200000, 0x0000000083300000|  0%| F|  |TAMS 0x0000000083200000, 0x0000000083200000| Untracked 
|  51|0x0000000083300000, 0x0000000083300000, 0x0000000083400000|  0%| F|  |TAMS 0x0000000083300000, 0x0000000083300000| Untracked 
|  52|0x0000000083400000, 0x0000000083400000, 0x0000000083500000|  0%| F|  |TAMS 0x0000000083400000, 0x0000000083400000| Untracked 
|  53|0x0000000083500000, 0x0000000083500000, 0x0000000083600000|  0%| F|  |TAMS 0x0000000083500000, 0x0000000083500000| Untracked 
|  54|0x0000000083600000, 0x0000000083600000, 0x0000000083700000|  0%| F|  |TAMS 0x0000000083600000, 0x0000000083600000| Untracked 
|  55|0x0000000083700000, 0x0000000083700000, 0x0000000083800000|  0%| F|  |TAMS 0x0000000083700000, 0x0000000083700000| Untracked 
|  56|0x0000000083800000, 0x0000000083800000, 0x0000000083900000|  0%| F|  |TAMS 0x0000000083800000, 0x0000000083800000| Untracked 
|  57|0x0000000083900000, 0x0000000083900000, 0x0000000083a00000|  0%| F|  |TAMS 0x0000000083900000, 0x0000000083900000| Untracked 
|  58|0x0000000083a00000, 0x0000000083a00000, 0x0000000083b00000|  0%| F|  |TAMS 0x0000000083a00000, 0x0000000083a00000| Untracked 
|  59|0x0000000083b00000, 0x0000000083b00000, 0x0000000083c00000|  0%| F|  |TAMS 0x0000000083b00000, 0x0000000083b00000| Untracked 
|  60|0x0000000083c00000, 0x0000000083c00000, 0x0000000083d00000|  0%| F|  |TAMS 0x0000000083c00000, 0x0000000083c00000| Untracked 
|  61|0x0000000083d00000, 0x0000000083d00000, 0x0000000083e00000|  0%| F|  |TAMS 0x0000000083d00000, 0x0000000083d00000| Untracked 
|  62|0x0000000083e00000, 0x0000000083e00000, 0x0000000083f00000|  0%| F|  |TAMS 0x0000000083e00000, 0x0000000083e00000| Untracked 
|  63|0x0000000083f00000, 0x0000000083f00000, 0x0000000084000000|  0%| F|  |TAMS 0x0000000083f00000, 0x0000000083f00000| Untracked 
|  64|0x0000000084000000, 0x0000000084000000, 0x0000000084100000|  0%| F|  |TAMS 0x0000000084000000, 0x0000000084000000| Untracked 
|  65|0x0000000084100000, 0x0000000084100000, 0x0000000084200000|  0%| F|  |TAMS 0x0000000084100000, 0x0000000084100000| Untracked 
|  66|0x0000000084200000, 0x0000000084200000, 0x0000000084300000|  0%| F|  |TAMS 0x0000000084200000, 0x0000000084200000| Untracked 
|  67|0x0000000084300000, 0x0000000084300000, 0x0000000084400000|  0%| F|  |TAMS 0x0000000084300000, 0x0000000084300000| Untracked 
|  68|0x0000000084400000, 0x0000000084400000, 0x0000000084500000|  0%| F|  |TAMS 0x0000000084400000, 0x0000000084400000| Untracked 
|  69|0x0000000084500000, 0x0000000084500000, 0x0000000084600000|  0%| F|  |TAMS 0x0000000084500000, 0x0000000084500000| Untracked 
|  70|0x0000000084600000, 0x0000000084600000, 0x0000000084700000|  0%| F|  |TAMS 0x0000000084600000, 0x0000000084600000| Untracked 
|  71|0x0000000084700000, 0x0000000084700000, 0x0000000084800000|  0%| F|  |TAMS 0x0000000084700000, 0x0000000084700000| Untracked 
|  72|0x0000000084800000, 0x0000000084800000, 0x0000000084900000|  0%| F|  |TAMS 0x0000000084800000, 0x0000000084800000| Untracked 
|  73|0x0000000084900000, 0x0000000084900000, 0x0000000084a00000|  0%| F|  |TAMS 0x0000000084900000, 0x0000000084900000| Untracked 
|  74|0x0000000084a00000, 0x0000000084a00000, 0x0000000084b00000|  0%| F|  |TAMS 0x0000000084a00000, 0x0000000084a00000| Untracked 
|  75|0x0000000084b00000, 0x0000000084b00000, 0x0000000084c00000|  0%| F|  |TAMS 0x0000000084b00000, 0x0000000084b00000| Untracked 
|  76|0x0000000084c00000, 0x0000000084c00000, 0x0000000084d00000|  0%| F|  |TAMS 0x0000000084c00000, 0x0000000084c00000| Untracked 
|  77|0x0000000084d00000, 0x0000000084d00000, 0x0000000084e00000|  0%| F|  |TAMS 0x0000000084d00000, 0x0000000084d00000| Untracked 
|  78|0x0000000084e00000, 0x0000000084e00000, 0x0000000084f00000|  0%| F|  |TAMS 0x0000000084e00000, 0x0000000084e00000| Untracked 
|  79|0x0000000084f00000, 0x0000000084f00000, 0x0000000085000000|  0%| F|  |TAMS 0x0000000084f00000, 0x0000000084f00000| Untracked 
|  80|0x0000000085000000, 0x0000000085000000, 0x0000000085100000|  0%| F|  |TAMS 0x0000000085000000, 0x0000000085000000| Untracked 
|  81|0x0000000085100000, 0x0000000085100000, 0x0000000085200000|  0%| F|  |TAMS 0x0000000085100000, 0x0000000085100000| Untracked 
|  82|0x0000000085200000, 0x0000000085200000, 0x0000000085300000|  0%| F|  |TAMS 0x0000000085200000, 0x0000000085200000| Untracked 
|  83|0x0000000085300000, 0x0000000085300000, 0x0000000085400000|  0%| F|  |TAMS 0x0000000085300000, 0x0000000085300000| Untracked 
|  84|0x0000000085400000, 0x0000000085400000, 0x0000000085500000|  0%| F|  |TAMS 0x0000000085400000, 0x0000000085400000| Untracked 
|  85|0x0000000085500000, 0x0000000085500000, 0x0000000085600000|  0%| F|  |TAMS 0x0000000085500000, 0x0000000085500000| Untracked 
|  86|0x0000000085600000, 0x0000000085600000, 0x0000000085700000|  0%| F|  |TAMS 0x0000000085600000, 0x0000000085600000| Untracked 
|  87|0x0000000085700000, 0x0000000085700000, 0x0000000085800000|  0%| F|  |TAMS 0x0000000085700000, 0x0000000085700000| Untracked 
|  88|0x0000000085800000, 0x0000000085800000, 0x0000000085900000|  0%| F|  |TAMS 0x0000000085800000, 0x0000000085800000| Untracked 
|  89|0x0000000085900000, 0x0000000085900000, 0x0000000085a00000|  0%| F|  |TAMS 0x0000000085900000, 0x0000000085900000| Untracked 
|  90|0x0000000085a00000, 0x0000000085a00000, 0x0000000085b00000|  0%| F|  |TAMS 0x0000000085a00000, 0x0000000085a00000| Untracked 
|  91|0x0000000085b00000, 0x0000000085b00000, 0x0000000085c00000|  0%| F|  |TAMS 0x0000000085b00000, 0x0000000085b00000| Untracked 
|  92|0x0000000085c00000, 0x0000000085c00000, 0x0000000085d00000|  0%| F|  |TAMS 0x0000000085c00000, 0x0000000085c00000| Untracked 
|  93|0x0000000085d00000, 0x0000000085d00000, 0x0000000085e00000|  0%| F|  |TAMS 0x0000000085d00000, 0x0000000085d00000| Untracked 
|  94|0x0000000085e00000, 0x0000000085e00000, 0x0000000085f00000|  0%| F|  |TAMS 0x0000000085e00000, 0x0000000085e00000| Untracked 
|  95|0x0000000085f00000, 0x0000000085f00000, 0x0000000086000000|  0%| F|  |TAMS 0x0000000085f00000, 0x0000000085f00000| Untracked 
|  96|0x0000000086000000, 0x0000000086000000, 0x0000000086100000|  0%| F|  |TAMS 0x0000000086000000, 0x0000000086000000| Untracked 
|  97|0x0000000086100000, 0x0000000086100000, 0x0000000086200000|  0%| F|  |TAMS 0x0000000086100000, 0x0000000086100000| Untracked 
|  98|0x0000000086200000, 0x0000000086200000, 0x0000000086300000|  0%| F|  |TAMS 0x0000000086200000, 0x0000000086200000| Untracked 
|  99|0x0000000086300000, 0x0000000086300000, 0x0000000086400000|  0%| F|  |TAMS 0x0000000086300000, 0x0000000086300000| Untracked 
| 100|0x0000000086400000, 0x0000000086400000, 0x0000000086500000|  0%| F|  |TAMS 0x0000000086400000, 0x0000000086400000| Untracked 
| 101|0x0000000086500000, 0x0000000086500000, 0x0000000086600000|  0%| F|  |TAMS 0x0000000086500000, 0x0000000086500000| Untracked 
| 102|0x0000000086600000, 0x0000000086600000, 0x0000000086700000|  0%| F|  |TAMS 0x0000000086600000, 0x0000000086600000| Untracked 
| 103|0x0000000086700000, 0x0000000086700000, 0x0000000086800000|  0%| F|  |TAMS 0x0000000086700000, 0x0000000086700000| Untracked 
| 104|0x0000000086800000, 0x0000000086800000, 0x0000000086900000|  0%| F|  |TAMS 0x0000000086800000, 0x0000000086800000| Untracked 
| 105|0x0000000086900000, 0x0000000086900000, 0x0000000086a00000|  0%| F|  |TAMS 0x0000000086900000, 0x0000000086900000| Untracked 
| 106|0x0000000086a00000, 0x0000000086a00000, 0x0000000086b00000|  0%| F|  |TAMS 0x0000000086a00000, 0x0000000086a00000| Untracked 
| 107|0x0000000086b00000, 0x0000000086b00000, 0x0000000086c00000|  0%| F|  |TAMS 0x0000000086b00000, 0x0000000086b00000| Untracked 
| 108|0x0000000086c00000, 0x0000000086c00000, 0x0000000086d00000|  0%| F|  |TAMS 0x0000000086c00000, 0x0000000086c00000| Untracked 
| 109|0x0000000086d00000, 0x0000000086d00000, 0x0000000086e00000|  0%| F|  |TAMS 0x0000000086d00000, 0x0000000086d00000| Untracked 
| 110|0x0000000086e00000, 0x0000000086e00000, 0x0000000086f00000|  0%| F|  |TAMS 0x0000000086e00000, 0x0000000086e00000| Untracked 
| 111|0x0000000086f00000, 0x0000000086f00000, 0x0000000087000000|  0%| F|  |TAMS 0x0000000086f00000, 0x0000000086f00000| Untracked 
| 112|0x0000000087000000, 0x0000000087000000, 0x0000000087100000|  0%| F|  |TAMS 0x0000000087000000, 0x0000000087000000| Untracked 
| 113|0x0000000087100000, 0x0000000087100000, 0x0000000087200000|  0%| F|  |TAMS 0x0000000087100000, 0x0000000087100000| Untracked 
| 114|0x0000000087200000, 0x0000000087200000, 0x0000000087300000|  0%| F|  |TAMS 0x0000000087200000, 0x0000000087200000| Untracked 
| 115|0x0000000087300000, 0x0000000087300000, 0x0000000087400000|  0%| F|  |TAMS 0x0000000087300000, 0x0000000087300000| Untracked 
| 116|0x0000000087400000, 0x0000000087400000, 0x0000000087500000|  0%| F|  |TAMS 0x0000000087400000, 0x0000000087400000| Untracked 
| 117|0x0000000087500000, 0x0000000087500000, 0x0000000087600000|  0%| F|  |TAMS 0x0000000087500000, 0x0000000087500000| Untracked 
| 118|0x0000000087600000, 0x0000000087600000, 0x0000000087700000|  0%| F|  |TAMS 0x0000000087600000, 0x0000000087600000| Untracked 
| 119|0x0000000087700000, 0x0000000087700000, 0x0000000087800000|  0%| F|  |TAMS 0x0000000087700000, 0x0000000087700000| Untracked 
| 120|0x0000000087800000, 0x0000000087800000, 0x0000000087900000|  0%| F|  |TAMS 0x0000000087800000, 0x0000000087800000| Untracked 
| 121|0x0000000087900000, 0x0000000087900000, 0x0000000087a00000|  0%| F|  |TAMS 0x0000000087900000, 0x0000000087900000| Untracked 
| 122|0x0000000087a00000, 0x0000000087a00000, 0x0000000087b00000|  0%| F|  |TAMS 0x0000000087a00000, 0x0000000087a00000| Untracked 
| 123|0x0000000087b00000, 0x0000000087b00000, 0x0000000087c00000|  0%| F|  |TAMS 0x0000000087b00000, 0x0000000087b00000| Untracked 
| 124|0x0000000087c00000, 0x0000000087c00000, 0x0000000087d00000|  0%| F|  |TAMS 0x0000000087c00000, 0x0000000087c00000| Untracked 
| 125|0x0000000087d00000, 0x0000000087d00000, 0x0000000087e00000|  0%| F|  |TAMS 0x0000000087d00000, 0x0000000087d00000| Untracked 
| 126|0x0000000087e00000, 0x0000000087e00000, 0x0000000087f00000|  0%| F|  |TAMS 0x0000000087e00000, 0x0000000087e00000| Untracked 
| 127|0x0000000087f00000, 0x0000000087f00000, 0x0000000088000000|  0%| F|  |TAMS 0x0000000087f00000, 0x0000000087f00000| Untracked 
| 128|0x0000000088000000, 0x0000000088000000, 0x0000000088100000|  0%| F|  |TAMS 0x0000000088000000, 0x0000000088000000| Untracked 
| 129|0x0000000088100000, 0x0000000088100000, 0x0000000088200000|  0%| F|  |TAMS 0x0000000088100000, 0x0000000088100000| Untracked 
| 130|0x0000000088200000, 0x0000000088200000, 0x0000000088300000|  0%| F|  |TAMS 0x0000000088200000, 0x0000000088200000| Untracked 
| 131|0x0000000088300000, 0x0000000088300000, 0x0000000088400000|  0%| F|  |TAMS 0x0000000088300000, 0x0000000088300000| Untracked 
| 132|0x0000000088400000, 0x0000000088400000, 0x0000000088500000|  0%| F|  |TAMS 0x0000000088400000, 0x0000000088400000| Untracked 
| 133|0x0000000088500000, 0x0000000088500000, 0x0000000088600000|  0%| F|  |TAMS 0x0000000088500000, 0x0000000088500000| Untracked 
| 134|0x0000000088600000, 0x0000000088600000, 0x0000000088700000|  0%| F|  |TAMS 0x0000000088600000, 0x0000000088600000| Untracked 
| 135|0x0000000088700000, 0x0000000088700000, 0x0000000088800000|  0%| F|  |TAMS 0x0000000088700000, 0x0000000088700000| Untracked 
| 136|0x0000000088800000, 0x0000000088800000, 0x0000000088900000|  0%| F|  |TAMS 0x0000000088800000, 0x0000000088800000| Untracked 
| 137|0x0000000088900000, 0x0000000088900000, 0x0000000088a00000|  0%| F|  |TAMS 0x0000000088900000, 0x0000000088900000| Untracked 
| 138|0x0000000088a00000, 0x0000000088a00000, 0x0000000088b00000|  0%| F|  |TAMS 0x0000000088a00000, 0x0000000088a00000| Untracked 
| 139|0x0000000088b00000, 0x0000000088b00000, 0x0000000088c00000|  0%| F|  |TAMS 0x0000000088b00000, 0x0000000088b00000| Untracked 
| 140|0x0000000088c00000, 0x0000000088c00000, 0x0000000088d00000|  0%| F|  |TAMS 0x0000000088c00000, 0x0000000088c00000| Untracked 
| 141|0x0000000088d00000, 0x0000000088d00000, 0x0000000088e00000|  0%| F|  |TAMS 0x0000000088d00000, 0x0000000088d00000| Untracked 
| 142|0x0000000088e00000, 0x0000000088e00000, 0x0000000088f00000|  0%| F|  |TAMS 0x0000000088e00000, 0x0000000088e00000| Untracked 
| 143|0x0000000088f00000, 0x0000000088f00000, 0x0000000089000000|  0%| F|  |TAMS 0x0000000088f00000, 0x0000000088f00000| Untracked 
| 144|0x0000000089000000, 0x0000000089000000, 0x0000000089100000|  0%| F|  |TAMS 0x0000000089000000, 0x0000000089000000| Untracked 
| 145|0x0000000089100000, 0x0000000089100000, 0x0000000089200000|  0%| F|  |TAMS 0x0000000089100000, 0x0000000089100000| Untracked 
| 146|0x0000000089200000, 0x0000000089200000, 0x0000000089300000|  0%| F|  |TAMS 0x0000000089200000, 0x0000000089200000| Untracked 
| 147|0x0000000089300000, 0x0000000089300000, 0x0000000089400000|  0%| F|  |TAMS 0x0000000089300000, 0x0000000089300000| Untracked 
| 148|0x0000000089400000, 0x0000000089400000, 0x0000000089500000|  0%| F|  |TAMS 0x0000000089400000, 0x0000000089400000| Untracked 
| 149|0x0000000089500000, 0x0000000089500000, 0x0000000089600000|  0%| F|  |TAMS 0x0000000089500000, 0x0000000089500000| Untracked 
| 150|0x0000000089600000, 0x0000000089600000, 0x0000000089700000|  0%| F|  |TAMS 0x0000000089600000, 0x0000000089600000| Untracked 
| 151|0x0000000089700000, 0x0000000089700000, 0x0000000089800000|  0%| F|  |TAMS 0x0000000089700000, 0x0000000089700000| Untracked 
| 152|0x0000000089800000, 0x0000000089800000, 0x0000000089900000|  0%| F|  |TAMS 0x0000000089800000, 0x0000000089800000| Untracked 
| 153|0x0000000089900000, 0x0000000089900000, 0x0000000089a00000|  0%| F|  |TAMS 0x0000000089900000, 0x0000000089900000| Untracked 
| 154|0x0000000089a00000, 0x0000000089a00000, 0x0000000089b00000|  0%| F|  |TAMS 0x0000000089a00000, 0x0000000089a00000| Untracked 
| 155|0x0000000089b00000, 0x0000000089b00000, 0x0000000089c00000|  0%| F|  |TAMS 0x0000000089b00000, 0x0000000089b00000| Untracked 
| 156|0x0000000089c00000, 0x0000000089c00000, 0x0000000089d00000|  0%| F|  |TAMS 0x0000000089c00000, 0x0000000089c00000| Untracked 
| 157|0x0000000089d00000, 0x0000000089d00000, 0x0000000089e00000|  0%| F|  |TAMS 0x0000000089d00000, 0x0000000089d00000| Untracked 
| 158|0x0000000089e00000, 0x0000000089e00000, 0x0000000089f00000|  0%| F|  |TAMS 0x0000000089e00000, 0x0000000089e00000| Untracked 
| 159|0x0000000089f00000, 0x0000000089f00000, 0x000000008a000000|  0%| F|  |TAMS 0x0000000089f00000, 0x0000000089f00000| Untracked 
| 160|0x000000008a000000, 0x000000008a000000, 0x000000008a100000|  0%| F|  |TAMS 0x000000008a000000, 0x000000008a000000| Untracked 
| 161|0x000000008a100000, 0x000000008a100000, 0x000000008a200000|  0%| F|  |TAMS 0x000000008a100000, 0x000000008a100000| Untracked 
| 162|0x000000008a200000, 0x000000008a200000, 0x000000008a300000|  0%| F|  |TAMS 0x000000008a200000, 0x000000008a200000| Untracked 
| 163|0x000000008a300000, 0x000000008a300000, 0x000000008a400000|  0%| F|  |TAMS 0x000000008a300000, 0x000000008a300000| Untracked 
| 164|0x000000008a400000, 0x000000008a400000, 0x000000008a500000|  0%| F|  |TAMS 0x000000008a400000, 0x000000008a400000| Untracked 
| 165|0x000000008a500000, 0x000000008a500000, 0x000000008a600000|  0%| F|  |TAMS 0x000000008a500000, 0x000000008a500000| Untracked 
| 166|0x000000008a600000, 0x000000008a600000, 0x000000008a700000|  0%| F|  |TAMS 0x000000008a600000, 0x000000008a600000| Untracked 
| 167|0x000000008a700000, 0x000000008a700000, 0x000000008a800000|  0%| F|  |TAMS 0x000000008a700000, 0x000000008a700000| Untracked 
| 168|0x000000008a800000, 0x000000008a800000, 0x000000008a900000|  0%| F|  |TAMS 0x000000008a800000, 0x000000008a800000| Untracked 
| 169|0x000000008a900000, 0x000000008a900000, 0x000000008aa00000|  0%| F|  |TAMS 0x000000008a900000, 0x000000008a900000| Untracked 
| 170|0x000000008aa00000, 0x000000008aa00000, 0x000000008ab00000|  0%| F|  |TAMS 0x000000008aa00000, 0x000000008aa00000| Untracked 
| 171|0x000000008ab00000, 0x000000008ab00000, 0x000000008ac00000|  0%| F|  |TAMS 0x000000008ab00000, 0x000000008ab00000| Untracked 
| 172|0x000000008ac00000, 0x000000008ac00000, 0x000000008ad00000|  0%| F|  |TAMS 0x000000008ac00000, 0x000000008ac00000| Untracked 
| 173|0x000000008ad00000, 0x000000008ad00000, 0x000000008ae00000|  0%| F|  |TAMS 0x000000008ad00000, 0x000000008ad00000| Untracked 
| 174|0x000000008ae00000, 0x000000008ae00000, 0x000000008af00000|  0%| F|  |TAMS 0x000000008ae00000, 0x000000008ae00000| Untracked 
| 175|0x000000008af00000, 0x000000008af00000, 0x000000008b000000|  0%| F|  |TAMS 0x000000008af00000, 0x000000008af00000| Untracked 
| 176|0x000000008b000000, 0x000000008b000000, 0x000000008b100000|  0%| F|  |TAMS 0x000000008b000000, 0x000000008b000000| Untracked 
| 177|0x000000008b100000, 0x000000008b100000, 0x000000008b200000|  0%| F|  |TAMS 0x000000008b100000, 0x000000008b100000| Untracked 
| 178|0x000000008b200000, 0x000000008b200000, 0x000000008b300000|  0%| F|  |TAMS 0x000000008b200000, 0x000000008b200000| Untracked 
| 179|0x000000008b300000, 0x000000008b300000, 0x000000008b400000|  0%| F|  |TAMS 0x000000008b300000, 0x000000008b300000| Untracked 
| 180|0x000000008b400000, 0x000000008b400000, 0x000000008b500000|  0%| F|  |TAMS 0x000000008b400000, 0x000000008b400000| Untracked 
| 181|0x000000008b500000, 0x000000008b500000, 0x000000008b600000|  0%| F|  |TAMS 0x000000008b500000, 0x000000008b500000| Untracked 
| 182|0x000000008b600000, 0x000000008b600000, 0x000000008b700000|  0%| F|  |TAMS 0x000000008b600000, 0x000000008b600000| Untracked 
| 183|0x000000008b700000, 0x000000008b700000, 0x000000008b800000|  0%| F|  |TAMS 0x000000008b700000, 0x000000008b700000| Untracked 
| 184|0x000000008b800000, 0x000000008b800000, 0x000000008b900000|  0%| F|  |TAMS 0x000000008b800000, 0x000000008b800000| Untracked 
| 185|0x000000008b900000, 0x000000008b900000, 0x000000008ba00000|  0%| F|  |TAMS 0x000000008b900000, 0x000000008b900000| Untracked 
| 186|0x000000008ba00000, 0x000000008ba00000, 0x000000008bb00000|  0%| F|  |TAMS 0x000000008ba00000, 0x000000008ba00000| Untracked 
| 187|0x000000008bb00000, 0x000000008bb00000, 0x000000008bc00000|  0%| F|  |TAMS 0x000000008bb00000, 0x000000008bb00000| Untracked 
| 188|0x000000008bc00000, 0x000000008bc00000, 0x000000008bd00000|  0%| F|  |TAMS 0x000000008bc00000, 0x000000008bc00000| Untracked 
| 189|0x000000008bd00000, 0x000000008bd00000, 0x000000008be00000|  0%| F|  |TAMS 0x000000008bd00000, 0x000000008bd00000| Untracked 
| 190|0x000000008be00000, 0x000000008be00000, 0x000000008bf00000|  0%| F|  |TAMS 0x000000008be00000, 0x000000008be00000| Untracked 
| 191|0x000000008bf00000, 0x000000008bf00000, 0x000000008c000000|  0%| F|  |TAMS 0x000000008bf00000, 0x000000008bf00000| Untracked 
| 192|0x000000008c000000, 0x000000008c000000, 0x000000008c100000|  0%| F|  |TAMS 0x000000008c000000, 0x000000008c000000| Untracked 
| 193|0x000000008c100000, 0x000000008c100000, 0x000000008c200000|  0%| F|  |TAMS 0x000000008c100000, 0x000000008c100000| Untracked 
| 194|0x000000008c200000, 0x000000008c200000, 0x000000008c300000|  0%| F|  |TAMS 0x000000008c200000, 0x000000008c200000| Untracked 
| 195|0x000000008c300000, 0x000000008c300000, 0x000000008c400000|  0%| F|  |TAMS 0x000000008c300000, 0x000000008c300000| Untracked 
| 196|0x000000008c400000, 0x000000008c400000, 0x000000008c500000|  0%| F|  |TAMS 0x000000008c400000, 0x000000008c400000| Untracked 
| 197|0x000000008c500000, 0x000000008c600000, 0x000000008c600000|100%| E|  |TAMS 0x000000008c500000, 0x000000008c500000| Complete 
| 198|0x000000008c600000, 0x000000008c700000, 0x000000008c700000|100%| E|CS|TAMS 0x000000008c600000, 0x000000008c600000| Complete 
| 199|0x000000008c700000, 0x000000008c800000, 0x000000008c800000|100%| E|CS|TAMS 0x000000008c700000, 0x000000008c700000| Complete 
| 200|0x000000008c800000, 0x000000008c900000, 0x000000008c900000|100%| E|CS|TAMS 0x000000008c800000, 0x000000008c800000| Complete 
| 201|0x000000008c900000, 0x000000008ca00000, 0x000000008ca00000|100%| E|CS|TAMS 0x000000008c900000, 0x000000008c900000| Complete 
| 202|0x000000008ca00000, 0x000000008cb00000, 0x000000008cb00000|100%| E|CS|TAMS 0x000000008ca00000, 0x000000008ca00000| Complete 
| 203|0x000000008cb00000, 0x000000008cc00000, 0x000000008cc00000|100%| E|CS|TAMS 0x000000008cb00000, 0x000000008cb00000| Complete 
| 204|0x000000008cc00000, 0x000000008cd00000, 0x000000008cd00000|100%| E|CS|TAMS 0x000000008cc00000, 0x000000008cc00000| Complete 
| 205|0x000000008cd00000, 0x000000008ce00000, 0x000000008ce00000|100%| E|CS|TAMS 0x000000008cd00000, 0x000000008cd00000| Complete 
| 206|0x000000008ce00000, 0x000000008cf00000, 0x000000008cf00000|100%| E|CS|TAMS 0x000000008ce00000, 0x000000008ce00000| Complete 
| 207|0x000000008cf00000, 0x000000008d000000, 0x000000008d000000|100%| E|CS|TAMS 0x000000008cf00000, 0x000000008cf00000| Complete 
| 208|0x000000008d000000, 0x000000008d100000, 0x000000008d100000|100%| E|CS|TAMS 0x000000008d000000, 0x000000008d000000| Complete 
| 209|0x000000008d100000, 0x000000008d200000, 0x000000008d200000|100%| E|CS|TAMS 0x000000008d100000, 0x000000008d100000| Complete 
| 210|0x000000008d200000, 0x000000008d300000, 0x000000008d300000|100%| E|CS|TAMS 0x000000008d200000, 0x000000008d200000| Complete 
| 211|0x000000008d300000, 0x000000008d400000, 0x000000008d400000|100%| E|CS|TAMS 0x000000008d300000, 0x000000008d300000| Complete 
| 212|0x000000008d400000, 0x000000008d500000, 0x000000008d500000|100%| E|CS|TAMS 0x000000008d400000, 0x000000008d400000| Complete 
| 213|0x000000008d500000, 0x000000008d600000, 0x000000008d600000|100%| E|CS|TAMS 0x000000008d500000, 0x000000008d500000| Complete 
| 214|0x000000008d600000, 0x000000008d700000, 0x000000008d700000|100%| E|CS|TAMS 0x000000008d600000, 0x000000008d600000| Complete 
| 215|0x000000008d700000, 0x000000008d800000, 0x000000008d800000|100%| E|CS|TAMS 0x000000008d700000, 0x000000008d700000| Complete 
| 216|0x000000008d800000, 0x000000008d900000, 0x000000008d900000|100%| E|CS|TAMS 0x000000008d800000, 0x000000008d800000| Complete 
| 217|0x000000008d900000, 0x000000008da00000, 0x000000008da00000|100%| E|CS|TAMS 0x000000008d900000, 0x000000008d900000| Complete 
| 218|0x000000008da00000, 0x000000008db00000, 0x000000008db00000|100%| S|CS|TAMS 0x000000008da00000, 0x000000008da00000| Complete 
| 219|0x000000008db00000, 0x000000008dc00000, 0x000000008dc00000|100%| S|CS|TAMS 0x000000008db00000, 0x000000008db00000| Complete 
| 220|0x000000008dc00000, 0x000000008dd00000, 0x000000008dd00000|100%| S|CS|TAMS 0x000000008dc00000, 0x000000008dc00000| Complete 
| 221|0x000000008dd00000, 0x000000008de00000, 0x000000008de00000|100%| S|CS|TAMS 0x000000008dd00000, 0x000000008dd00000| Complete 
| 222|0x000000008de00000, 0x000000008df00000, 0x000000008df00000|100%| E|CS|TAMS 0x000000008de00000, 0x000000008de00000| Complete 
| 223|0x000000008df00000, 0x000000008e000000, 0x000000008e000000|100%| E|CS|TAMS 0x000000008df00000, 0x000000008df00000| Complete 
| 224|0x000000008e000000, 0x000000008e100000, 0x000000008e100000|100%| E|CS|TAMS 0x000000008e000000, 0x000000008e000000| Complete 
| 225|0x000000008e100000, 0x000000008e200000, 0x000000008e200000|100%| E|CS|TAMS 0x000000008e100000, 0x000000008e100000| Complete 
| 226|0x000000008e200000, 0x000000008e300000, 0x000000008e300000|100%| E|CS|TAMS 0x000000008e200000, 0x000000008e200000| Complete 
| 227|0x000000008e300000, 0x000000008e400000, 0x000000008e400000|100%| E|CS|TAMS 0x000000008e300000, 0x000000008e300000| Complete 
| 228|0x000000008e400000, 0x000000008e500000, 0x000000008e500000|100%| E|CS|TAMS 0x000000008e400000, 0x000000008e400000| Complete 
| 229|0x000000008e500000, 0x000000008e600000, 0x000000008e600000|100%| E|CS|TAMS 0x000000008e500000, 0x000000008e500000| Complete 
| 230|0x000000008e600000, 0x000000008e700000, 0x000000008e700000|100%| E|CS|TAMS 0x000000008e600000, 0x000000008e600000| Complete 
| 231|0x000000008e700000, 0x000000008e800000, 0x000000008e800000|100%| E|CS|TAMS 0x000000008e700000, 0x000000008e700000| Complete 
| 232|0x000000008e800000, 0x000000008e900000, 0x000000008e900000|100%| E|CS|TAMS 0x000000008e800000, 0x000000008e800000| Complete 
| 233|0x000000008e900000, 0x000000008ea00000, 0x000000008ea00000|100%| E|CS|TAMS 0x000000008e900000, 0x000000008e900000| Complete 
| 234|0x000000008ea00000, 0x000000008eb00000, 0x000000008eb00000|100%| E|CS|TAMS 0x000000008ea00000, 0x000000008ea00000| Complete 
| 235|0x000000008eb00000, 0x000000008ec00000, 0x000000008ec00000|100%| E|CS|TAMS 0x000000008eb00000, 0x000000008eb00000| Complete 
| 236|0x000000008ec00000, 0x000000008ed00000, 0x000000008ed00000|100%| E|CS|TAMS 0x000000008ec00000, 0x000000008ec00000| Complete 
| 237|0x000000008ed00000, 0x000000008ee00000, 0x000000008ee00000|100%| E|CS|TAMS 0x000000008ed00000, 0x000000008ed00000| Complete 
| 238|0x000000008ee00000, 0x000000008ef00000, 0x000000008ef00000|100%| E|CS|TAMS 0x000000008ee00000, 0x000000008ee00000| Complete 
| 239|0x000000008ef00000, 0x000000008f000000, 0x000000008f000000|100%| E|CS|TAMS 0x000000008ef00000, 0x000000008ef00000| Complete 
| 240|0x000000008f000000, 0x000000008f100000, 0x000000008f100000|100%| E|CS|TAMS 0x000000008f000000, 0x000000008f000000| Complete 
| 241|0x000000008f100000, 0x000000008f200000, 0x000000008f200000|100%| E|CS|TAMS 0x000000008f100000, 0x000000008f100000| Complete 
| 242|0x000000008f200000, 0x000000008f300000, 0x000000008f300000|100%| E|CS|TAMS 0x000000008f200000, 0x000000008f200000| Complete 
| 243|0x000000008f300000, 0x000000008f400000, 0x000000008f400000|100%| E|CS|TAMS 0x000000008f300000, 0x000000008f300000| Complete 
| 244|0x000000008f400000, 0x000000008f500000, 0x000000008f500000|100%| E|CS|TAMS 0x000000008f400000, 0x000000008f400000| Complete 
| 245|0x000000008f500000, 0x000000008f600000, 0x000000008f600000|100%| E|CS|TAMS 0x000000008f500000, 0x000000008f500000| Complete 
| 246|0x000000008f600000, 0x000000008f700000, 0x000000008f700000|100%| E|CS|TAMS 0x000000008f600000, 0x000000008f600000| Complete 
| 247|0x000000008f700000, 0x000000008f800000, 0x000000008f800000|100%| E|CS|TAMS 0x000000008f700000, 0x000000008f700000| Complete 

Card table byte_map: [0x000001f62c350000,0x000001f62c750000] _byte_map_base: 0x000001f62bf50000

Marking Bits (Prev, Next): (CMBitMap*) 0x000001f6148bdff0, (CMBitMap*) 0x000001f6148be030
 Prev Bits: [0x000001f62cb50000, 0x000001f62eb50000)
 Next Bits: [0x000001f62eb50000, 0x000001f630b50000)

Polling page: 0x000001f6126c0000

Metaspace:

Usage:
  Non-class:     10.68 MB used.
      Class:      1.72 MB used.
       Both:     12.41 MB used.

Virtual space:
  Non-class space:       64.00 MB reserved,      10.81 MB ( 17%) committed,  1 nodes.
      Class space:      416.00 MB reserved,       1.81 MB ( <1%) committed,  1 nodes.
             Both:      480.00 MB reserved,      12.62 MB (  3%) committed. 

Chunk freelists:
   Non-Class:  4.86 MB
       Class:  14.12 MB
        Both:  18.98 MB

MaxMetaspaceSize: 512.00 MB
CompressedClassSpaceSize: 416.00 MB
Initial GC threshold: 21.00 MB
Current GC threshold: 21.00 MB
CDS: on
MetaspaceReclaimPolicy: balanced
 - commit_granule_bytes: 65536.
 - commit_granule_words: 8192.
 - virtual_space_node_default_size: 8388608.
 - enlarge_chunks_in_place: 1.
 - new_chunks_are_fully_committed: 0.
 - uncommit_free_chunks: 1.
 - use_allocation_guard: 0.
 - handle_deallocations: 1.


Internal statistics:

num_allocs_failed_limit: 0.
num_arena_births: 178.
num_arena_deaths: 0.
num_vsnodes_births: 2.
num_vsnodes_deaths: 0.
num_space_committed: 202.
num_space_uncommitted: 0.
num_chunks_returned_to_freelist: 0.
num_chunks_taken_from_freelist: 536.
num_chunk_merges: 0.
num_chunk_splits: 368.
num_chunks_enlarged: 287.
num_inconsistent_stats: 0.

CodeHeap 'non-profiled nmethods': size=119168Kb used=1104Kb max_used=1104Kb free=118063Kb
 bounds [0x000001f623f30000, 0x000001f6241a0000, 0x000001f62b390000]
CodeHeap 'profiled nmethods': size=119104Kb used=4683Kb max_used=4683Kb free=114420Kb
 bounds [0x000001f61c390000, 0x000001f61c830000, 0x000001f6237e0000]
CodeHeap 'non-nmethods': size=7488Kb used=2341Kb max_used=2917Kb free=5146Kb
 bounds [0x000001f6237e0000, 0x000001f623b40000, 0x000001f623f30000]
 total_blobs=2813 nmethods=2294 adapters=429
 compilation: enabled
              stopped_count=0, restarted_count=0
 full_count=0

Compilation events (20 events):
Event: 8.730 Thread 0x000001f64fcc1ca0 2289       3       java.lang.reflect.Executable::getGenericParameterTypes (20 bytes)
Event: 8.730 Thread 0x000001f633b1f5e0 nmethod 2286 0x000001f61c817990 code [0x000001f61c817b80, 0x000001f61c818068]
Event: 8.730 Thread 0x000001f633b1f5e0 2287       3       java.util.LinkedList::unlink (91 bytes)
Event: 8.730 Thread 0x000001f64fcc1ca0 nmethod 2289 0x000001f61c818290 code [0x000001f61c8184a0, 0x000001f61c818be8]
Event: 8.730 Thread 0x000001f64fcc1ca0 2290       3       org.gradle.internal.service.DefaultServiceMethodFactory::toServiceMethod (11 bytes)
Event: 8.730 Thread 0x000001f64f1b3e40 nmethod 2285 0x000001f61c818d90 code [0x000001f61c819040, 0x000001f61c819ce8]
Event: 8.730 Thread 0x000001f633b1f5e0 nmethod 2287 0x000001f61c81a210 code [0x000001f61c81a3c0, 0x000001f61c81a798]
Event: 8.730 Thread 0x000001f64f1b3e40 2291   !   3       org.gradle.internal.service.MethodHandleBasedServiceMethodFactory::toServiceMethod (51 bytes)
Event: 8.730 Thread 0x000001f633b1f5e0 2292       3       org.gradle.internal.service.AbstractServiceMethod::<init> (42 bytes)
Event: 8.731 Thread 0x000001f64fcc1ca0 nmethod 2290 0x000001f61c81a910 code [0x000001f61c81aac0, 0x000001f61c81ac88]
Event: 8.731 Thread 0x000001f64fcc1ca0 2288       1       java.util.LinkedList::size (5 bytes)
Event: 8.731 Thread 0x000001f64fcc1ca0 nmethod 2288 0x000001f624043790 code [0x000001f624043920, 0x000001f6240439f8]
Event: 8.731 Thread 0x000001f64fcc1ca0 2293       3       java.util.ArrayList::contains (14 bytes)
Event: 8.732 Thread 0x000001f64fcc1ca0 nmethod 2293 0x000001f61c81ad90 code [0x000001f61c81af40, 0x000001f61c81b168]
Event: 8.732 Thread 0x000001f64fcc1ca0 2294       3       java.util.ArrayList::indexOf (11 bytes)
Event: 8.732 Thread 0x000001f64fcc1ca0 nmethod 2294 0x000001f61c81b290 code [0x000001f61c81b420, 0x000001f61c81b568]
Event: 8.732 Thread 0x000001f64fcc1ca0 2295   !   3       org.gradle.internal.service.DefaultServiceRegistry$SingletonService::prepare (111 bytes)
Event: 8.732 Thread 0x000001f64f1b3e40 nmethod 2291 0x000001f61c81b610 code [0x000001f61c81b980, 0x000001f61c81d058]
Event: 8.732 Thread 0x000001f633b1f5e0 nmethod 2292 0x000001f61c81d790 code [0x000001f61c81dae0, 0x000001f61c81f648]
Event: 8.733 Thread 0x000001f64fcc1ca0 nmethod 2295 0x000001f61c81fe10 code [0x000001f61c8200c0, 0x000001f61c820ca8]

GC Heap History (6 events):
Event: 0.889 GC heap before
{Heap before GC invocations=0 (full 0):
 garbage-first heap   total 253952K, used 27648K [0x0000000080000000, 0x0000000100000000)
  region size 1024K, 23 young (23552K), 0 survivors (0K)
 Metaspace       used 2955K, committed 3136K, reserved 491520K
  class space    used 374K, committed 448K, reserved 425984K
}
Event: 1.901 GC heap after
{Heap after GC invocations=1 (full 0):
 garbage-first heap   total 253952K, used 10266K [0x0000000080000000, 0x0000000100000000)
  region size 1024K, 3 young (3072K), 3 survivors (3072K)
 Metaspace       used 2955K, committed 3136K, reserved 491520K
  class space    used 374K, committed 448K, reserved 425984K
}
Event: 3.241 GC heap before
{Heap before GC invocations=1 (full 0):
 garbage-first heap   total 253952K, used 19482K [0x0000000080000000, 0x0000000100000000)
  region size 1024K, 12 young (12288K), 3 survivors (3072K)
 Metaspace       used 3976K, committed 4160K, reserved 491520K
  class space    used 489K, committed 576K, reserved 425984K
}
Event: 3.245 GC heap after
{Heap after GC invocations=2 (full 0):
 garbage-first heap   total 253952K, used 10964K [0x0000000080000000, 0x0000000100000000)
  region size 1024K, 1 young (1024K), 1 survivors (1024K)
 Metaspace       used 3976K, committed 4160K, reserved 491520K
  class space    used 489K, committed 576K, reserved 425984K
}
Event: 5.395 GC heap before
{Heap before GC invocations=2 (full 0):
 garbage-first heap   total 253952K, used 37588K [0x0000000080000000, 0x0000000100000000)
  region size 1024K, 26 young (26624K), 1 survivors (1024K)
 Metaspace       used 4110K, committed 4288K, reserved 491520K
  class space    used 492K, committed 576K, reserved 425984K
}
Event: 5.399 GC heap after
{Heap after GC invocations=3 (full 0):
 garbage-first heap   total 253952K, used 15218K [0x0000000080000000, 0x0000000100000000)
  region size 1024K, 4 young (4096K), 4 survivors (4096K)
 Metaspace       used 4110K, committed 4288K, reserved 491520K
  class space    used 492K, committed 576K, reserved 425984K
}

Dll operation events (15 events):
Event: 0.012 Loaded shared library C:\Program Files\Amazon Corretto\jdk17.0.14_7\bin\java.dll
Event: 0.026 Loaded shared library C:\Program Files\Amazon Corretto\jdk17.0.14_7\bin\jsvml.dll
Event: 0.072 Loaded shared library C:\Program Files\Amazon Corretto\jdk17.0.14_7\bin\zip.dll
Event: 0.076 Loaded shared library C:\Program Files\Amazon Corretto\jdk17.0.14_7\bin\instrument.dll
Event: 0.080 Loaded shared library C:\Program Files\Amazon Corretto\jdk17.0.14_7\bin\net.dll
Event: 0.081 Loaded shared library C:\Program Files\Amazon Corretto\jdk17.0.14_7\bin\nio.dll
Event: 0.086 Loaded shared library C:\Program Files\Amazon Corretto\jdk17.0.14_7\bin\zip.dll
Event: 0.325 Loaded shared library C:\Program Files\Amazon Corretto\jdk17.0.14_7\bin\jimage.dll
Event: 0.437 Loaded shared library C:\Program Files\Amazon Corretto\jdk17.0.14_7\bin\verify.dll
Event: 0.716 Loaded shared library C:\Users\LENOVO\.gradle\native\68d5fa5c4cc2d200863cafc0d521ce42e7d3e7ee720ec0a83991735586a16f82\windows-amd64\native-platform.dll
Event: 0.742 Loaded shared library C:\Users\LENOVO\.gradle\native\e376f236ea51e6404a007f0833ffe2c6e607c4080706a723a18a27aeea778392\windows-amd64\native-platform-file-events.dll
Event: 5.783 Loaded shared library C:\Program Files\Amazon Corretto\jdk17.0.14_7\bin\management.dll
Event: 5.787 Loaded shared library C:\Program Files\Amazon Corretto\jdk17.0.14_7\bin\management_ext.dll
Event: 6.453 Loaded shared library C:\Program Files\Amazon Corretto\jdk17.0.14_7\bin\extnet.dll
Event: 6.952 Loaded shared library C:\Program Files\Amazon Corretto\jdk17.0.14_7\bin\sunmscapi.dll

Deoptimization events (20 events):
Event: 7.043 Thread 0x000001f64f5750a0 Uncommon trap: trap_request=0xffffff45 fr.pc=0x000001f623fb5534 relative=0x0000000000000974
Event: 7.043 Thread 0x000001f64f5750a0 Uncommon trap: reason=unstable_if action=reinterpret pc=0x000001f623fb5534 method=java.util.regex.Matcher.reset()Ljava/util/regex/Matcher; @ 47 c2
Event: 7.043 Thread 0x000001f64f5750a0 DEOPT PACKING pc=0x000001f623fb5534 sp=0x000000b02b0fde80
Event: 7.043 Thread 0x000001f64f5750a0 DEOPT UNPACKING pc=0x000001f6238369a3 sp=0x000000b02b0fddc8 mode 2
Event: 7.043 Thread 0x000001f64f5750a0 Uncommon trap: trap_request=0xffffff45 fr.pc=0x000001f623f51f00 relative=0x0000000000000420
Event: 7.043 Thread 0x000001f64f5750a0 Uncommon trap: reason=unstable_if action=reinterpret pc=0x000001f623f51f00 method=java.util.regex.Matcher.match(II)Z @ 76 c2
Event: 7.043 Thread 0x000001f64f5750a0 DEOPT PACKING pc=0x000001f623f51f00 sp=0x000000b02b0fde80
Event: 7.043 Thread 0x000001f64f5750a0 DEOPT UNPACKING pc=0x000001f6238369a3 sp=0x000000b02b0fde50 mode 2
Event: 7.071 Thread 0x000001f654b76ab0 Uncommon trap: trap_request=0xffffff6e fr.pc=0x000001f623fd89fc relative=0x000000000000045c
Event: 7.071 Thread 0x000001f654b76ab0 Uncommon trap: reason=loop_limit_check action=maybe_recompile pc=0x000001f623fd89fc method=java.lang.StringLatin1.indexOf([BI[BII)I @ 37 c2
Event: 7.072 Thread 0x000001f654b76ab0 DEOPT PACKING pc=0x000001f623fd89fc sp=0x000000b02b2fee10
Event: 7.072 Thread 0x000001f654b76ab0 DEOPT UNPACKING pc=0x000001f6238369a3 sp=0x000000b02b2fed98 mode 2
Event: 7.322 Thread 0x000001f654b76ab0 Uncommon trap: trap_request=0xffffff45 fr.pc=0x000001f623f74d38 relative=0x00000000000003f8
Event: 7.322 Thread 0x000001f654b76ab0 Uncommon trap: reason=unstable_if action=reinterpret pc=0x000001f623f74d38 method=java.util.HashMap.getNode(Ljava/lang/Object;)Ljava/util/HashMap$Node; @ 66 c2
Event: 7.322 Thread 0x000001f654b76ab0 DEOPT PACKING pc=0x000001f623f74d38 sp=0x000000b02b2fc270
Event: 7.322 Thread 0x000001f654b76ab0 DEOPT UNPACKING pc=0x000001f6238369a3 sp=0x000000b02b2fc1f0 mode 2
Event: 7.344 Thread 0x000001f654b76ab0 Uncommon trap: trap_request=0xffffff45 fr.pc=0x000001f623ffbf68 relative=0x0000000000000248
Event: 7.344 Thread 0x000001f654b76ab0 Uncommon trap: reason=unstable_if action=reinterpret pc=0x000001f623ffbf68 method=java.util.concurrent.ConcurrentHashMap.get(Ljava/lang/Object;)Ljava/lang/Object; @ 76 c2
Event: 7.344 Thread 0x000001f654b76ab0 DEOPT PACKING pc=0x000001f623ffbf68 sp=0x000000b02b2fb740
Event: 7.344 Thread 0x000001f654b76ab0 DEOPT UNPACKING pc=0x000001f6238369a3 sp=0x000000b02b2fb6a8 mode 2

Classes loaded (20 events):
Event: 7.343 Loading class jdk/internal/vm/annotation/IntrinsicCandidate
Event: 7.343 Loading class jdk/internal/vm/annotation/IntrinsicCandidate done
Event: 7.346 Loading class java/util/stream/MatchOps$MatchKind
Event: 7.347 Loading class java/util/stream/MatchOps$MatchKind done
Event: 7.347 Loading class java/util/stream/MatchOps
Event: 7.347 Loading class java/util/stream/MatchOps done
Event: 7.347 Loading class java/util/stream/MatchOps$MatchOp
Event: 7.348 Loading class java/util/stream/MatchOps$MatchOp done
Event: 7.348 Loading class java/util/stream/MatchOps$BooleanTerminalSink
Event: 7.348 Loading class java/util/stream/MatchOps$BooleanTerminalSink done
Event: 7.349 Loading class java/util/stream/MatchOps$1MatchSink
Event: 7.349 Loading class java/util/stream/MatchOps$1MatchSink done
Event: 7.482 Loading class java/lang/invoke/MethodHandle$1
Event: 7.483 Loading class java/lang/invoke/MethodHandle$1 done
Event: 7.490 Loading class java/util/ConcurrentModificationException
Event: 7.491 Loading class java/util/ConcurrentModificationException done
Event: 7.543 Loading class sun/reflect/generics/scope/ConstructorScope
Event: 7.543 Loading class sun/reflect/generics/scope/ConstructorScope done
Event: 7.543 Loading class sun/reflect/generics/tree/VoidDescriptor
Event: 7.543 Loading class sun/reflect/generics/tree/VoidDescriptor done

Classes unloaded (0 events):
No events

Classes redefined (0 events):
No events

Internal exceptions (20 events):
Event: 0.679 Thread 0x000001f61485b5d0 Exception <a 'java/lang/NoSuchMethodError'{0x000000008e4ca1f0}: 'java.lang.Object java.lang.invoke.Invokers$Holder.invokeExact_MT(java.lang.Object, java.lang.Object, java.lang.Object, java.lang.Object)'> (0x000000008e4ca1f0) 
thrown [s\src\hotspot\share\interpreter\linkResolver.cpp, line 759]
Event: 2.068 Thread 0x000001f61485b5d0 Exception <a 'java/lang/NoSuchMethodError'{0x000000008f283fd8}: 'void java.lang.invoke.DirectMethodHandle$Holder.invokeInterface(java.lang.Object, java.lang.Object, java.lang.Object)'> (0x000000008f283fd8) 
thrown [s\src\hotspot\share\interpreter\linkResolver.cpp, line 759]
Event: 5.779 Thread 0x000001f61485b5d0 Exception <a 'java/lang/NoSuchMethodError'{0x000000008ec8c800}: 'java.lang.Object java.lang.invoke.DirectMethodHandle$Holder.invokeStaticInit(java.lang.Object)'> (0x000000008ec8c800) 
thrown [s\src\hotspot\share\interpreter\linkResolver.cpp, line 759]
Event: 5.827 Thread 0x000001f61485b5d0 Exception <a 'java/lang/NoSuchMethodError'{0x000000008eb957b8}: 'java.lang.Object java.lang.invoke.DirectMethodHandle$Holder.invokeInterface(java.lang.Object, java.lang.Object)'> (0x000000008eb957b8) 
thrown [s\src\hotspot\share\interpreter\linkResolver.cpp, line 759]
Event: 6.071 Thread 0x000001f61485b5d0 Exception <a 'java/lang/NoSuchMethodError'{0x000000008e5cff50}: 'java.lang.Object java.lang.invoke.DirectMethodHandle$Holder.invokeStaticInit(java.lang.Object, int, int, int, int)'> (0x000000008e5cff50) 
thrown [s\src\hotspot\share\interpreter\linkResolver.cpp, line 759]
Event: 6.414 Thread 0x000001f61485b5d0 Exception <a 'java/lang/NoSuchMethodError'{0x000000008e4e3da0}: 'java.lang.Object java.lang.invoke.DirectMethodHandle$Holder.invokeStaticInit(java.lang.Object, java.lang.Object, int, int, int, int)'> (0x000000008e4e3da0) 
thrown [s\src\hotspot\share\interpreter\linkResolver.cpp, line 759]
Event: 6.871 Thread 0x000001f61485b5d0 Exception <a 'java/lang/NoSuchMethodError'{0x000000008e1dd5c8}: 'void java.lang.invoke.DirectMethodHandle$Holder.invokeStatic(java.lang.Object, java.lang.Object, java.lang.Object)'> (0x000000008e1dd5c8) 
thrown [s\src\hotspot\share\interpreter\linkResolver.cpp, line 759]
Event: 6.911 Thread 0x000001f61485b5d0 Exception <a 'java/io/IOException'{0x000000008e0a5560}> (0x000000008e0a5560) 
thrown [s\src\hotspot\share\prims\jni.cpp, line 516]
Event: 7.152 Thread 0x000001f654b76ab0 Exception <a 'java/lang/NoSuchMethodError'{0x000000008d31d9a8}: 'long java.lang.invoke.DirectMethodHandle$Holder.invokeInterface(java.lang.Object, java.lang.Object)'> (0x000000008d31d9a8) 
thrown [s\src\hotspot\share\interpreter\linkResolver.cpp, line 759]
Event: 7.162 Thread 0x000001f654b76ab0 Exception <a 'java/lang/NoSuchMethodError'{0x000000008d355680}: 'java.lang.Object java.lang.invoke.DirectMethodHandle$Holder.invokeVirtual(java.lang.Object, java.lang.Object, java.lang.Object)'> (0x000000008d355680) 
thrown [s\src\hotspot\share\interpreter\linkResolver.cpp, line 759]
Event: 7.281 Thread 0x000001f654b76ab0 Exception <a 'java/lang/NoSuchMethodError'{0x000000008d0fee88}: 'void java.lang.invoke.DirectMethodHandle$Holder.invokeStatic(java.lang.Object, java.lang.Object)'> (0x000000008d0fee88) 
thrown [s\src\hotspot\share\interpreter\linkResolver.cpp, line 759]
Event: 7.335 Thread 0x000001f654b76ab0 Exception <a 'java/lang/NoSuchMethodError'{0x000000008cea8de0}: 'java.lang.Object java.lang.invoke.DirectMethodHandle$Holder.newInvokeSpecial(java.lang.Object, java.lang.Object, java.lang.Object, java.lang.Object, java.lang.Object)'> (0x000000008cea8de0) 
thrown [s\src\hotspot\share\interpreter\linkResolver.cpp, line 759]
Event: 7.401 Thread 0x000001f654b76ab0 Exception <a 'java/lang/NoSuchMethodError'{0x000000008cccfca8}: 'void java.lang.invoke.DirectMethodHandle$Holder.invokeSpecial(java.lang.Object, java.lang.Object, java.lang.Object)'> (0x000000008cccfca8) 
thrown [s\src\hotspot\share\interpreter\linkResolver.cpp, line 759]
Event: 7.442 Thread 0x000001f654b76ab0 Exception <a 'java/lang/NoSuchMethodError'{0x000000008cb7bde0}: 'java.lang.Object java.lang.invoke.DirectMethodHandle$Holder.newInvokeSpecial(java.lang.Object, java.lang.Object, java.lang.Object, java.lang.Object, java.lang.Object, java.lang.Object)'> (0x000000008cb7bde0) 
thrown [s\src\hotspot\share\interpreter\linkResolver.cpp, line 759]
Event: 7.446 Thread 0x000001f654b76ab0 Exception <a 'java/lang/NoSuchMethodError'{0x000000008cb93cd8}: 'void java.lang.invoke.DirectMethodHandle$Holder.invokeSpecial(java.lang.Object, java.lang.Object, java.lang.Object, java.lang.Object, java.lang.Object)'> (0x000000008cb93cd8) 
thrown [s\src\hotspot\share\interpreter\linkResolver.cpp, line 759]
Event: 7.450 Thread 0x000001f654b76ab0 Exception <a 'java/lang/NoSuchMethodError'{0x000000008cba7af8}: 'void java.lang.invoke.DirectMethodHandle$Holder.invokeStaticInit(java.lang.Object, java.lang.Object)'> (0x000000008cba7af8) 
thrown [s\src\hotspot\share\interpreter\linkResolver.cpp, line 759]
Event: 7.602 Thread 0x000001f654b76ab0 Exception <a 'java/lang/NoSuchMethodError'{0x000000008c86fcc8}: 'void java.lang.invoke.DelegatingMethodHandle$Holder.reinvoke_L(java.lang.Object, java.lang.Object, java.lang.Object, java.lang.Object, java.lang.Object, java.lang.Object, java.lang.Object, java.lang.Object, java.lang.Object, java.lang.Object)'> (0x000000008c86fcc8) 
thrown [s\src\hotspot\share\interpreter\linkResolver.cpp, line 759]
Event: 7.603 Thread 0x000001f654b76ab0 Exception <a 'java/lang/NoSuchMethodError'{0x000000008c878138}: 'java.lang.Object java.lang.invoke.DirectMethodHandle$Holder.invokeSpecial(java.lang.Object, java.lang.Object, java.lang.Object, java.lang.Object, java.lang.Object, java.lang.Object, java.lang.Object, java.lang.Object, java.lang.Object, java.lang.Object)'> (0x000000008c878138) 
thrown [s\src\hotspot\share\interpreter\linkResolver.cpp, line 759]
Event: 7.604 Thread 0x000001f654b76ab0 Exception <a 'java/lang/NoSuchMethodError'{0x000000008c87ca08}: 'java.lang.Object java.lang.invoke.Invokers$Holder.invoker(java.lang.Object, java.lang.Object, java.lang.Object, java.lang.Object, java.lang.Object, java.lang.Object, java.lang.Object, java.lang.Object, java.lang.Object, java.lang.Object)'> (0x000000008c87ca08) 
thrown [s\src\hotspot\share\interpreter\linkResolver.cpp, line 759]
Event: 7.605 Thread 0x000001f654b76ab0 Exception <a 'java/lang/NoSuchMethodError'{0x000000008c882800}: 'java.lang.Object java.lang.invoke.DirectMethodHandle$Holder.invokeSpecial(java.lang.Object, java.lang.Object, java.lang.Object, java.lang.Object, java.lang.Object, java.lang.Object, java.lang.Object, java.lang.Object, java.lang.Object, java.lang.Object, java.lang.Object)'> (0x000000008c882800) 
thrown [s\src\hotspot\share\interpreter\linkResolver.cpp, line 759]

VM Operations (20 events):
Event: 5.714 Executing VM operation: HandshakeAllThreads
Event: 5.714 Executing VM operation: HandshakeAllThreads done
Event: 5.759 Executing VM operation: HandshakeAllThreads
Event: 5.759 Executing VM operation: HandshakeAllThreads done
Event: 5.820 Executing VM operation: HandshakeAllThreads
Event: 5.820 Executing VM operation: HandshakeAllThreads done
Event: 5.938 Executing VM operation: HandshakeAllThreads
Event: 5.938 Executing VM operation: HandshakeAllThreads done
Event: 6.037 Executing VM operation: HandshakeAllThreads
Event: 6.037 Executing VM operation: HandshakeAllThreads done
Event: 6.261 Executing VM operation: HandshakeAllThreads
Event: 6.261 Executing VM operation: HandshakeAllThreads done
Event: 6.867 Executing VM operation: HandshakeAllThreads
Event: 6.867 Executing VM operation: HandshakeAllThreads done
Event: 6.867 Executing VM operation: Cleanup
Event: 6.867 Executing VM operation: Cleanup done
Event: 6.970 Executing VM operation: HandshakeAllThreads
Event: 6.970 Executing VM operation: HandshakeAllThreads done
Event: 7.983 Executing VM operation: Cleanup
Event: 7.983 Executing VM operation: Cleanup done

Memory protections (0 events):
No events

Nmethod flushes (0 events):
No events

Events (20 events):
Event: 3.230 Thread 0x000001f64f20b650 Thread exited: 0x000001f64f20b650
Event: 3.418 Thread 0x000001f64f1b3e40 Thread added: 0x000001f64fcc51c0
Event: 4.927 Thread 0x000001f64fcc51c0 Thread exited: 0x000001f64fcc51c0
Event: 4.935 Thread 0x000001f633b1f5e0 Thread added: 0x000001f64fcc4c70
Event: 5.051 Thread 0x000001f64fcc4c70 Thread exited: 0x000001f64fcc4c70
Event: 5.578 Thread 0x000001f64f1b3e40 Thread added: 0x000001f64fcc31e0
Event: 5.733 Thread 0x000001f64f1b3e40 Thread added: 0x000001f64fcc1ca0
Event: 5.853 Thread 0x000001f61485b5d0 Thread added: 0x000001f6546762e0
Event: 6.262 Thread 0x000001f64fcc31e0 Thread exited: 0x000001f64fcc31e0
Event: 6.651 Thread 0x000001f633b1f5e0 Thread added: 0x000001f64fcc51c0
Event: 6.807 Thread 0x000001f61485b5d0 Thread added: 0x000001f64f2c1050
Event: 6.922 Thread 0x000001f61485b5d0 Thread added: 0x000001f655182a80
Event: 7.007 Thread 0x000001f64f2c1050 Thread added: 0x000001f64f86cf90
Event: 7.011 Thread 0x000001f64f86cf90 Thread added: 0x000001f64f5750a0
Event: 7.057 Thread 0x000001f64f86cf90 Thread added: 0x000001f654b79840
Event: 7.068 Thread 0x000001f64f86cf90 Thread added: 0x000001f654b76ab0
Event: 7.086 Thread 0x000001f654b76ab0 Thread added: 0x000001f654b78910
Event: 7.092 Thread 0x000001f654b76ab0 Thread added: 0x000001f654b78e20
Event: 7.098 Thread 0x000001f654b76ab0 Thread added: 0x000001f654b77ef0
Event: 8.332 Thread 0x000001f64fcc51c0 Thread exited: 0x000001f64fcc51c0


Dynamic libraries:
0x00007ff6b7120000 - 0x00007ff6b712e000 	C:\Program Files\Amazon Corretto\jdk17.0.14_7\bin\java.exe
0x00007ffe3b720000 - 0x00007ffe3b980000 	C:\WINDOWS\SYSTEM32\ntdll.dll
0x00007ffe3b340000 - 0x00007ffe3b407000 	C:\WINDOWS\System32\KERNEL32.DLL
0x00007ffe390b0000 - 0x00007ffe3947a000 	C:\WINDOWS\System32\KERNELBASE.dll
0x00007ffe38af0000 - 0x00007ffe38c3b000 	C:\WINDOWS\System32\ucrtbase.dll
0x00007ffe1b2a0000 - 0x00007ffe1b2b7000 	C:\Program Files\Amazon Corretto\jdk17.0.14_7\bin\jli.dll
0x00007ffe13f80000 - 0x00007ffe13f9b000 	C:\Program Files\Amazon Corretto\jdk17.0.14_7\bin\VCRUNTIME140.dll
0x00007ffe39520000 - 0x00007ffe396ec000 	C:\WINDOWS\System32\USER32.dll
0x00007ffe38ff0000 - 0x00007ffe39017000 	C:\WINDOWS\System32\win32u.dll
0x00007ffe2b2e0000 - 0x00007ffe2b577000 	C:\WINDOWS\WinSxS\amd64_microsoft.windows.common-controls_6595b64144ccf1df_6.0.26100.3624_none_3e086962e3345f24\COMCTL32.dll
0x00007ffe3b6b0000 - 0x00007ffe3b6da000 	C:\WINDOWS\System32\GDI32.dll
0x00007ffe39980000 - 0x00007ffe39a29000 	C:\WINDOWS\System32\msvcrt.dll
0x00007ffe389b0000 - 0x00007ffe38ae1000 	C:\WINDOWS\System32\gdi32full.dll
0x00007ffe38900000 - 0x00007ffe389a3000 	C:\WINDOWS\System32\msvcp_win.dll
0x00007ffe3b490000 - 0x00007ffe3b4bf000 	C:\WINDOWS\System32\IMM32.DLL
0x00007ffe1f3b0000 - 0x00007ffe1f3bc000 	C:\Program Files\Amazon Corretto\jdk17.0.14_7\bin\vcruntime140_1.dll
0x00007ffe08b10000 - 0x00007ffe08b9d000 	C:\Program Files\Amazon Corretto\jdk17.0.14_7\bin\msvcp140.dll
0x00007ffd93490000 - 0x00007ffd940fc000 	C:\Program Files\Amazon Corretto\jdk17.0.14_7\bin\server\jvm.dll
0x00007ffe39760000 - 0x00007ffe39812000 	C:\WINDOWS\System32\ADVAPI32.dll
0x00007ffe39a40000 - 0x00007ffe39ae6000 	C:\WINDOWS\System32\sechost.dll
0x00007ffe3b0e0000 - 0x00007ffe3b1f6000 	C:\WINDOWS\System32\RPCRT4.dll
0x00007ffe3b410000 - 0x00007ffe3b484000 	C:\WINDOWS\System32\WS2_32.dll
0x00007ffe37540000 - 0x00007ffe3759e000 	C:\WINDOWS\SYSTEM32\POWRPROF.dll
0x00007ffe35640000 - 0x00007ffe35676000 	C:\WINDOWS\SYSTEM32\WINMM.dll
0x00007ffe1c860000 - 0x00007ffe1c86b000 	C:\WINDOWS\SYSTEM32\VERSION.dll
0x00007ffe37520000 - 0x00007ffe37534000 	C:\WINDOWS\SYSTEM32\UMPDC.dll
0x00007ffe37830000 - 0x00007ffe3784a000 	C:\WINDOWS\SYSTEM32\kernel.appcore.dll
0x00007ffe1b250000 - 0x00007ffe1b25a000 	C:\Program Files\Amazon Corretto\jdk17.0.14_7\bin\jimage.dll
0x00007ffe35ff0000 - 0x00007ffe36231000 	C:\WINDOWS\SYSTEM32\DBGHELP.DLL
0x00007ffe3a0f0000 - 0x00007ffe3a472000 	C:\WINDOWS\System32\combase.dll
0x00007ffe3b260000 - 0x00007ffe3b336000 	C:\WINDOWS\System32\OLEAUT32.dll
0x00007ffde5f40000 - 0x00007ffde5f79000 	C:\WINDOWS\SYSTEM32\dbgcore.DLL
0x00007ffe39480000 - 0x00007ffe39519000 	C:\WINDOWS\System32\bcryptPrimitives.dll
0x00007ffe140c0000 - 0x00007ffe140ce000 	C:\Program Files\Amazon Corretto\jdk17.0.14_7\bin\instrument.dll
0x00007ffe13ed0000 - 0x00007ffe13ef5000 	C:\Program Files\Amazon Corretto\jdk17.0.14_7\bin\java.dll
0x00007ffe07800000 - 0x00007ffe078d7000 	C:\Program Files\Amazon Corretto\jdk17.0.14_7\bin\jsvml.dll
0x00007ffe3a8c0000 - 0x00007ffe3afe9000 	C:\WINDOWS\System32\SHELL32.dll
0x00007ffe38d00000 - 0x00007ffe38e68000 	C:\WINDOWS\System32\wintypes.dll
0x00007ffe36590000 - 0x00007ffe36de2000 	C:\WINDOWS\SYSTEM32\windows.storage.dll
0x00007ffe3aff0000 - 0x00007ffe3b0dd000 	C:\WINDOWS\System32\SHCORE.dll
0x00007ffe396f0000 - 0x00007ffe39754000 	C:\WINDOWS\System32\shlwapi.dll
0x00007ffe38810000 - 0x00007ffe3883f000 	C:\WINDOWS\SYSTEM32\profapi.dll
0x00007ffe106f0000 - 0x00007ffe10708000 	C:\Program Files\Amazon Corretto\jdk17.0.14_7\bin\zip.dll
0x00007ffe11940000 - 0x00007ffe11959000 	C:\Program Files\Amazon Corretto\jdk17.0.14_7\bin\net.dll
0x00007ffe31660000 - 0x00007ffe3177d000 	C:\WINDOWS\SYSTEM32\WINHTTP.dll
0x00007ffe37d50000 - 0x00007ffe37dba000 	C:\WINDOWS\system32\mswsock.dll
0x00007ffe11920000 - 0x00007ffe11936000 	C:\Program Files\Amazon Corretto\jdk17.0.14_7\bin\nio.dll
0x00007ffe19460000 - 0x00007ffe19470000 	C:\Program Files\Amazon Corretto\jdk17.0.14_7\bin\verify.dll
0x00007ffe0c950000 - 0x00007ffe0c977000 	C:\Users\LENOVO\.gradle\native\68d5fa5c4cc2d200863cafc0d521ce42e7d3e7ee720ec0a83991735586a16f82\windows-amd64\native-platform.dll
0x00007ffdbb030000 - 0x00007ffdbb174000 	C:\Users\LENOVO\.gradle\native\e376f236ea51e6404a007f0833ffe2c6e607c4080706a723a18a27aeea778392\windows-amd64\native-platform-file-events.dll
0x00007ffe193c0000 - 0x00007ffe193c9000 	C:\Program Files\Amazon Corretto\jdk17.0.14_7\bin\management.dll
0x00007ffe192e0000 - 0x00007ffe192eb000 	C:\Program Files\Amazon Corretto\jdk17.0.14_7\bin\management_ext.dll
0x00007ffe3b6a0000 - 0x00007ffe3b6a8000 	C:\WINDOWS\System32\PSAPI.DLL
0x00007ffe37ff0000 - 0x00007ffe3800c000 	C:\WINDOWS\SYSTEM32\CRYPTSP.dll
0x00007ffe37790000 - 0x00007ffe377ca000 	C:\WINDOWS\system32\rsaenh.dll
0x00007ffe37df0000 - 0x00007ffe37e1b000 	C:\WINDOWS\SYSTEM32\USERENV.dll
0x00007ffe387e0000 - 0x00007ffe38806000 	C:\WINDOWS\SYSTEM32\bcrypt.dll
0x00007ffe38010000 - 0x00007ffe3801c000 	C:\WINDOWS\SYSTEM32\CRYPTBASE.dll
0x00007ffe37180000 - 0x00007ffe371b3000 	C:\WINDOWS\SYSTEM32\IPHLPAPI.DLL
0x00007ffe39a30000 - 0x00007ffe39a3a000 	C:\WINDOWS\System32\NSI.dll
0x00007ffe31d70000 - 0x00007ffe31d8f000 	C:\WINDOWS\SYSTEM32\dhcpcsvc6.DLL
0x00007ffe31780000 - 0x00007ffe317a5000 	C:\WINDOWS\SYSTEM32\dhcpcsvc.DLL
0x00007ffe371c0000 - 0x00007ffe372e5000 	C:\WINDOWS\SYSTEM32\DNSAPI.dll
0x00007ffe14d70000 - 0x00007ffe14d79000 	C:\Program Files\Amazon Corretto\jdk17.0.14_7\bin\extnet.dll
0x00007ffe13f70000 - 0x00007ffe13f7e000 	C:\Program Files\Amazon Corretto\jdk17.0.14_7\bin\sunmscapi.dll
0x00007ffe38e70000 - 0x00007ffe38fe7000 	C:\WINDOWS\System32\CRYPT32.dll
0x00007ffe381f0000 - 0x00007ffe38220000 	C:\WINDOWS\SYSTEM32\ncrypt.dll
0x00007ffe381a0000 - 0x00007ffe381df000 	C:\WINDOWS\SYSTEM32\NTASN1.dll
0x00007ffe0c900000 - 0x00007ffe0c908000 	C:\WINDOWS\system32\wshunix.dll

dbghelp: loaded successfully - version: 4.0.5 - missing functions: none
symbol engine: initialized successfully - sym options: 0x614 - pdb path: .;C:\Program Files\Amazon Corretto\jdk17.0.14_7\bin;C:\WINDOWS\SYSTEM32;C:\WINDOWS\WinSxS\amd64_microsoft.windows.common-controls_6595b64144ccf1df_6.0.26100.3624_none_3e086962e3345f24;C:\Program Files\Amazon Corretto\jdk17.0.14_7\bin\server;C:\Users\LENOVO\.gradle\native\68d5fa5c4cc2d200863cafc0d521ce42e7d3e7ee720ec0a83991735586a16f82\windows-amd64;C:\Users\LENOVO\.gradle\native\e376f236ea51e6404a007f0833ffe2c6e607c4080706a723a18a27aeea778392\windows-amd64

VM Arguments:
jvm_args: -XX:MaxMetaspaceSize=512m --add-opens=java.base/java.util=ALL-UNNAMED --add-opens=java.base/java.lang=ALL-UNNAMED --add-opens=java.base/java.lang.invoke=ALL-UNNAMED --add-opens=java.prefs/java.util.prefs=ALL-UNNAMED --add-opens=java.base/java.nio.charset=ALL-UNNAMED --add-opens=java.base/java.net=ALL-UNNAMED --add-opens=java.base/java.util.concurrent.atomic=ALL-UNNAMED -Xmx2048m -Dfile.encoding=windows-1252 -Duser.country=ID -Duser.language=en -Duser.variant -javaagent:C:\Users\LENOVO\.gradle\wrapper\dists\gradle-8.3-all\6en3ugtfdg5xnpx44z4qbwgas\gradle-8.3\lib\agents\gradle-instrumentation-agent-8.3.jar 
java_command: org.gradle.launcher.daemon.bootstrap.GradleDaemon 8.3
java_class_path (initial): C:\Users\LENOVO\.gradle\wrapper\dists\gradle-8.3-all\6en3ugtfdg5xnpx44z4qbwgas\gradle-8.3\lib\gradle-launcher-8.3.jar
Launcher Type: SUN_STANDARD

[Global flags]
     intx CICompilerCount                          = 12                                        {product} {ergonomic}
   size_t CompressedClassSpaceSize                 = 436207616                                 {product} {ergonomic}
     uint ConcGCThreads                            = 4                                         {product} {ergonomic}
     uint G1ConcRefinementThreads                  = 16                                        {product} {ergonomic}
   size_t G1HeapRegionSize                         = 1048576                                   {product} {ergonomic}
    uintx GCDrainStackTargetSize                   = 64                                        {product} {ergonomic}
   size_t InitialHeapSize                          = 260046848                                 {product} {ergonomic}
   size_t MarkStackSize                            = 4194304                                   {product} {ergonomic}
   size_t MaxHeapSize                              = 2147483648                                {product} {command line}
   size_t MaxMetaspaceSize                         = 536870912                                 {product} {command line}
   size_t MaxNewSize                               = 1287651328                                {product} {ergonomic}
   size_t MinHeapDeltaBytes                        = 1048576                                   {product} {ergonomic}
   size_t MinHeapSize                              = 8388608                                   {product} {ergonomic}
    uintx NonNMethodCodeHeapSize                   = 7602480                                {pd product} {ergonomic}
    uintx NonProfiledCodeHeapSize                  = 122027880                              {pd product} {ergonomic}
    uintx ProfiledCodeHeapSize                     = 122027880                              {pd product} {ergonomic}
    uintx ReservedCodeCacheSize                    = 251658240                              {pd product} {ergonomic}
     bool SegmentedCodeCache                       = true                                      {product} {ergonomic}
   size_t SoftMaxHeapSize                          = 2147483648                             {manageable} {ergonomic}
     bool UseCompressedClassPointers               = true                           {product lp64_product} {ergonomic}
     bool UseCompressedOops                        = true                           {product lp64_product} {ergonomic}
     bool UseG1GC                                  = true                                      {product} {ergonomic}
     bool UseLargePagesIndividualAllocation        = false                                  {pd product} {ergonomic}

Logging:
Log output configuration:
 #0: stdout all=warning uptime,level,tags
 #1: stderr all=off uptime,level,tags

Environment Variables:
JAVA_HOME=C:\Program Files\Amazon Corretto\jdk17.0.14_7
CLASSPATH=C:\Users\LENOVO\delonMAD\android\\gradle\wrapper\gradle-wrapper.jar
PATH=C:\Users\LENOVO\delonMAD\node_modules\.bin;C:\Users\LENOVO\node_modules\.bin;C:\Users\node_modules\.bin;C:\node_modules\.bin;C:\Program Files\nodejs\node_modules\npm\node_modules\@npmcli\run-script\lib\node-gyp-bin;C:\Program Files\Amazon Corretto\jdk17.0.14_7\bin;C:\WINDOWS\system32;C:\WINDOWS;C:\WINDOWS\System32\Wbem;C:\WINDOWS\System32\WindowsPowerShell\v1.0\;C:\WINDOWS\System32\OpenSSH\;C:\Program Files\Git\cmd;C:\Program Files\nodejs\;C:\Program Files (x86)\Microsoft SQL Server\160\Tools\Binn\;C:\Program Files\Microsoft SQL Server\160\Tools\Binn\;C:\Program Files\Microsoft SQL Server\Client SDK\ODBC\170\Tools\Binn\;C:\Program Files\Microsoft SQL Server\160\DTS\Binn\;C:\Users\LENOVO\AppData\Local\Microsoft\WindowsApps;C:\Users\LENOVO\AppData\Local\Programs\Microsoft VS Code\bin;C:\Users\LENOVO\AppData\Roaming\npm;Platform-tools;
USERNAME=LENOVO
OS=Windows_NT
PROCESSOR_IDENTIFIER=Intel64 Family 6 Model 170 Stepping 4, GenuineIntel
TMP=C:\Users\LENOVO\AppData\Local\Temp
TEMP=C:\Users\LENOVO\AppData\Local\Temp



Periodic native trim disabled


---------------  S Y S T E M  ---------------

OS:
 Windows 11 , 64 bit Build 26100 (10.0.26100.3775)
OS uptime: 0 days 0:48 hours
Hyper-V role detected

CPU: total 22 (initial active 22) (11 cores per cpu, 2 threads per core) family 6 model 170 stepping 4 microcode 0x1e, cx8, cmov, fxsr, ht, mmx, 3dnowpref, sse, sse2, sse3, ssse3, sse4.1, sse4.2, popcnt, lzcnt, tsc, tscinvbit, avx, avx2, aes, erms, clmul, bmi1, bmi2, adx, sha, fma, vzeroupper, clflush, clflushopt, clwb, hv
Processor Information for processor 0
  Max Mhz: 1400, Current Mhz: 1400, Mhz Limit: 1400
Processor Information for processor 1
  Max Mhz: 1400, Current Mhz: 1400, Mhz Limit: 1400
Processor Information for processor 2
  Max Mhz: 900, Current Mhz: 900, Mhz Limit: 900
Processor Information for processor 3
  Max Mhz: 900, Current Mhz: 900, Mhz Limit: 900
Processor Information for processor 4
  Max Mhz: 900, Current Mhz: 900, Mhz Limit: 900
Processor Information for processor 5
  Max Mhz: 900, Current Mhz: 900, Mhz Limit: 900
Processor Information for processor 6
  Max Mhz: 900, Current Mhz: 900, Mhz Limit: 900
Processor Information for processor 7
  Max Mhz: 900, Current Mhz: 900, Mhz Limit: 900
Processor Information for processor 8
  Max Mhz: 900, Current Mhz: 900, Mhz Limit: 900
Processor Information for processor 9
  Max Mhz: 900, Current Mhz: 900, Mhz Limit: 900
Processor Information for processor 10
  Max Mhz: 1400, Current Mhz: 1400, Mhz Limit: 1400
Processor Information for processor 11
  Max Mhz: 1400, Current Mhz: 1400, Mhz Limit: 1400
Processor Information for processor 12
  Max Mhz: 1400, Current Mhz: 1400, Mhz Limit: 1400
Processor Information for processor 13
  Max Mhz: 1400, Current Mhz: 1400, Mhz Limit: 1400
Processor Information for processor 14
  Max Mhz: 1400, Current Mhz: 1400, Mhz Limit: 1400
Processor Information for processor 15
  Max Mhz: 1400, Current Mhz: 1400, Mhz Limit: 1400
Processor Information for processor 16
  Max Mhz: 1400, Current Mhz: 1400, Mhz Limit: 1400
Processor Information for processor 17
  Max Mhz: 1400, Current Mhz: 1400, Mhz Limit: 1400
Processor Information for processor 18
  Max Mhz: 1400, Current Mhz: 1400, Mhz Limit: 1400
Processor Information for processor 19
  Max Mhz: 1400, Current Mhz: 1400, Mhz Limit: 1400
Processor Information for processor 20
  Max Mhz: 700, Current Mhz: 700, Mhz Limit: 700
Processor Information for processor 21
  Max Mhz: 700, Current Mhz: 700, Mhz Limit: 700

Memory: 4k page, system-wide physical 15805M (1581M free)
TotalPageFile size 15805M (AvailPageFile size 4M)
current process WorkingSet (physical memory assigned to process): 156M, peak: 156M
current process commit charge ("private bytes"): 409M, peak: 411M

vm_info: OpenJDK 64-Bit Server VM (17.0.14+7-LTS) for windows-amd64 JRE (17.0.14+7-LTS), built on Jan  7 2025 20:14:24 by "Administrator" with MS VC++ 16.10 / 16.11 (VS2019)

END.
